C:/Projects/STM32/Mini-Console-3-Firmware/Libs/FATFS/ff.c:981:13:inc_share	16	static
C:/Projects/STM32/Mini-Console-3-Firmware/Libs/FATFS/ff.c:1108:16:sync_fs	16	static
C:/Projects/STM32/Mini-Console-3-Firmware/Libs/FATFS/ff.c:2181:13:init_alloc_info.isra	4	static
C:/Projects/STM32/Mini-Console-3-Firmware/Libs/FATFS/ff.c:2617:13:get_fileinfo	32	static
C:/Projects/STM32/Mini-Console-3-Firmware/Libs/FATFS/ff.c:1077:16:move_window	24	static
C:/Projects/STM32/Mini-Console-3-Firmware/Libs/FATFS/ff.c:1239:16:put_fat.part.0	32	static
C:/Projects/STM32/Mini-Console-3-Firmware/Libs/FATFS/ff.c:1161:14:get_fat	24	static
C:/Projects/STM32/Mini-Console-3-Firmware/Libs/FATFS/ff.c:1745:16:dir_next.constprop	24	static
C:/Projects/STM32/Mini-Console-3-Firmware/Libs/FATFS/ff.c:1658:16:dir_clear	24	static
C:/Projects/STM32/Mini-Console-3-Firmware/Libs/FATFS/ff.c:3291:13:check_fs	16	static
C:/Projects/STM32/Mini-Console-3-Firmware/Libs/FATFS/ff.c:3385:16:mount_volume	32	static
C:/Projects/STM32/Mini-Console-3-Firmware/Libs/FATFS/ff.c:2130:16:load_xdir	32	static
C:/Projects/STM32/Mini-Console-3-Firmware/Libs/FATFS/ff.c:2306:16:dir_read	48	static
C:/Projects/STM32/Mini-Console-3-Firmware/Libs/FATFS/ff.c:1697:16:dir_sdi	40	static
C:/Projects/STM32/Mini-Console-3-Firmware/Libs/FATFS/ff.c:2571:16:dir_remove	48	static
C:/Projects/STM32/Mini-Console-3-Firmware/Libs/FATFS/ff.c:2384:16:dir_find	56	static
C:/Projects/STM32/Mini-Console-3-Firmware/Libs/FATFS/ff.c:3051:16:follow_path	56	static
C:/Projects/STM32/Mini-Console-3-Firmware/Libs/FATFS/ff.c:2228:16:store_xdir	48	static
C:/Projects/STM32/Mini-Console-3-Firmware/Libs/FATFS/ff.c:1524:14:create_chain	40	static
C:/Projects/STM32/Mini-Console-3-Firmware/Libs/FATFS/ff.c:1806:16:dir_alloc	48	static
C:/Projects/STM32/Mini-Console-3-Firmware/Libs/FATFS/ff.c:2465:16:dir_register	136	static
C:/Projects/STM32/Mini-Console-3-Firmware/Libs/FATFS/ff.c:1429:16:remove_chain	48	static
C:/Projects/STM32/Mini-Console-3-Firmware/Libs/FATFS/ff.c:3657:9:f_mount	24	static
C:/Projects/STM32/Mini-Console-3-Firmware/Libs/FATFS/ff.c:3717:9:f_open	144	static
C:/Projects/STM32/Mini-Console-3-Firmware/Libs/FATFS/ff.c:3914:9:f_read	56	static
C:/Projects/STM32/Mini-Console-3-Firmware/Libs/FATFS/ff.c:4014:9:f_write	56	static
C:/Projects/STM32/Mini-Console-3-Firmware/Libs/FATFS/ff.c:4135:9:f_sync	112	static
C:/Projects/STM32/Mini-Console-3-Firmware/Libs/FATFS/ff.c:4216:9:f_close	8	static
C:/Projects/STM32/Mini-Console-3-Firmware/Libs/FATFS/ff.c:4433:9:f_lseek	56	static
C:/Projects/STM32/Mini-Console-3-Firmware/Libs/FATFS/ff.c:4597:9:f_opendir	32	static
C:/Projects/STM32/Mini-Console-3-Firmware/Libs/FATFS/ff.c:4663:9:f_closedir	8	static
C:/Projects/STM32/Mini-Console-3-Firmware/Libs/FATFS/ff.c:4693:9:f_readdir	16	static
C:/Projects/STM32/Mini-Console-3-Firmware/Libs/FATFS/ff.c:4781:9:f_stat	104	static
C:/Projects/STM32/Mini-Console-3-Firmware/Libs/FATFS/ff.c:4816:9:f_getfree	96	static
C:/Projects/STM32/Mini-Console-3-Firmware/Libs/FATFS/ff.c:4912:9:f_truncate	16	static
C:/Projects/STM32/Mini-Console-3-Firmware/Libs/FATFS/ff.c:4962:9:f_unlink	240	static
C:/Projects/STM32/Mini-Console-3-Firmware/Libs/FATFS/ff.c:5056:9:f_mkdir	168	static
C:/Projects/STM32/Mini-Console-3-Firmware/Libs/FATFS/ff.c:5140:9:f_rename	272	static
C:/Projects/STM32/Mini-Console-3-Firmware/Libs/FATFS/ff.c:5344:9:f_getlabel	136	static
C:/Projects/STM32/Mini-Console-3-Firmware/Libs/FATFS/ff.c:5445:9:f_setlabel	152	static
C:/Projects/STM32/Mini-Console-3-Firmware/Libs/FATFS/ff.c:5882:9:f_mkfs	160	static
