C:/Projects/STM32/Mini-Console-3-Firmware/Libs/BSP/STM32H7/BSP_STM32_SDMMC.c:75:16:_SD_IdentifyCard	32	static
C:/Projects/STM32/Mini-Console-3-Firmware/Libs/BSP/STM32H7/BSP_STM32_SDMMC.c:129:16:_SD_GetCardCSD	32	static
C:/Projects/STM32/Mini-Console-3-Firmware/Libs/BSP/STM32H7/BSP_STM32_SDMMC.c:198:16:_SD_InitCard	72	static
C:/Projects/STM32/Mini-Console-3-Firmware/Libs/BSP/STM32H7/BSP_STM32_SDMMC.c:254:16:_SD_SendSDStatus	64	static
C:/Projects/STM32/Mini-Console-3-Firmware/Libs/BSP/STM32H7/BSP_STM32_SDMMC.c:309:16:_SD_GetCardStatus	88	static
C:/Projects/STM32/Mini-Console-3-Firmware/Libs/BSP/STM32H7/BSP_STM32_SDMMC.c:344:16:_SD_FindSCR	72	static
C:/Projects/STM32/Mini-Console-3-Firmware/Libs/BSP/STM32H7/BSP_STM32_SDMMC.c:400:16:_SD_WideBus_Enable	32	static
C:/Projects/STM32/Mini-Console-3-Firmware/Libs/BSP/STM32H7/BSP_STM32_SDMMC.c:422:10:BSP_STM32_SDMMC_GetCardState	24	static
C:/Projects/STM32/Mini-Console-3-Firmware/Libs/BSP/STM32H7/BSP_STM32_SDMMC.c:436:9:BSP_STM32_SDMMC_Init	80	static
C:/Projects/STM32/Mini-Console-3-Firmware/Libs/BSP/STM32H7/BSP_STM32_SDMMC.c:517:9:BSP_STM32_SDMMC_ReadBlocks	80	static
C:/Projects/STM32/Mini-Console-3-Firmware/Libs/BSP/STM32H7/BSP_STM32_SDMMC.c:605:9:BSP_STM32_SDMMC_WriteBlocks	80	static
