C:/Projects/STM32/Mini-Console-3-Firmware/Libs/BSP/STM32H7/BSP_STM32_SDMMC_ll.c:198:19:SDMMC_Init	24	static
C:/Projects/STM32/Mini-Console-3-Firmware/Libs/BSP/STM32H7/BSP_STM32_SDMMC_ll.c:249:10:SDMMC_ReadFIFO	16	static
C:/Projects/STM32/Mini-Console-3-Firmware/Libs/BSP/STM32H7/BSP_STM32_SDMMC_ll.c:261:19:SDMMC_WriteFIFO	16	static
C:/Projects/STM32/Mini-Console-3-Firmware/Libs/BSP/STM32H7/BSP_STM32_SDMMC_ll.c:293:19:SDMMC_PowerState_ON	16	static
C:/Projects/STM32/Mini-Console-3-Firmware/Libs/BSP/STM32H7/BSP_STM32_SDMMC_ll.c:306:19:SDMMC_PowerState_Cycle	16	static
C:/Projects/STM32/Mini-Console-3-Firmware/Libs/BSP/STM32H7/BSP_STM32_SDMMC_ll.c:319:19:SDMMC_PowerState_OFF	16	static
C:/Projects/STM32/Mini-Console-3-Firmware/Libs/BSP/STM32H7/BSP_STM32_SDMMC_ll.c:336:10:SDMMC_GetPowerState	16	static
C:/Projects/STM32/Mini-Console-3-Firmware/Libs/BSP/STM32H7/BSP_STM32_SDMMC_ll.c:349:19:SDMMC_SendCommand	24	static
C:/Projects/STM32/Mini-Console-3-Firmware/Libs/BSP/STM32H7/BSP_STM32_SDMMC_ll.c:379:9:SDMMC_GetCommandResponse	16	static
C:/Projects/STM32/Mini-Console-3-Firmware/Libs/BSP/STM32H7/BSP_STM32_SDMMC_ll.c:396:10:SDMMC_GetResponse	24	static
C:/Projects/STM32/Mini-Console-3-Firmware/Libs/BSP/STM32H7/BSP_STM32_SDMMC_ll.c:417:19:SDMMC_ConfigData	24	static
C:/Projects/STM32/Mini-Console-3-Firmware/Libs/BSP/STM32H7/BSP_STM32_SDMMC_ll.c:452:10:SDMMC_GetDataCounter	16	static
C:/Projects/STM32/Mini-Console-3-Firmware/Libs/BSP/STM32H7/BSP_STM32_SDMMC_ll.c:462:10:SDMMC_GetFIFOCount	16	static
C:/Projects/STM32/Mini-Console-3-Firmware/Libs/BSP/STM32H7/BSP_STM32_SDMMC_ll.c:476:19:SDMMC_SetSDMMCReadWaitMode	16	static
C:/Projects/STM32/Mini-Console-3-Firmware/Libs/BSP/STM32H7/BSP_STM32_SDMMC_ll.c:511:10:SDMMC_CmdBlockLength	40	static
C:/Projects/STM32/Mini-Console-3-Firmware/Libs/BSP/STM32H7/BSP_STM32_SDMMC_ll.c:535:10:SDMMC_CmdReadSingleBlock	40	static
C:/Projects/STM32/Mini-Console-3-Firmware/Libs/BSP/STM32H7/BSP_STM32_SDMMC_ll.c:559:10:SDMMC_CmdReadMultiBlock	40	static
C:/Projects/STM32/Mini-Console-3-Firmware/Libs/BSP/STM32H7/BSP_STM32_SDMMC_ll.c:583:10:SDMMC_CmdWriteSingleBlock	40	static
C:/Projects/STM32/Mini-Console-3-Firmware/Libs/BSP/STM32H7/BSP_STM32_SDMMC_ll.c:607:10:SDMMC_CmdWriteMultiBlock	40	static
C:/Projects/STM32/Mini-Console-3-Firmware/Libs/BSP/STM32H7/BSP_STM32_SDMMC_ll.c:631:10:SDMMC_CmdSDEraseStartAdd	40	static
C:/Projects/STM32/Mini-Console-3-Firmware/Libs/BSP/STM32H7/BSP_STM32_SDMMC_ll.c:655:10:SDMMC_CmdSDEraseEndAdd	40	static
C:/Projects/STM32/Mini-Console-3-Firmware/Libs/BSP/STM32H7/BSP_STM32_SDMMC_ll.c:679:10:SDMMC_CmdEraseStartAdd	40	static
C:/Projects/STM32/Mini-Console-3-Firmware/Libs/BSP/STM32H7/BSP_STM32_SDMMC_ll.c:703:10:SDMMC_CmdEraseEndAdd	40	static
C:/Projects/STM32/Mini-Console-3-Firmware/Libs/BSP/STM32H7/BSP_STM32_SDMMC_ll.c:728:10:SDMMC_CmdErase	40	static
C:/Projects/STM32/Mini-Console-3-Firmware/Libs/BSP/STM32H7/BSP_STM32_SDMMC_ll.c:752:10:SDMMC_CmdStopTransfer	40	static
C:/Projects/STM32/Mini-Console-3-Firmware/Libs/BSP/STM32H7/BSP_STM32_SDMMC_ll.c:789:10:SDMMC_CmdSelDesel	40	static
C:/Projects/STM32/Mini-Console-3-Firmware/Libs/BSP/STM32H7/BSP_STM32_SDMMC_ll.c:813:10:SDMMC_CmdGoIdleState	40	static
C:/Projects/STM32/Mini-Console-3-Firmware/Libs/BSP/STM32H7/BSP_STM32_SDMMC_ll.c:836:10:SDMMC_CmdOperCond	40	static
C:/Projects/STM32/Mini-Console-3-Firmware/Libs/BSP/STM32H7/BSP_STM32_SDMMC_ll.c:867:10:SDMMC_CmdAppCommand	40	static
C:/Projects/STM32/Mini-Console-3-Firmware/Libs/BSP/STM32H7/BSP_STM32_SDMMC_ll.c:895:10:SDMMC_CmdAppOperCommand	40	static
C:/Projects/STM32/Mini-Console-3-Firmware/Libs/BSP/STM32H7/BSP_STM32_SDMMC_ll.c:919:10:SDMMC_CmdBusWidth	40	static
C:/Projects/STM32/Mini-Console-3-Firmware/Libs/BSP/STM32H7/BSP_STM32_SDMMC_ll.c:942:10:SDMMC_CmdSendSCR	40	static
C:/Projects/STM32/Mini-Console-3-Firmware/Libs/BSP/STM32H7/BSP_STM32_SDMMC_ll.c:966:10:SDMMC_CmdSendCID	40	static
C:/Projects/STM32/Mini-Console-3-Firmware/Libs/BSP/STM32H7/BSP_STM32_SDMMC_ll.c:991:10:SDMMC_CmdSendCSD	40	static
C:/Projects/STM32/Mini-Console-3-Firmware/Libs/BSP/STM32H7/BSP_STM32_SDMMC_ll.c:1016:10:SDMMC_CmdSetRelAdd	40	static
C:/Projects/STM32/Mini-Console-3-Firmware/Libs/BSP/STM32H7/BSP_STM32_SDMMC_ll.c:1041:10:SDMMC_CmdSetRelAddMmc	40	static
C:/Projects/STM32/Mini-Console-3-Firmware/Libs/BSP/STM32H7/BSP_STM32_SDMMC_ll.c:1066:10:SDMMC_CmdSleepMmc	40	static
C:/Projects/STM32/Mini-Console-3-Firmware/Libs/BSP/STM32H7/BSP_STM32_SDMMC_ll.c:1091:10:SDMMC_CmdSendStatus	40	static
C:/Projects/STM32/Mini-Console-3-Firmware/Libs/BSP/STM32H7/BSP_STM32_SDMMC_ll.c:1114:10:SDMMC_CmdStatusRegister	40	static
C:/Projects/STM32/Mini-Console-3-Firmware/Libs/BSP/STM32H7/BSP_STM32_SDMMC_ll.c:1139:10:SDMMC_CmdOpCondition	40	static
C:/Projects/STM32/Mini-Console-3-Firmware/Libs/BSP/STM32H7/BSP_STM32_SDMMC_ll.c:1163:10:SDMMC_CmdSwitch	40	static
C:/Projects/STM32/Mini-Console-3-Firmware/Libs/BSP/STM32H7/BSP_STM32_SDMMC_ll.c:1189:10:SDMMC_CmdVoltageSwitch	40	static
C:/Projects/STM32/Mini-Console-3-Firmware/Libs/BSP/STM32H7/BSP_STM32_SDMMC_ll.c:1213:10:SDMMC_CmdSendEXTCSD	40	static
C:/Projects/STM32/Mini-Console-3-Firmware/Libs/BSP/STM32H7/BSP_STM32_SDMMC_ll.c:1256:10:SDMMC_GetCmdResp1	40	static
C:/Projects/STM32/Mini-Console-3-Firmware/Libs/BSP/STM32H7/BSP_STM32_SDMMC_ll.c:1391:10:SDMMC_GetCmdResp2	24	static
C:/Projects/STM32/Mini-Console-3-Firmware/Libs/BSP/STM32H7/BSP_STM32_SDMMC_ll.c:1435:10:SDMMC_GetCmdResp3	24	static
C:/Projects/STM32/Mini-Console-3-Firmware/Libs/BSP/STM32H7/BSP_STM32_SDMMC_ll.c:1475:10:SDMMC_GetCmdResp6	40	static
C:/Projects/STM32/Mini-Console-3-Firmware/Libs/BSP/STM32H7/BSP_STM32_SDMMC_ll.c:1549:10:SDMMC_GetCmdResp7	24	static
C:/Projects/STM32/Mini-Console-3-Firmware/Libs/BSP/STM32H7/BSP_STM32_SDMMC_ll.c:1610:17:SDMMC_GetCmdError	24	static
