C:/Projects/STM32/Mini-Console-3-Firmware/Libs/BSP/STM32H7/BSP_STM32_RTC.c:14:16:_RTC_ByteToBcd	24	static
C:/Projects/STM32/Mini-Console-3-Firmware/Libs/BSP/STM32H7/BSP_STM32_RTC.c:29:16:_RTC_BcdToByte	24	static
C:/Projects/STM32/Mini-Console-3-Firmware/Libs/BSP/STM32H7/BSP_STM32_RTC.c:37:16:_RTC_WaitForSynchro	24	static
C:/Projects/STM32/Mini-Console-3-Firmware/Libs/BSP/STM32H7/BSP_STM32_RTC.c:52:13:_RTC_WriteEnable	16	static
C:/Projects/STM32/Mini-Console-3-Firmware/Libs/BSP/STM32H7/BSP_STM32_RTC.c:59:13:_RTC_WriteDisable	16	static
C:/Projects/STM32/Mini-Console-3-Firmware/Libs/BSP/STM32H7/BSP_STM32_RTC.c:65:16:_RTC_EnterInitMode	24	static
C:/Projects/STM32/Mini-Console-3-Firmware/Libs/BSP/STM32H7/BSP_STM32_RTC.c:85:16:_RTC_ExitInitMode	16	static
C:/Projects/STM32/Mini-Console-3-Firmware/Libs/BSP/STM32H7/BSP_STM32_RTC.c:105:9:BSP_STM32_RTC_Init	24	static
C:/Projects/STM32/Mini-Console-3-Firmware/Libs/BSP/STM32H7/BSP_STM32_RTC.c:145:9:BSP_STM32_RTC_SetTime	32	static
C:/Projects/STM32/Mini-Console-3-Firmware/Libs/BSP/STM32H7/BSP_STM32_RTC.c:178:9:BSP_STM32_RTC_SetDate	40	static
C:/Projects/STM32/Mini-Console-3-Firmware/Libs/BSP/STM32H7/BSP_STM32_RTC.c:234:9:BSP_STM32_RTC_GetTime	32	static
C:/Projects/STM32/Mini-Console-3-Firmware/Libs/BSP/STM32H7/BSP_STM32_RTC.c:250:9:BSP_STM32_RTC_GetDate	32	static
C:/Projects/STM32/Mini-Console-3-Firmware/Libs/BSP/STM32H7/BSP_STM32_RTC.c:267:9:BSP_STM32_RTC_SetBackupReg	32	static
