C:/Projects/STM32/Mini-Console-3-Firmware/Libs/BSP/STM32H7/BSP_STM32_LTDC.c:15:9:BSP_STM32_LTDC_IsEnabled	0	static
C:/Projects/STM32/Mini-Console-3-Firmware/Libs/BSP/STM32H7/BSP_STM32_LTDC.c:20:9:BSP_STM32_LTDC_Init	8	static
C:/Projects/STM32/Mini-Console-3-Firmware/Libs/BSP/STM32H7/BSP_STM32_LTDC.c:79:9:BSP_STM32_LTDC_DisableLayer	0	static
C:/Projects/STM32/Mini-Console-3-Firmware/Libs/BSP/STM32H7/BSP_STM32_LTDC.c:95:9:BSP_STM32_LTDC_EnableLayer	0	static
C:/Projects/STM32/Mini-Console-3-Firmware/Libs/BSP/STM32H7/BSP_STM32_LTDC.c:110:9:BSP_STM32_LTDC_ConfigLayer	16	static
C:/Projects/STM32/Mini-Console-3-Firmware/Libs/BSP/STM32H7/BSP_STM32_LTDC.c:170:9:BSP_STM32_LTDC_UpdateFrameBufAddr	0	static
C:/Projects/STM32/Mini-Console-3-Firmware/Libs/BSP/STM32H7/BSP_STM32_LTDC.c:182:9:BSP_STM32_LTDC_ConfigCLUT	16	static
C:/Projects/STM32/Mini-Console-3-Firmware/Libs/BSP/STM32H7/BSP_STM32_LTDC.c:210:9:BSP_STM32_LTDC_SetTransparentColor	4	static
C:/Projects/STM32/Mini-Console-3-Firmware/Libs/BSP/STM32H7/BSP_STM32_LTDC.c:224:9:BSP_STM32_LTDC_SetLineInt	4	static
C:/Projects/STM32/Mini-Console-3-Firmware/Libs/BSP/STM32H7/BSP_STM32_LTDC.c:234:9:BSP_STM32_LTDC_IRQHandler	0	static
