C:/Projects/STM32/Mini-Console-3-Firmware/Libs/BSP/STM32H7/BSP_STM32_SDMMC_ll.c:198:19:SDMMC_Init	4	static
C:/Projects/STM32/Mini-Console-3-Firmware/Libs/BSP/STM32H7/BSP_STM32_SDMMC_ll.c:249:10:SDMMC_ReadFIFO	0	static
C:/Projects/STM32/Mini-Console-3-Firmware/Libs/BSP/STM32H7/BSP_STM32_SDMMC_ll.c:261:19:SDMMC_WriteFIFO	0	static
C:/Projects/STM32/Mini-Console-3-Firmware/Libs/BSP/STM32H7/BSP_STM32_SDMMC_ll.c:293:19:SDMMC_PowerState_ON	0	static
C:/Projects/STM32/Mini-Console-3-Firmware/Libs/BSP/STM32H7/BSP_STM32_SDMMC_ll.c:306:19:SDMMC_PowerState_Cycle	0	static
C:/Projects/STM32/Mini-Console-3-Firmware/Libs/BSP/STM32H7/BSP_STM32_SDMMC_ll.c:319:19:SDMMC_PowerState_OFF	0	static
C:/Projects/STM32/Mini-Console-3-Firmware/Libs/BSP/STM32H7/BSP_STM32_SDMMC_ll.c:336:10:SDMMC_GetPowerState	0	static
C:/Projects/STM32/Mini-Console-3-Firmware/Libs/BSP/STM32H7/BSP_STM32_SDMMC_ll.c:349:19:SDMMC_SendCommand	8	static
C:/Projects/STM32/Mini-Console-3-Firmware/Libs/BSP/STM32H7/BSP_STM32_SDMMC_ll.c:379:9:SDMMC_GetCommandResponse	0	static
C:/Projects/STM32/Mini-Console-3-Firmware/Libs/BSP/STM32H7/BSP_STM32_SDMMC_ll.c:396:10:SDMMC_GetResponse	0	static
C:/Projects/STM32/Mini-Console-3-Firmware/Libs/BSP/STM32H7/BSP_STM32_SDMMC_ll.c:417:19:SDMMC_ConfigData	8	static
C:/Projects/STM32/Mini-Console-3-Firmware/Libs/BSP/STM32H7/BSP_STM32_SDMMC_ll.c:452:10:SDMMC_GetDataCounter	0	static
C:/Projects/STM32/Mini-Console-3-Firmware/Libs/BSP/STM32H7/BSP_STM32_SDMMC_ll.c:462:10:SDMMC_GetFIFOCount	0	static
C:/Projects/STM32/Mini-Console-3-Firmware/Libs/BSP/STM32H7/BSP_STM32_SDMMC_ll.c:476:19:SDMMC_SetSDMMCReadWaitMode	0	static
C:/Projects/STM32/Mini-Console-3-Firmware/Libs/BSP/STM32H7/BSP_STM32_SDMMC_ll.c:511:10:SDMMC_CmdBlockLength	0	static
C:/Projects/STM32/Mini-Console-3-Firmware/Libs/BSP/STM32H7/BSP_STM32_SDMMC_ll.c:535:10:SDMMC_CmdReadSingleBlock	0	static
C:/Projects/STM32/Mini-Console-3-Firmware/Libs/BSP/STM32H7/BSP_STM32_SDMMC_ll.c:559:10:SDMMC_CmdReadMultiBlock	0	static
C:/Projects/STM32/Mini-Console-3-Firmware/Libs/BSP/STM32H7/BSP_STM32_SDMMC_ll.c:583:10:SDMMC_CmdWriteSingleBlock	0	static
C:/Projects/STM32/Mini-Console-3-Firmware/Libs/BSP/STM32H7/BSP_STM32_SDMMC_ll.c:607:10:SDMMC_CmdWriteMultiBlock	0	static
C:/Projects/STM32/Mini-Console-3-Firmware/Libs/BSP/STM32H7/BSP_STM32_SDMMC_ll.c:631:10:SDMMC_CmdSDEraseStartAdd	4	static
C:/Projects/STM32/Mini-Console-3-Firmware/Libs/BSP/STM32H7/BSP_STM32_SDMMC_ll.c:655:10:SDMMC_CmdSDEraseEndAdd	0	static
C:/Projects/STM32/Mini-Console-3-Firmware/Libs/BSP/STM32H7/BSP_STM32_SDMMC_ll.c:679:10:SDMMC_CmdEraseStartAdd	0	static
C:/Projects/STM32/Mini-Console-3-Firmware/Libs/BSP/STM32H7/BSP_STM32_SDMMC_ll.c:703:10:SDMMC_CmdEraseEndAdd	0	static
C:/Projects/STM32/Mini-Console-3-Firmware/Libs/BSP/STM32H7/BSP_STM32_SDMMC_ll.c:728:10:SDMMC_CmdErase	0	static
C:/Projects/STM32/Mini-Console-3-Firmware/Libs/BSP/STM32H7/BSP_STM32_SDMMC_ll.c:752:10:SDMMC_CmdStopTransfer	8	static
C:/Projects/STM32/Mini-Console-3-Firmware/Libs/BSP/STM32H7/BSP_STM32_SDMMC_ll.c:789:10:SDMMC_CmdSelDesel	0	static
C:/Projects/STM32/Mini-Console-3-Firmware/Libs/BSP/STM32H7/BSP_STM32_SDMMC_ll.c:813:10:SDMMC_CmdGoIdleState	8	static
C:/Projects/STM32/Mini-Console-3-Firmware/Libs/BSP/STM32H7/BSP_STM32_SDMMC_ll.c:836:10:SDMMC_CmdOperCond	4	static
C:/Projects/STM32/Mini-Console-3-Firmware/Libs/BSP/STM32H7/BSP_STM32_SDMMC_ll.c:867:10:SDMMC_CmdAppCommand	0	static
C:/Projects/STM32/Mini-Console-3-Firmware/Libs/BSP/STM32H7/BSP_STM32_SDMMC_ll.c:895:10:SDMMC_CmdAppOperCommand	0	static
C:/Projects/STM32/Mini-Console-3-Firmware/Libs/BSP/STM32H7/BSP_STM32_SDMMC_ll.c:919:10:SDMMC_CmdBusWidth	0	static
C:/Projects/STM32/Mini-Console-3-Firmware/Libs/BSP/STM32H7/BSP_STM32_SDMMC_ll.c:942:10:SDMMC_CmdSendSCR	4	static
C:/Projects/STM32/Mini-Console-3-Firmware/Libs/BSP/STM32H7/BSP_STM32_SDMMC_ll.c:966:10:SDMMC_CmdSendCID	4	static
C:/Projects/STM32/Mini-Console-3-Firmware/Libs/BSP/STM32H7/BSP_STM32_SDMMC_ll.c:991:10:SDMMC_CmdSendCSD	0	static
C:/Projects/STM32/Mini-Console-3-Firmware/Libs/BSP/STM32H7/BSP_STM32_SDMMC_ll.c:1016:10:SDMMC_CmdSetRelAdd	4	static
C:/Projects/STM32/Mini-Console-3-Firmware/Libs/BSP/STM32H7/BSP_STM32_SDMMC_ll.c:1041:10:SDMMC_CmdSetRelAddMmc	0	static
C:/Projects/STM32/Mini-Console-3-Firmware/Libs/BSP/STM32H7/BSP_STM32_SDMMC_ll.c:1066:10:SDMMC_CmdSleepMmc	0	static
C:/Projects/STM32/Mini-Console-3-Firmware/Libs/BSP/STM32H7/BSP_STM32_SDMMC_ll.c:1091:10:SDMMC_CmdSendStatus	0	static
C:/Projects/STM32/Mini-Console-3-Firmware/Libs/BSP/STM32H7/BSP_STM32_SDMMC_ll.c:1114:10:SDMMC_CmdStatusRegister	4	static
C:/Projects/STM32/Mini-Console-3-Firmware/Libs/BSP/STM32H7/BSP_STM32_SDMMC_ll.c:1139:10:SDMMC_CmdOpCondition	0	static
C:/Projects/STM32/Mini-Console-3-Firmware/Libs/BSP/STM32H7/BSP_STM32_SDMMC_ll.c:1163:10:SDMMC_CmdSwitch	0	static
C:/Projects/STM32/Mini-Console-3-Firmware/Libs/BSP/STM32H7/BSP_STM32_SDMMC_ll.c:1189:10:SDMMC_CmdVoltageSwitch	4	static
C:/Projects/STM32/Mini-Console-3-Firmware/Libs/BSP/STM32H7/BSP_STM32_SDMMC_ll.c:1213:10:SDMMC_CmdSendEXTCSD	0	static
C:/Projects/STM32/Mini-Console-3-Firmware/Libs/BSP/STM32H7/BSP_STM32_SDMMC_ll.c:1256:10:SDMMC_GetCmdResp1	4	static
C:/Projects/STM32/Mini-Console-3-Firmware/Libs/BSP/STM32H7/BSP_STM32_SDMMC_ll.c:1391:10:SDMMC_GetCmdResp2	0	static
C:/Projects/STM32/Mini-Console-3-Firmware/Libs/BSP/STM32H7/BSP_STM32_SDMMC_ll.c:1435:10:SDMMC_GetCmdResp3	0	static
C:/Projects/STM32/Mini-Console-3-Firmware/Libs/BSP/STM32H7/BSP_STM32_SDMMC_ll.c:1475:10:SDMMC_GetCmdResp6	4	static
C:/Projects/STM32/Mini-Console-3-Firmware/Libs/BSP/STM32H7/BSP_STM32_SDMMC_ll.c:1549:10:SDMMC_GetCmdResp7	0	static
