C:/Projects/STM32/Mini-Console-3-Firmware/Libs/BSP/STM32H7/BSP_STM32_I2C.c:20:9:_I2C_MemReadIT	4	static
C:/Projects/STM32/Mini-Console-3-Firmware/Libs/BSP/STM32H7/BSP_STM32_I2C.c:48:9:_I2C_MemReadDMA	16	static
C:/Projects/STM32/Mini-Console-3-Firmware/Libs/BSP/STM32H7/BSP_STM32_I2C.c:87:9:_I2C_IRQHandler_IT	8	static
C:/Projects/STM32/Mini-Console-3-Firmware/Libs/BSP/STM32H7/BSP_STM32_I2C.c:148:9:_I2C_IRQHandler_DMA	12	static
C:/Projects/STM32/Mini-Console-3-Firmware/Libs/BSP/STM32H7/BSP_STM32_I2C.c:204:9:BSP_STM32_I2C_Init	8	static
C:/Projects/STM32/Mini-Console-3-Firmware/Libs/BSP/STM32H7/BSP_STM32_I2C.c:236:9:BSP_STM32_I2C_IsDeviceReady	40	static
C:/Projects/STM32/Mini-Console-3-Firmware/Libs/BSP/STM32H7/BSP_STM32_I2C.c:302:9:BSP_STM32_I2C_RegWrite	32	static
C:/Projects/STM32/Mini-Console-3-Firmware/Libs/BSP/STM32H7/BSP_STM32_I2C.c:337:9:BSP_STM32_I2C_MemRead	24	static
C:/Projects/STM32/Mini-Console-3-Firmware/Libs/BSP/STM32H7/BSP_STM32_I2C.c:349:9:BSP_STM32_I2C_IRQHandler	12	static
