C:/Projects/STM32/Mini-Console-3-Firmware/Libs/BSP/STM32H7/BSP_STM32_DMA2D.c:14:9:BSP_STM32_DMA2D_FillBuff	8	static
C:/Projects/STM32/Mini-Console-3-Firmware/Libs/BSP/STM32H7/BSP_STM32_DMA2D.c:34:9:BSP_STM32_DMA2D_FillBuffBlend	20	static
C:/Projects/STM32/Mini-Console-3-Firmware/Libs/BSP/STM32H7/BSP_STM32_DMA2D.c:73:9:BSP_STM32_DMA2D_CopyBuf	4	static
C:/Projects/STM32/Mini-Console-3-Firmware/Libs/BSP/STM32H7/BSP_STM32_DMA2D.c:96:9:BSP_STM32_DMA2D_CopyBufJPEG	4	static
C:/Projects/STM32/Mini-Console-3-Firmware/Libs/BSP/STM32H7/BSP_STM32_DMA2D.c:120:9:BSP_STM32_DMA2D_CopyBufBlend	12	static
C:/Projects/STM32/Mini-Console-3-Firmware/Libs/BSP/STM32H7/BSP_STM32_DMA2D.c:151:9:BSP_STM32_DMA2D_IRQHandler	0	static
