C:/Projects/STM32/Mini-Console-3-Firmware/Libs/BSP/STM32H7/BSP_STM32_PWR.c:15:9:BSP_STM32_PWR_ConfigSupply	16	static
C:/Projects/STM32/Mini-Console-3-Firmware/Libs/BSP/STM32H7/BSP_STM32_PWR.c:61:9:BSP_STM32_PWR_VoltageScalingConfig	8	static
C:/Projects/STM32/Mini-Console-3-Firmware/Libs/BSP/STM32H7/BSP_STM32_PWR.c:100:9:BSP_STM32_PWR_WaitForVOSRDY	16	static
C:/Projects/STM32/Mini-Console-3-Firmware/Libs/BSP/STM32H7/BSP_STM32_PWR.c:106:9:BSP_STM32_PWR_EnableBkUpAccess	0	static
C:/Projects/STM32/Mini-Console-3-Firmware/Libs/BSP/STM32H7/BSP_STM32_PWR.c:112:9:BSP_STM32_PWR_ClearPendingEvent	0	static,ignoring_inline_asm
C:/Projects/STM32/Mini-Console-3-Firmware/Libs/BSP/STM32H7/BSP_STM32_PWR.c:122:9:BSP_STM32_PWR_EnterSTOPMode	4	static,ignoring_inline_asm
