C:/Projects/STM32/Mini-Console-3-Firmware/Libs/BSP/STM32H7/BSP_STM32_QUADSPI.c:64:17:_QSPI_GetConfigCCR	8	static
C:/Projects/STM32/Mini-Console-3-Firmware/Libs/BSP/STM32H7/BSP_STM32_QUADSPI.c:111:9:BSP_STM32_QSPI_Init	24	static
C:/Projects/STM32/Mini-Console-3-Firmware/Libs/BSP/STM32H7/BSP_STM32_QUADSPI.c:134:9:BSP_STM32_QSPI_CfgNewCommand	8	static
C:/Projects/STM32/Mini-Console-3-Firmware/Libs/BSP/STM32H7/BSP_STM32_QUADSPI.c:141:9:BSP_STM32_QSPI_CfgInstruction	0	static
C:/Projects/STM32/Mini-Console-3-Firmware/Libs/BSP/STM32H7/BSP_STM32_QUADSPI.c:149:9:BSP_STM32_QSPI_CfgAddress	0	static
C:/Projects/STM32/Mini-Console-3-Firmware/Libs/BSP/STM32H7/BSP_STM32_QUADSPI.c:158:9:BSP_STM32_QSPI_CfgAltBytes	0	static
C:/Projects/STM32/Mini-Console-3-Firmware/Libs/BSP/STM32H7/BSP_STM32_QUADSPI.c:167:9:BSP_STM32_QSPI_CfgDummyCycles	0	static
C:/Projects/STM32/Mini-Console-3-Firmware/Libs/BSP/STM32H7/BSP_STM32_QUADSPI.c:174:9:BSP_STM32_QSPI_CfgData	0	static
C:/Projects/STM32/Mini-Console-3-Firmware/Libs/BSP/STM32H7/BSP_STM32_QUADSPI.c:183:9:BSP_STM32_QSPI_CfgOptions	0	static
C:/Projects/STM32/Mini-Console-3-Firmware/Libs/BSP/STM32H7/BSP_STM32_QUADSPI.c:191:9:BSP_STM32_QSPI_CfgAutoPooling	4	static
C:/Projects/STM32/Mini-Console-3-Firmware/Libs/BSP/STM32H7/BSP_STM32_QUADSPI.c:201:9:BSP_STM32_QSPI_StartReceive	24	static
C:/Projects/STM32/Mini-Console-3-Firmware/Libs/BSP/STM32H7/BSP_STM32_QUADSPI.c:243:9:BSP_STM32_QSPI_StartTransmit	24	static
C:/Projects/STM32/Mini-Console-3-Firmware/Libs/BSP/STM32H7/BSP_STM32_QUADSPI.c:285:9:BSP_STM32_QSPI_Abort	16	static
C:/Projects/STM32/Mini-Console-3-Firmware/Libs/BSP/STM32H7/BSP_STM32_QUADSPI.c:300:9:BSP_STM32_QSPI_StartMemMapped	24	static
C:/Projects/STM32/Mini-Console-3-Firmware/Libs/BSP/STM32H7/BSP_STM32_QUADSPI.c:318:9:BSP_STM32_QSPI_StartAutoPooling	16	static
