C:/Projects/STM32/Mini-Console-3-Firmware/Libs/BSP/STM32H7/BSP_STM32_RCC.c:15:9:BSP_STM32_RCC_CLKConfig_RTC	16	static
C:/Projects/STM32/Mini-Console-3-Firmware/Libs/BSP/STM32H7/BSP_STM32_RCC.c:54:9:BSP_STM32_RCC_CLKConfig_FMC	0	static
C:/Projects/STM32/Mini-Console-3-Firmware/Libs/BSP/STM32H7/BSP_STM32_RCC.c:60:9:BSP_STM32_RCC_CLKConfig_I2C1	0	static
C:/Projects/STM32/Mini-Console-3-Firmware/Libs/BSP/STM32H7/BSP_STM32_RCC.c:66:9:BSP_STM32_RCC_CLKConfig_I2C4	0	static
C:/Projects/STM32/Mini-Console-3-Firmware/Libs/BSP/STM32H7/BSP_STM32_RCC.c:72:9:BSP_STM32_RCC_CLKConfig_I2S3	16	static
C:/Projects/STM32/Mini-Console-3-Firmware/Libs/BSP/STM32H7/BSP_STM32_RCC.c:139:9:BSP_STM32_RCC_CLKConfig_QSPI	0	static
C:/Projects/STM32/Mini-Console-3-Firmware/Libs/BSP/STM32H7/BSP_STM32_RCC.c:146:9:BSP_STM32_RCC_CLKConfig_SDMMC2	0	static
C:/Projects/STM32/Mini-Console-3-Firmware/Libs/BSP/STM32H7/BSP_STM32_RCC.c:154:9:BSP_STM32_RCC_CLKConfig_UART5	0	static
C:/Projects/STM32/Mini-Console-3-Firmware/Libs/BSP/STM32H7/BSP_STM32_RCC.c:161:9:BSP_STM32_RCC_CLKConfig_USART2	0	static
C:/Projects/STM32/Mini-Console-3-Firmware/Libs/BSP/STM32H7/BSP_STM32_RCC.c:167:9:BSP_STM32_RCC_CLKConfig_USBFS	0	static
C:/Projects/STM32/Mini-Console-3-Firmware/Libs/BSP/STM32H7/BSP_STM32_RCC.c:173:9:BSP_STM32_RCC_CLKConfig_ADC	0	static
C:/Projects/STM32/Mini-Console-3-Firmware/Libs/BSP/STM32H7/BSP_STM32_RCC.c:179:9:BSP_STM32_RCC_CLKConfig_LTDC	0	static
C:/Projects/STM32/Mini-Console-3-Firmware/Libs/BSP/STM32H7/BSP_STM32_RCC.c:185:9:BSP_STM32_RCC_PLLClockSource	0	static
C:/Projects/STM32/Mini-Console-3-Firmware/Libs/BSP/STM32H7/BSP_STM32_RCC.c:191:9:BSP_STM32_RCC_LSEConfigDrive	0	static
C:/Projects/STM32/Mini-Console-3-Firmware/Libs/BSP/STM32H7/BSP_STM32_RCC.c:197:9:BSP_STM32_RCC_ConfigHSE	16	static
C:/Projects/STM32/Mini-Console-3-Firmware/Libs/BSP/STM32H7/BSP_STM32_RCC.c:250:9:BSP_STM32_RCC_ConfigHSI	16	static
C:/Projects/STM32/Mini-Console-3-Firmware/Libs/BSP/STM32H7/BSP_STM32_RCC.c:311:9:BSP_STM32_RCC_ConfigLSE	16	static
C:/Projects/STM32/Mini-Console-3-Firmware/Libs/BSP/STM32H7/BSP_STM32_RCC.c:358:9:BSP_STM32_RCC_ConfigHSI48	16	static
C:/Projects/STM32/Mini-Console-3-Firmware/Libs/BSP/STM32H7/BSP_STM32_RCC.c:384:9:BSP_STM32_RCC_ConfigPLL1	32	static
C:/Projects/STM32/Mini-Console-3-Firmware/Libs/BSP/STM32H7/BSP_STM32_RCC.c:458:9:BSP_STM32_RCC_ConfigPLL3	32	static
C:/Projects/STM32/Mini-Console-3-Firmware/Libs/BSP/STM32H7/BSP_STM32_RCC.c:506:9:BSP_STM32_RCC_ClockConfig	56	static
C:/Projects/STM32/Mini-Console-3-Firmware/Libs/BSP/STM32H7/BSP_STM32_RCC.c:626:10:BSP_STM32_RCC_GetSysClockFreq	8	static
