C:/Projects/STM32/Mini-Console-3-Firmware/Libs/CMSIS/core_cm7.h:1871:22:__NVIC_SetPriorityGrouping	24	static
C:/Projects/STM32/Mini-Console-3-Firmware/Libs/CMSIS/core_cm7.h:1890:26:__NVIC_GetPriorityGrouping	4	static
C:/Projects/STM32/Mini-Console-3-Firmware/Libs/CMSIS/core_cm7.h:1902:22:__NVIC_EnableIRQ	16	static,ignoring_inline_asm
C:/Projects/STM32/Mini-Console-3-Firmware/Libs/CMSIS/core_cm7.h:2032:22:__NVIC_SetPriority	16	static
C:/Projects/STM32/Mini-Console-3-Firmware/Libs/CMSIS/core_cm7.h:2079:26:NVIC_EncodePriority	40	static
C:/Projects/STM32/Mini-Console-3-Firmware/Libs/BSP/STM32H7/BSP_STM32_CORE.c:15:9:BSP_STM32_NVIC_EnableIRQ	16	static
C:/Projects/STM32/Mini-Console-3-Firmware/Libs/BSP/STM32H7/BSP_STM32_CORE.c:21:9:BSP_STM32_NVIC_SetPriority	32	static
C:/Projects/STM32/Mini-Console-3-Firmware/Libs/BSP/STM32H7/BSP_STM32_CORE.c:27:9:BSP_STM32_NVIC_SetPriorityGrouping	16	static
C:/Projects/STM32/Mini-Console-3-Firmware/Libs/BSP/STM32H7/BSP_STM32_CORE.c:33:9:BSP_STM32_MPU_Enable	16	static,ignoring_inline_asm
C:/Projects/STM32/Mini-Console-3-Firmware/Libs/BSP/STM32H7/BSP_STM32_CORE.c:44:9:BSP_STM32_MPU_Disable	4	static,ignoring_inline_asm
C:/Projects/STM32/Mini-Console-3-Firmware/Libs/BSP/STM32H7/BSP_STM32_CORE.c:54:9:BSP_STM32_MPU_ConfigRegion	16	static
