Archive member included to satisfy reference by file (symbol)

C:/ST/STM32CubeIDE_1.11.0/STM32CubeIDE/plugins/com.st.stm32cube.ide.mcu.externaltools.gnu-tools-for-stm32.11.3.rel1.win32_1.1.100.202309141235/tools/bin/../lib/gcc/arm-none-eabi/11.3.1/../../../../arm-none-eabi/lib/thumb/v7e-m+dp/hard\libc_nano.a(libc_a-exit.o)
                              C:/ST/STM32CubeIDE_1.11.0/STM32CubeIDE/plugins/com.st.stm32cube.ide.mcu.externaltools.gnu-tools-for-stm32.11.3.rel1.win32_1.1.100.202309141235/tools/bin/../lib/gcc/arm-none-eabi/11.3.1/../../../../arm-none-eabi/lib/thumb/v7e-m+dp/hard/crt0.o (exit)
C:/ST/STM32CubeIDE_1.11.0/STM32CubeIDE/plugins/com.st.stm32cube.ide.mcu.externaltools.gnu-tools-for-stm32.11.3.rel1.win32_1.1.100.202309141235/tools/bin/../lib/gcc/arm-none-eabi/11.3.1/../../../../arm-none-eabi/lib/thumb/v7e-m+dp/hard\libc_nano.a(libc_a-findfp.o)
                              C:/ST/STM32CubeIDE_1.11.0/STM32CubeIDE/plugins/com.st.stm32cube.ide.mcu.externaltools.gnu-tools-for-stm32.11.3.rel1.win32_1.1.100.202309141235/tools/bin/../lib/gcc/arm-none-eabi/11.3.1/../../../../arm-none-eabi/lib/thumb/v7e-m+dp/hard\libc_nano.a(libc_a-exit.o) (__stdio_exit_handler)
C:/ST/STM32CubeIDE_1.11.0/STM32CubeIDE/plugins/com.st.stm32cube.ide.mcu.externaltools.gnu-tools-for-stm32.11.3.rel1.win32_1.1.100.202309141235/tools/bin/../lib/gcc/arm-none-eabi/11.3.1/../../../../arm-none-eabi/lib/thumb/v7e-m+dp/hard\libc_nano.a(libc_a-fwalk.o)
                              C:/ST/STM32CubeIDE_1.11.0/STM32CubeIDE/plugins/com.st.stm32cube.ide.mcu.externaltools.gnu-tools-for-stm32.11.3.rel1.win32_1.1.100.202309141235/tools/bin/../lib/gcc/arm-none-eabi/11.3.1/../../../../arm-none-eabi/lib/thumb/v7e-m+dp/hard\libc_nano.a(libc_a-findfp.o) (_fwalk_sglue)
C:/ST/STM32CubeIDE_1.11.0/STM32CubeIDE/plugins/com.st.stm32cube.ide.mcu.externaltools.gnu-tools-for-stm32.11.3.rel1.win32_1.1.100.202309141235/tools/bin/../lib/gcc/arm-none-eabi/11.3.1/../../../../arm-none-eabi/lib/thumb/v7e-m+dp/hard\libc_nano.a(libc_a-stdio.o)
                              C:/ST/STM32CubeIDE_1.11.0/STM32CubeIDE/plugins/com.st.stm32cube.ide.mcu.externaltools.gnu-tools-for-stm32.11.3.rel1.win32_1.1.100.202309141235/tools/bin/../lib/gcc/arm-none-eabi/11.3.1/../../../../arm-none-eabi/lib/thumb/v7e-m+dp/hard\libc_nano.a(libc_a-findfp.o) (__sread)
C:/ST/STM32CubeIDE_1.11.0/STM32CubeIDE/plugins/com.st.stm32cube.ide.mcu.externaltools.gnu-tools-for-stm32.11.3.rel1.win32_1.1.100.202309141235/tools/bin/../lib/gcc/arm-none-eabi/11.3.1/../../../../arm-none-eabi/lib/thumb/v7e-m+dp/hard\libc_nano.a(libc_a-memcmp.o)
                              ./Libs/FATFS/ff.o (memcmp)
C:/ST/STM32CubeIDE_1.11.0/STM32CubeIDE/plugins/com.st.stm32cube.ide.mcu.externaltools.gnu-tools-for-stm32.11.3.rel1.win32_1.1.100.202309141235/tools/bin/../lib/gcc/arm-none-eabi/11.3.1/../../../../arm-none-eabi/lib/thumb/v7e-m+dp/hard\libc_nano.a(libc_a-memmove.o)
                              ./Libs/TinyUSB/class/msc/msc_device.o (memmove)
C:/ST/STM32CubeIDE_1.11.0/STM32CubeIDE/plugins/com.st.stm32cube.ide.mcu.externaltools.gnu-tools-for-stm32.11.3.rel1.win32_1.1.100.202309141235/tools/bin/../lib/gcc/arm-none-eabi/11.3.1/../../../../arm-none-eabi/lib/thumb/v7e-m+dp/hard\libc_nano.a(libc_a-memset.o)
                              C:/ST/STM32CubeIDE_1.11.0/STM32CubeIDE/plugins/com.st.stm32cube.ide.mcu.externaltools.gnu-tools-for-stm32.11.3.rel1.win32_1.1.100.202309141235/tools/bin/../lib/gcc/arm-none-eabi/11.3.1/../../../../arm-none-eabi/lib/thumb/v7e-m+dp/hard/crt0.o (memset)
C:/ST/STM32CubeIDE_1.11.0/STM32CubeIDE/plugins/com.st.stm32cube.ide.mcu.externaltools.gnu-tools-for-stm32.11.3.rel1.win32_1.1.100.202309141235/tools/bin/../lib/gcc/arm-none-eabi/11.3.1/../../../../arm-none-eabi/lib/thumb/v7e-m+dp/hard\libc_nano.a(libc_a-strchr.o)
                              ./Libs/FATFS/ff.o (strchr)
C:/ST/STM32CubeIDE_1.11.0/STM32CubeIDE/plugins/com.st.stm32cube.ide.mcu.externaltools.gnu-tools-for-stm32.11.3.rel1.win32_1.1.100.202309141235/tools/bin/../lib/gcc/arm-none-eabi/11.3.1/../../../../arm-none-eabi/lib/thumb/v7e-m+dp/hard\libc_nano.a(libc_a-closer.o)
                              C:/ST/STM32CubeIDE_1.11.0/STM32CubeIDE/plugins/com.st.stm32cube.ide.mcu.externaltools.gnu-tools-for-stm32.11.3.rel1.win32_1.1.100.202309141235/tools/bin/../lib/gcc/arm-none-eabi/11.3.1/../../../../arm-none-eabi/lib/thumb/v7e-m+dp/hard\libc_nano.a(libc_a-stdio.o) (_close_r)
C:/ST/STM32CubeIDE_1.11.0/STM32CubeIDE/plugins/com.st.stm32cube.ide.mcu.externaltools.gnu-tools-for-stm32.11.3.rel1.win32_1.1.100.202309141235/tools/bin/../lib/gcc/arm-none-eabi/11.3.1/../../../../arm-none-eabi/lib/thumb/v7e-m+dp/hard\libc_nano.a(libc_a-reent.o)
                              C:/ST/STM32CubeIDE_1.11.0/STM32CubeIDE/plugins/com.st.stm32cube.ide.mcu.externaltools.gnu-tools-for-stm32.11.3.rel1.win32_1.1.100.202309141235/tools/bin/../lib/gcc/arm-none-eabi/11.3.1/../../../../arm-none-eabi/lib/thumb/v7e-m+dp/hard\libc_nano.a(libc_a-closer.o) (errno)
[...]
Memory Configuration

Name             Origin             Length             Attributes
ITCMRAM          0x0000000000000000 0x0000000000010000 xrw
DTCMRAM          0x0000000020000000 0x0000000000020000 rw
OS_FLASH         0x0000000008000000 0x0000000000080000 xr
OS_RAM           0x0000000024000000 0x0000000000020000 xrw
APP_FLASH        0x0000000090000000 0x0000000001000000 xr
APP_RAM          0x0000000024020000 0x0000000000060000 xrw
SH0_RAM          0x0000000030040000 0x0000000000008000 rw
SH1_RAM          0x0000000038008000 0x0000000000008000 rw
BUF_RAM          0x0000000038000000 0x0000000000008000 rw
BK_RAM           0x0000000038800000 0x0000000000001000 rw
*default*        0x0000000000000000 0xffffffffffffffff

Linker script and memory map

LOAD C:/ST/STM32CubeIDE_1.11.0/STM32CubeIDE/plugins/com.st.stm32cube.ide.mcu.externaltools.gnu-tools-for-stm32.11.3.rel1.win32_1.1.100.202309141235/tools/bin/../lib/gcc/arm-none-eabi/11.3.1/thumb/v7e-m+dp/hard/crti.o
LOAD C:/ST/STM32CubeIDE_1.11.0/STM32CubeIDE/plugins/com.st.stm32cube.ide.mcu.externaltools.gnu-tools-for-stm32.11.3.rel1.win32_1.1.100.202309141235/tools/bin/../lib/gcc/arm-none-eabi/11.3.1/thumb/v7e-m+dp/hard/crtbegin.o
LOAD C:/ST/STM32CubeIDE_1.11.0/STM32CubeIDE/plugins/com.st.stm32cube.ide.mcu.externaltools.gnu-tools-for-stm32.11.3.rel1.win32_1.1.100.202309141235/tools/bin/../lib/gcc/arm-none-eabi/11.3.1/../../../../arm-none-eabi/lib/thumb/v7e-m+dp/hard/crt0.o
LOAD ./Libs/BSP/Components/IS25LP128F.o
LOAD ./Libs/BSP/Components/IS42S32160F.o
LOAD ./Libs/BSP/Components/MAX98357A.o
LOAD ./Libs/BSP/Components/MDBT42Q512KV2.o
LOAD ./Libs/BSP/Components/MPU6050.o
LOAD ./Libs/BSP/Components/RVT50AQTNWC00.o
LOAD ./Libs/BSP/Core_CM7/BSP.o
LOAD ./Libs/BSP/Core_CM7/BSP_Audio.o
LOAD ./Libs/BSP/Core_CM7/BSP_Data.o
LOAD ./Libs/BSP/Core_CM7/BSP_Fonts.o
LOAD ./Libs/BSP/Core_CM7/BSP_IMU.o
LOAD ./Libs/BSP/Core_CM7/BSP_Inputs.o
LOAD ./Libs/BSP/Core_CM7/BSP_LCD.o
LOAD ./Libs/BSP/Core_CM7/BSP_LCD_TP.o
LOAD ./Libs/BSP/Core_CM7/BSP_QSPI.o
LOAD ./Libs/BSP/Core_CM7/BSP_Resources.o
LOAD ./Libs/BSP/Core_CM7/BSP_SDCARD.o
LOAD ./Libs/BSP/Core_CM7/BSP_SDRAM.o
LOAD ./Libs/BSP/Core_CM7/BSP_STM32.o
LOAD ./Libs/BSP/Core_CM7/BSP_Serial.o
LOAD ./Libs/BSP/Core_CM7/BSP_USB.o
LOAD ./Libs/BSP/Libs/graph2d.o
LOAD ./Libs/BSP/Libs/hxcmod.o
LOAD ./Libs/BSP/Libs/kalman.o
LOAD ./Libs/BSP/STM32H7/BSP_Common.o
LOAD ./Libs/BSP/STM32H7/BSP_STM32_ADC.o
LOAD ./Libs/BSP/STM32H7/BSP_STM32_BDMA.o
LOAD ./Libs/BSP/STM32H7/BSP_STM32_CORE.o
LOAD ./Libs/BSP/STM32H7/BSP_STM32_DMA.o
LOAD ./Libs/BSP/STM32H7/BSP_STM32_DMA2D.o
LOAD ./Libs/BSP/STM32H7/BSP_STM32_FMC.o
LOAD ./Libs/BSP/STM32H7/BSP_STM32_GPIO.o
LOAD ./Libs/BSP/STM32H7/BSP_STM32_HSEM.o
LOAD ./Libs/BSP/STM32H7/BSP_STM32_I2C.o
LOAD ./Libs/BSP/STM32H7/BSP_STM32_I2S.o
LOAD ./Libs/BSP/STM32H7/BSP_STM32_JPEG.o
LOAD ./Libs/BSP/STM32H7/BSP_STM32_LTDC.o
LOAD ./Libs/BSP/STM32H7/BSP_STM32_PCD.o
LOAD ./Libs/BSP/STM32H7/BSP_STM32_PWR.o
LOAD ./Libs/BSP/STM32H7/BSP_STM32_QUADSPI.o
LOAD ./Libs/BSP/STM32H7/BSP_STM32_RCC.o
LOAD ./Libs/BSP/STM32H7/BSP_STM32_RTC.o
LOAD ./Libs/BSP/STM32H7/BSP_STM32_SDMMC.o
LOAD ./Libs/BSP/STM32H7/BSP_STM32_SDMMC_ll.o
LOAD ./Libs/BSP/STM32H7/BSP_STM32_TIM.o
LOAD ./Libs/BSP/STM32H7/BSP_STM32_UART.o
LOAD ./Libs/FATFS/BSP_diskio.o
LOAD ./Libs/FATFS/BSP_fatfs.o
LOAD ./Libs/FATFS/BSP_ff_gen_drv.o
LOAD ./Libs/FATFS/BSP_sd_diskio.o
LOAD ./Libs/FATFS/ff.o
LOAD ./Libs/FATFS/ffsystem.o
LOAD ./Libs/FATFS/ffunicode.o
LOAD ./Libs/ST/system_stm32h7xx_dualcore_boot_cm4_cm7.o
LOAD ./Libs/TinyUSB/class/audio/audio_device.o
LOAD ./Libs/TinyUSB/class/bth/bth_device.o
LOAD ./Libs/TinyUSB/class/cdc/cdc_device.o
LOAD ./Libs/TinyUSB/class/cdc/cdc_host.o
LOAD ./Libs/TinyUSB/class/cdc/cdc_rndis_host.o
LOAD ./Libs/TinyUSB/class/dfu/dfu_device.o
LOAD ./Libs/TinyUSB/class/dfu/dfu_rt_device.o
LOAD ./Libs/TinyUSB/class/hid/hid_device.o
LOAD ./Libs/TinyUSB/class/hid/hid_host.o
LOAD ./Libs/TinyUSB/class/midi/midi_device.o
LOAD ./Libs/TinyUSB/class/msc/msc_device.o
LOAD ./Libs/TinyUSB/class/msc/msc_host.o
LOAD ./Libs/TinyUSB/class/net/ecm_rndis_device.o
LOAD ./Libs/TinyUSB/class/net/ncm_device.o
LOAD ./Libs/TinyUSB/class/usbtmc/usbtmc_device.o
LOAD ./Libs/TinyUSB/class/vendor/vendor_device.o
LOAD ./Libs/TinyUSB/class/vendor/vendor_host.o
LOAD ./Libs/TinyUSB/class/video/video_device.o
LOAD ./Libs/TinyUSB/common/tusb_fifo.o
LOAD ./Libs/TinyUSB/device/usbd.o
LOAD ./Libs/TinyUSB/device/usbd_control.o
LOAD ./Libs/TinyUSB/host/hub.o
LOAD ./Libs/TinyUSB/host/usbh.o
LOAD ./Libs/TinyUSB/portable/bridgetek/ft9xx/dcd_ft9xx.o
LOAD ./Libs/TinyUSB/portable/chipidea/ci_hs/dcd_ci_hs.o
LOAD ./Libs/TinyUSB/portable/chipidea/ci_hs/hcd_ci_hs.o
LOAD ./Libs/TinyUSB/portable/dialog/da146xx/dcd_da146xx.o
LOAD ./Libs/TinyUSB/portable/ehci/ehci.o
LOAD ./Libs/TinyUSB/portable/espressif/esp32sx/dcd_esp32sx.o
LOAD ./Libs/TinyUSB/portable/mentor/musb/dcd_musb.o
LOAD ./Libs/TinyUSB/portable/mentor/musb/hcd_musb.o
LOAD ./Libs/TinyUSB/portable/microchip/pic/dcd_pic.o
LOAD ./Libs/TinyUSB/portable/microchip/pic32mz/dcd_pic32mz.o
LOAD ./Libs/TinyUSB/portable/microchip/samd/dcd_samd.o
LOAD ./Libs/TinyUSB/portable/microchip/samg/dcd_samg.o
LOAD ./Libs/TinyUSB/portable/microchip/samx7x/dcd_samx7x.o
LOAD ./Libs/TinyUSB/portable/mindmotion/mm32/dcd_mm32f327x_otg.o
LOAD ./Libs/TinyUSB/portable/nordic/nrf5x/dcd_nrf5x.o
LOAD ./Libs/TinyUSB/portable/nuvoton/nuc120/dcd_nuc120.o
LOAD ./Libs/TinyUSB/portable/nuvoton/nuc121/dcd_nuc121.o
LOAD ./Libs/TinyUSB/portable/nuvoton/nuc505/dcd_nuc505.o
LOAD ./Libs/TinyUSB/portable/nxp/khci/dcd_khci.o
LOAD ./Libs/TinyUSB/portable/nxp/khci/hcd_khci.o
LOAD ./Libs/TinyUSB/portable/nxp/lpc17_40/dcd_lpc17_40.o
LOAD ./Libs/TinyUSB/portable/nxp/lpc17_40/hcd_lpc17_40.o
LOAD ./Libs/TinyUSB/portable/nxp/lpc_ip3511/dcd_lpc_ip3511.o
LOAD ./Libs/TinyUSB/portable/nxp/transdimension/dcd_transdimension.o
LOAD ./Libs/TinyUSB/portable/nxp/transdimension/hcd_transdimension.o
LOAD ./Libs/TinyUSB/portable/ohci/ohci.o
LOAD ./Libs/TinyUSB/portable/raspberrypi/pio_usb/dcd_pio_usb.o
LOAD ./Libs/TinyUSB/portable/raspberrypi/pio_usb/hcd_pio_usb.o
LOAD ./Libs/TinyUSB/portable/raspberrypi/rp2040/dcd_rp2040.o
LOAD ./Libs/TinyUSB/portable/raspberrypi/rp2040/hcd_rp2040.o
LOAD ./Libs/TinyUSB/portable/raspberrypi/rp2040/rp2040_usb.o
LOAD ./Libs/TinyUSB/portable/renesas/rusb2/dcd_rusb2.o
LOAD ./Libs/TinyUSB/portable/renesas/rusb2/hcd_rusb2.o
LOAD ./Libs/TinyUSB/portable/sony/cxd56/dcd_cxd56.o
LOAD ./Libs/TinyUSB/portable/st/stm32_fsdev/dcd_stm32_fsdev.o
LOAD ./Libs/TinyUSB/portable/sunxi/dcd_sunxi_musb.o
LOAD ./Libs/TinyUSB/portable/synopsys/dwc2/dcd_dwc2.o
LOAD ./Libs/TinyUSB/portable/template/dcd_template.o
LOAD ./Libs/TinyUSB/portable/ti/msp430x5xx/dcd_msp430x5xx.o
LOAD ./Libs/TinyUSB/portable/valentyusb/eptri/dcd_eptri.o
LOAD ./Libs/TinyUSB/portable/wch/ch32v307/dcd_usbhs.o
LOAD ./Libs/TinyUSB/tusb.o
LOAD ./Src/main.o
LOAD ./Src/syscalls.o
LOAD ./Src/sysmem.o
LOAD ./Startup/startup_stm32h747bgtx.o
START GROUP
LOAD C:/ST/STM32CubeIDE_1.11.0/STM32CubeIDE/plugins/com.st.stm32cube.ide.mcu.externaltools.gnu-tools-for-stm32.11.3.rel1.win32_1.1.100.202309141235/tools/bin/../lib/gcc/arm-none-eabi/11.3.1/../../../../arm-none-eabi/lib/thumb/v7e-m+dp/hard\libc_nano.a
LOAD C:/ST/STM32CubeIDE_1.11.0/STM32CubeIDE/plugins/com.st.stm32cube.ide.mcu.externaltools.gnu-tools-for-stm32.11.3.rel1.win32_1.1.100.202309141235/tools/bin/../lib/gcc/arm-none-eabi/11.3.1/../../../../arm-none-eabi/lib/thumb/v7e-m+dp/hard\libm.a
END GROUP
START GROUP
LOAD C:/ST/STM32CubeIDE_1.11.0/STM32CubeIDE/plugins/com.st.stm32cube.ide.mcu.externaltools.gnu-tools-for-stm32.11.3.rel1.win32_1.1.100.202309141235/tools/bin/../lib/gcc/arm-none-eabi/11.3.1/thumb/v7e-m+dp/hard\libgcc.a
LOAD C:/ST/STM32CubeIDE_1.11.0/STM32CubeIDE/plugins/com.st.stm32cube.ide.mcu.externaltools.gnu-tools-for-stm32.11.3.rel1.win32_1.1.100.202309141235/tools/bin/../lib/gcc/arm-none-eabi/11.3.1/../../../../arm-none-eabi/lib/thumb/v7e-m+dp/hard\libc_nano.a
END GROUP
START GROUP
LOAD C:/ST/STM32CubeIDE_1.11.0/STM32CubeIDE/plugins/com.st.stm32cube.ide.mcu.externaltools.gnu-tools-for-stm32.11.3.rel1.win32_1.1.100.202309141235/tools/bin/../lib/gcc/arm-none-eabi/11.3.1/thumb/v7e-m+dp/hard\libgcc.a
LOAD C:/ST/STM32CubeIDE_1.11.0/STM32CubeIDE/plugins/com.st.stm32cube.ide.mcu.externaltools.gnu-tools-for-stm32.11.3.rel1.win32_1.1.100.202309141235/tools/bin/../lib/gcc/arm-none-eabi/11.3.1/../../../../arm-none-eabi/lib/thumb/v7e-m+dp/hard\libc_nano.a
LOAD C:/ST/STM32CubeIDE_1.11.0/STM32CubeIDE/plugins/com.st.stm32cube.ide.mcu.externaltools.gnu-tools-for-stm32.11.3.rel1.win32_1.1.100.202309141235/tools/bin/../lib/gcc/arm-none-eabi/11.3.1/../../../../arm-none-eabi/lib/thumb/v7e-m+dp/hard\libnosys.a
END GROUP
START GROUP
LOAD C:/ST/STM32CubeIDE_1.11.0/STM32CubeIDE/plugins/com.st.stm32cube.ide.mcu.externaltools.gnu-tools-for-stm32.11.3.rel1.win32_1.1.100.202309141235/tools/bin/../lib/gcc/arm-none-eabi/11.3.1/thumb/v7e-m+dp/hard\libgcc.a
LOAD C:/ST/STM32CubeIDE_1.11.0/STM32CubeIDE/plugins/com.st.stm32cube.ide.mcu.externaltools.gnu-tools-for-stm32.11.3.rel1.win32_1.1.100.202309141235/tools/bin/../lib/gcc/arm-none-eabi/11.3.1/../../../../arm-none-eabi/lib/thumb/v7e-m+dp/hard\libc_nano.a
LOAD C:/ST/STM32CubeIDE_1.11.0/STM32CubeIDE/plugins/com.st.stm32cube.ide.mcu.externaltools.gnu-tools-for-stm32.11.3.rel1.win32_1.1.100.202309141235/tools/bin/../lib/gcc/arm-none-eabi/11.3.1/../../../../arm-none-eabi/lib/thumb/v7e-m+dp/hard\libnosys.a
END GROUP
LOAD C:/ST/STM32CubeIDE_1.11.0/STM32CubeIDE/plugins/com.st.stm32cube.ide.mcu.externaltools.gnu-tools-for-stm32.11.3.rel1.win32_1.1.100.202309141235/tools/bin/../lib/gcc/arm-none-eabi/11.3.1/thumb/v7e-m+dp/hard/crtend.o
LOAD C:/ST/STM32CubeIDE_1.11.0/STM32CubeIDE/plugins/com.st.stm32cube.ide.mcu.externaltools.gnu-tools-for-stm32.11.3.rel1.win32_1.1.100.202309141235/tools/bin/../lib/gcc/arm-none-eabi/11.3.1/thumb/v7e-m+dp/hard/crtn.o
                0x0000000024020000                _estack = (ORIGIN (OS_RAM) + LENGTH (OS_RAM))
                0x0000000000000200                _Min_Heap_Size = 0x200
                0x0000000000000400                _Min_Stack_Size = 0x400

.isr_vector     0x0000000008000000      0x298
                0x0000000008000000                . = ALIGN (0x4)
 *(.isr_vector)
 .isr_vector    0x0000000008000000      0x298 ./Startup/startup_stm32h747bgtx.o
                0x0000000008000000                g_pfnVectors
                0x0000000008000298                . = ALIGN (0x4)

.text           0x0000000008000298    0x123a0
                0x0000000008000298                . = ALIGN (0x4)
 *(.text)
 .text          0x0000000008000298       0x40 C:/ST/STM32CubeIDE_1.11.0/STM32CubeIDE/plugins/com.st.stm32cube.ide.mcu.externaltools.gnu-tools-for-stm32.11.3.rel1.win32_1.1.100.202309141235/tools/bin/../lib/gcc/arm-none-eabi/11.3.1/thumb/v7e-m+dp/hard/crtbegin.o
 .text          0x00000000080002d8       0x10 C:/ST/STM32CubeIDE_1.11.0/STM32CubeIDE/plugins/com.st.stm32cube.ide.mcu.externaltools.gnu-tools-for-stm32.11.3.rel1.win32_1.1.100.202309141235/tools/bin/../lib/gcc/arm-none-eabi/11.3.1/../../../../arm-none-eabi/lib/thumb/v7e-m+dp/hard\libc_nano.a(libc_a-strlen.o)
                0x00000000080002d8                strlen
 .text          0x00000000080002e8       0x30 C:/ST/STM32CubeIDE_1.11.0/STM32CubeIDE/plugins/com.st.stm32cube.ide.mcu.externaltools.gnu-tools-for-stm32.11.3.rel1.win32_1.1.100.202309141235/tools/bin/../lib/gcc/arm-none-eabi/11.3.1/thumb/v7e-m+dp/hard\libgcc.a(_aeabi_uldivmod.o)
                0x00000000080002e8                __aeabi_uldivmod
 .text          0x0000000008000318      0x2c8 C:/ST/STM32CubeIDE_1.11.0/STM32CubeIDE/plugins/com.st.stm32cube.ide.mcu.externaltools.gnu-tools-for-stm32.11.3.rel1.win32_1.1.100.202309141235/tools/bin/../lib/gcc/arm-none-eabi/11.3.1/thumb/v7e-m+dp/hard\libgcc.a(_udivmoddi4.o)
                0x0000000008000318                __udivmoddi4
 .text          0x00000000080005e0        0x4 C:/ST/STM32CubeIDE_1.11.0/STM32CubeIDE/plugins/com.st.stm32cube.ide.mcu.externaltools.gnu-tools-for-stm32.11.3.rel1.win32_1.1.100.202309141235/tools/bin/../lib/gcc/arm-none-eabi/11.3.1/thumb/v7e-m+dp/hard\libgcc.a(_dvmd_tls.o)
                0x00000000080005e0                __aeabi_idiv0
                0x00000000080005e0                __aeabi_ldiv0
 *(.text*)
 .text.BSP_DRV_QSPI_Reset
                0x00000000080005e4       0xb0 ./Libs/BSP/Components/IS25LP128F.o
                0x00000000080005e4                BSP_DRV_QSPI_Reset
 .text.BSP_DRV_QSPI_Init
                0x0000000008000694      0x260 ./Libs/BSP/Components/IS25LP128F.o
                0x0000000008000694                BSP_DRV_QSPI_Init
 *fill*         0x00000000080008f4        0x4 
 .text.BSP_DRV_SDRAM_Init
                0x00000000080008f8      0x240 ./Libs/BSP/Components/IS42S32160F.o
                0x00000000080008f8                BSP_DRV_SDRAM_Init
 .text.BSP_DRV_IMU_Init
                0x0000000008000b38       0xd8 ./Libs/BSP/Components/MPU6050.o
                0x0000000008000b38                BSP_DRV_IMU_Init
 .text.BSP_DRV_IMU_Parse
                0x0000000008000c10      0x274 ./Libs/BSP/Components/MPU6050.o
                0x0000000008000c10                BSP_DRV_IMU_Parse
 .text.BSP_DRV_LCD_TP_Init
                0x0000000008000e84        0x4 ./Libs/BSP/Components/RVT50AQTNWC00.o
                0x0000000008000e84                BSP_DRV_LCD_TP_Init
 .text.BSP_DRV_LCD_TP_Parse
                0x0000000008000e88      0x478 ./Libs/BSP/Components/RVT50AQTNWC00.o
                0x0000000008000e88                BSP_DRV_LCD_TP_Parse
 .text.BSP_DRV_LCD_TP_Reset
                0x0000000008001300       0x30 ./Libs/BSP/Components/RVT50AQTNWC00.o
                0x0000000008001300                BSP_DRV_LCD_TP_Reset
 .text.BSP_BOARD_Init_CM7
                0x0000000008001330      0x148 ./Libs/BSP/Core_CM7/BSP.o
                0x0000000008001330                BSP_BOARD_Init_CM7
 .text.NMI_Handler
                0x0000000008001478        0x4 ./Libs/BSP/Core_CM7/BSP.o
                0x0000000008001478                NMI_Handler
 .text.HardFault_Handler
                0x000000000800147c        0x4 ./Libs/BSP/Core_CM7/BSP.o
                0x000000000800147c                HardFault_Handler
 .text.MemManage_Handler
                0x0000000008001480        0x4 ./Libs/BSP/Core_CM7/BSP.o
                0x0000000008001480                MemManage_Handler
 .text.BusFault_Handler
                0x0000000008001484        0x4 ./Libs/BSP/Core_CM7/BSP.o
                0x0000000008001484                BusFault_Handler
 .text.UsageFault_Handler
                0x0000000008001488        0x4 ./Libs/BSP/Core_CM7/BSP.o
                0x0000000008001488                UsageFault_Handler
 .text.SVC_Handler
                0x000000000800148c        0x4 ./Libs/BSP/Core_CM7/BSP.o
                0x000000000800148c                SVC_Handler
 .text.DebugMon_Handler
                0x0000000008001490        0x4 ./Libs/BSP/Core_CM7/BSP.o
                0x0000000008001490                DebugMon_Handler
 .text.PendSV_Handler
                0x0000000008001494        0x4 ./Libs/BSP/Core_CM7/BSP.o
                0x0000000008001494                PendSV_Handler
 .text.SysTick_Handler
                0x0000000008001498        0x4 ./Libs/BSP/Core_CM7/BSP.o
                0x0000000008001498                SysTick_Handler
 .text.BSP_Error_Handler
                0x000000000800149c        0x4 ./Libs/BSP/Core_CM7/BSP.o
                0x000000000800149c                BSP_Error_Handler
 .text.EXTI15_10_IRQHandler
                0x00000000080014a0       0x40 ./Libs/BSP/Core_CM7/BSP.o
                0x00000000080014a0                EXTI15_10_IRQHandler
 .text.EXTI9_5_IRQHandler
                0x00000000080014e0       0x24 ./Libs/BSP/Core_CM7/BSP.o
                0x00000000080014e0                EXTI9_5_IRQHandler
 .text.SPI3_IRQHandler
                0x0000000008001504       0x10 ./Libs/BSP/Core_CM7/BSP_Audio.o
                0x0000000008001504                SPI3_IRQHandler
 .text.BSP_IMU_Init
                0x0000000008001514       0x68 ./Libs/BSP/Core_CM7/BSP_IMU.o
                0x0000000008001514                BSP_IMU_Init
 .text.EXTI11_IRQHandler
                0x000000000800157c       0x28 ./Libs/BSP/Core_CM7/BSP_IMU.o
                0x000000000800157c                EXTI11_IRQHandler
 .text.I2C4_EV_IRQHandler
                0x00000000080015a4       0x24 ./Libs/BSP/Core_CM7/BSP_IMU.o
                0x00000000080015a4                I2C4_EV_IRQHandler
 .text.BSP_Inputs_Init
                0x00000000080015c8       0xb8 ./Libs/BSP/Core_CM7/BSP_Inputs.o
                0x00000000080015c8                BSP_Inputs_Init
 .text.BSP_Inputs_ParseData
                0x0000000008001680      0x164 ./Libs/BSP/Core_CM7/BSP_Inputs.o
                0x0000000008001680                BSP_Inputs_ParseData
 .text.TIM2_IRQHandler
                0x00000000080017e4       0x18 ./Libs/BSP/Core_CM7/BSP_Inputs.o
                0x00000000080017e4                TIM2_IRQHandler
 .text._ARGB8888_color
                0x00000000080017fc        0xc ./Libs/BSP/Core_CM7/BSP_LCD.o
 .text._ARGB8888_dma2dwait
                0x0000000008001808       0x10 ./Libs/BSP/Core_CM7/BSP_LCD.o
 .text._ARGB1555_color
                0x0000000008001818       0x24 ./Libs/BSP/Core_CM7/BSP_LCD.o
 .text._ARGB1555_alpha
                0x000000000800183c       0x10 ./Libs/BSP/Core_CM7/BSP_LCD.o
 .text._ARGB4444_color
                0x000000000800184c       0x1c ./Libs/BSP/Core_CM7/BSP_LCD.o
 .text._ARGB4444_alpha
                0x0000000008001868        0xc ./Libs/BSP/Core_CM7/BSP_LCD.o
 .text._RGB888_updatepixel
                0x0000000008001874       0x3c ./Libs/BSP/Core_CM7/BSP_LCD.o
 .text._AL88_alpha
                0x00000000080018b0       0x10 ./Libs/BSP/Core_CM7/BSP_LCD.o
 .text._L8_color
                0x00000000080018c0       0x8c ./Libs/BSP/Core_CM7/BSP_LCD.o
 .text._L8_alpha
                0x000000000800194c        0x4 ./Libs/BSP/Core_CM7/BSP_LCD.o
 .text._ARGB8888_copybufJPEG
                0x0000000008001950       0xe4 ./Libs/BSP/Core_CM7/BSP_LCD.o
 .text._ARGB1555_copybufJPEG
                0x0000000008001a34       0xe4 ./Libs/BSP/Core_CM7/BSP_LCD.o
 .text._ARGB4444_copybufJPEG
                0x0000000008001b18       0xe4 ./Libs/BSP/Core_CM7/BSP_LCD.o
 .text._RGB888_copybufJPEG
                0x0000000008001bfc       0xe4 ./Libs/BSP/Core_CM7/BSP_LCD.o
 .text._ARGB8888_copybufblend
                0x0000000008001ce0       0x58 ./Libs/BSP/Core_CM7/BSP_LCD.o
 .text._ARGB1555_copybufblend
                0x0000000008001d38       0x58 ./Libs/BSP/Core_CM7/BSP_LCD.o
 .text._ARGB4444_copybufblend
                0x0000000008001d90       0x58 ./Libs/BSP/Core_CM7/BSP_LCD.o
 .text._RGB888_copybufblend
                0x0000000008001de8       0x54 ./Libs/BSP/Core_CM7/BSP_LCD.o
 .text._ARGB8888_copybuf
                0x0000000008001e3c       0x50 ./Libs/BSP/Core_CM7/BSP_LCD.o
 .text._ARGB1555_copybuf
                0x0000000008001e8c       0x50 ./Libs/BSP/Core_CM7/BSP_LCD.o
 .text._ARGB4444_copybuf
                0x0000000008001edc       0x50 ./Libs/BSP/Core_CM7/BSP_LCD.o
 .text._RGB888_copybuf
                0x0000000008001f2c       0x50 ./Libs/BSP/Core_CM7/BSP_LCD.o
 .text._AL88_copybuf
                0x0000000008001f7c       0x50 ./Libs/BSP/Core_CM7/BSP_LCD.o
 .text._L8_copybuf
                0x0000000008001fcc      0x108 ./Libs/BSP/Core_CM7/BSP_LCD.o
 .text._L8_copybufblend
                0x00000000080020d4       0x1c ./Libs/BSP/Core_CM7/BSP_LCD.o
 .text._ARGB8888_fillbufblend
                0x00000000080020f0       0x4c ./Libs/BSP/Core_CM7/BSP_LCD.o
 .text._ARGB1555_fillbufblend
                0x000000000800213c       0x50 ./Libs/BSP/Core_CM7/BSP_LCD.o
 .text._ARGB4444_fillbufblend
                0x000000000800218c       0x50 ./Libs/BSP/Core_CM7/BSP_LCD.o
 .text._RGB888_fillbufblend
                0x00000000080021dc       0x4c ./Libs/BSP/Core_CM7/BSP_LCD.o
 .text._ARGB8888_fillbuf
                0x0000000008002228       0x48 ./Libs/BSP/Core_CM7/BSP_LCD.o
 .text._ARGB1555_fillbuf
                0x0000000008002270       0x48 ./Libs/BSP/Core_CM7/BSP_LCD.o
 .text._ARGB4444_fillbuf
                0x00000000080022b8       0x48 ./Libs/BSP/Core_CM7/BSP_LCD.o
 .text._RGB888_fillbuf
                0x0000000008002300       0x48 ./Libs/BSP/Core_CM7/BSP_LCD.o
 .text._AL88_fillbuf
                0x0000000008002348       0x48 ./Libs/BSP/Core_CM7/BSP_LCD.o
 .text._L8_fillbuf
                0x0000000008002390       0xf4 ./Libs/BSP/Core_CM7/BSP_LCD.o
 .text._L8_copybufJPEG
                0x0000000008002484       0x4c ./Libs/BSP/Core_CM7/BSP_LCD.o
 .text._L8_fillbufblend
                0x00000000080024d0       0x10 ./Libs/BSP/Core_CM7/BSP_LCD.o
 .text._ARGB8888_updatepixel
                0x00000000080024e0       0x24 ./Libs/BSP/Core_CM7/BSP_LCD.o
 .text._ARGB8888_updatepixelblend
                0x0000000008002504       0x80 ./Libs/BSP/Core_CM7/BSP_LCD.o
 .text._ARGB8888_getpixel
                0x0000000008002584       0x24 ./Libs/BSP/Core_CM7/BSP_LCD.o
 .text._ARGB1555_updatepixel
                0x00000000080025a8       0x24 ./Libs/BSP/Core_CM7/BSP_LCD.o
 .text._ARGB1555_updatepixelblend
                0x00000000080025cc       0x2c ./Libs/BSP/Core_CM7/BSP_LCD.o
 .text._ARGB1555_getpixel
                0x00000000080025f8       0x24 ./Libs/BSP/Core_CM7/BSP_LCD.o
 .text._ARGB4444_updatepixelblend
                0x000000000800261c       0x84 ./Libs/BSP/Core_CM7/BSP_LCD.o
 .text._RGB888_updatepixelblend
                0x00000000080026a0       0x6c ./Libs/BSP/Core_CM7/BSP_LCD.o
 .text._RGB888_getpixel
                0x000000000800270c       0x3c ./Libs/BSP/Core_CM7/BSP_LCD.o
 .text._AL88_updatepixelblend
                0x0000000008002748       0x2c ./Libs/BSP/Core_CM7/BSP_LCD.o
 .text._L8_updatepixel
                0x0000000008002774       0x24 ./Libs/BSP/Core_CM7/BSP_LCD.o
 .text._L8_updatepixelblend
                0x0000000008002798       0x28 ./Libs/BSP/Core_CM7/BSP_LCD.o
 .text._L8_getpixel
                0x00000000080027c0       0x20 ./Libs/BSP/Core_CM7/BSP_LCD.o
 .text._RGB888_alpha
                0x00000000080027e0        0xc ./Libs/BSP/Core_CM7/BSP_LCD.o
 .text._ARGB8888_alpha
                0x00000000080027ec        0xc ./Libs/BSP/Core_CM7/BSP_LCD.o
 .text._RGB888_color
                0x00000000080027f8        0xc ./Libs/BSP/Core_CM7/BSP_LCD.o
 .text._AL88_color
                0x0000000008002804       0x90 ./Libs/BSP/Core_CM7/BSP_LCD.o
 .text._AL88_dma2dwait
                0x0000000008002894       0x10 ./Libs/BSP/Core_CM7/BSP_LCD.o
 .text._L8_dma2dwait
                0x00000000080028a4       0x10 ./Libs/BSP/Core_CM7/BSP_LCD.o
 .text._ARGB1555_dma2dwait
                0x00000000080028b4       0x10 ./Libs/BSP/Core_CM7/BSP_LCD.o
 .text._RGB888_dma2dwait
                0x00000000080028c4       0x10 ./Libs/BSP/Core_CM7/BSP_LCD.o
 .text._ARGB4444_dma2dwait
                0x00000000080028d4       0x10 ./Libs/BSP/Core_CM7/BSP_LCD.o
 .text._AL88_getpixel
                0x00000000080028e4       0x24 ./Libs/BSP/Core_CM7/BSP_LCD.o
 .text._ARGB4444_getpixel
                0x0000000008002908       0x24 ./Libs/BSP/Core_CM7/BSP_LCD.o
 .text._AL88_updatepixel
                0x000000000800292c       0x24 ./Libs/BSP/Core_CM7/BSP_LCD.o
 .text._ARGB4444_updatepixel
                0x0000000008002950       0x24 ./Libs/BSP/Core_CM7/BSP_LCD.o
 .text._AL88_copybufblend
                0x0000000008002974       0x4c ./Libs/BSP/Core_CM7/BSP_LCD.o
 .text._AL88_fillbufblend
                0x00000000080029c0       0x48 ./Libs/BSP/Core_CM7/BSP_LCD.o
 .text._AL88_copybufJPEG
                0x0000000008002a08       0x78 ./Libs/BSP/Core_CM7/BSP_LCD.o
 .text.BSP_LCD_Init
                0x0000000008002a80      0x62c ./Libs/BSP/Core_CM7/BSP_LCD.o
                0x0000000008002a80                BSP_LCD_Init
 .text.BSP_LCD_FrameReady
                0x00000000080030ac       0x60 ./Libs/BSP/Core_CM7/BSP_LCD.o
                0x00000000080030ac                BSP_LCD_FrameReady
 .text.BSP_LCD_InitBackLight
                0x000000000800310c       0x58 ./Libs/BSP/Core_CM7/BSP_LCD.o
                0x000000000800310c                BSP_LCD_InitBackLight
 .text.BSP_LCD_SetBackLight
                0x0000000008003164       0x10 ./Libs/BSP/Core_CM7/BSP_LCD.o
                0x0000000008003164                BSP_LCD_SetBackLight
 .text.BSP_LCD_DecodeJPEG
                0x0000000008003174       0x24 ./Libs/BSP/Core_CM7/BSP_LCD.o
                0x0000000008003174                BSP_LCD_DecodeJPEG
 .text.BSP_LCD_GetEditFrameAddr
                0x0000000008003198       0x14 ./Libs/BSP/Core_CM7/BSP_LCD.o
                0x0000000008003198                BSP_LCD_GetEditFrameAddr
 .text.BSP_LCD_GetColorMode
                0x00000000080031ac        0xc ./Libs/BSP/Core_CM7/BSP_LCD.o
                0x00000000080031ac                BSP_LCD_GetColorMode
 .text.LTDC_IRQHandler
                0x00000000080031b8       0xe4 ./Libs/BSP/Core_CM7/BSP_LCD.o
                0x00000000080031b8                LTDC_IRQHandler
 .text.DMA2D_IRQHandler
                0x000000000800329c       0x18 ./Libs/BSP/Core_CM7/BSP_LCD.o
                0x000000000800329c                DMA2D_IRQHandler
 .text.BSP_LCD_TP_Init
                0x00000000080032b4       0x74 ./Libs/BSP/Core_CM7/BSP_LCD_TP.o
                0x00000000080032b4                BSP_LCD_TP_Init
 .text.EXTI13_IRQHandler
                0x0000000008003328       0x34 ./Libs/BSP/Core_CM7/BSP_LCD_TP.o
                0x0000000008003328                EXTI13_IRQHandler
 .text.I2C1_EV_IRQHandler
                0x000000000800335c       0x44 ./Libs/BSP/Core_CM7/BSP_LCD_TP.o
                0x000000000800335c                I2C1_EV_IRQHandler
 .text.BSP_QSPI_Init
                0x00000000080033a0       0x30 ./Libs/BSP/Core_CM7/BSP_QSPI.o
                0x00000000080033a0                BSP_QSPI_Init
 .text.BSP_Res_Init
                0x00000000080033d0       0x6c ./Libs/BSP/Core_CM7/BSP_Resources.o
                0x00000000080033d0                BSP_Res_Init
 .text.BSP_Res_Load
                0x000000000800343c       0xa0 ./Libs/BSP/Core_CM7/BSP_Resources.o
                0x000000000800343c                BSP_Res_Load
 .text.BSP_Res_GetAddr
                0x00000000080034dc        0x8 ./Libs/BSP/Core_CM7/BSP_Resources.o
                0x00000000080034dc                BSP_Res_GetAddr
 .text.BSP_Res_GetSize
                0x00000000080034e4        0x8 ./Libs/BSP/Core_CM7/BSP_Resources.o
                0x00000000080034e4                BSP_Res_GetSize
 .text.BSP_SDCARD_Init
                0x00000000080034ec       0x1c ./Libs/BSP/Core_CM7/BSP_SDCARD.o
                0x00000000080034ec                BSP_SDCARD_Init
 .text.BSP_SDCARD_ReadBlocks
                0x0000000008003508       0x40 ./Libs/BSP/Core_CM7/BSP_SDCARD.o
                0x0000000008003508                BSP_SDCARD_ReadBlocks
 .text.BSP_SDCARD_WriteBlocks
                0x0000000008003548       0x40 ./Libs/BSP/Core_CM7/BSP_SDCARD.o
                0x0000000008003548                BSP_SDCARD_WriteBlocks
 .text.BSP_SDCARD_GetBlockNo
                0x0000000008003588        0xc ./Libs/BSP/Core_CM7/BSP_SDCARD.o
                0x0000000008003588                BSP_SDCARD_GetBlockNo
 .text.BSP_SDCARD_GetBlockSize
                0x0000000008003594        0xc ./Libs/BSP/Core_CM7/BSP_SDCARD.o
                0x0000000008003594                BSP_SDCARD_GetBlockSize
 .text.BSP_SDCARD_GetCardState
                0x00000000080035a0       0x1c ./Libs/BSP/Core_CM7/BSP_SDCARD.o
                0x00000000080035a0                BSP_SDCARD_GetCardState
 .text.BSP_SDRAM_Init
                0x00000000080035bc       0x1c ./Libs/BSP/Core_CM7/BSP_SDRAM.o
                0x00000000080035bc                BSP_SDRAM_Init
 .text.BSP_STM32_MPU_Init
                0x00000000080035d8      0x1bc ./Libs/BSP/Core_CM7/BSP_STM32.o
                0x00000000080035d8                BSP_STM32_MPU_Init
 .text.BSP_STM32_Init_SysClocks
                0x0000000008003794      0x188 ./Libs/BSP/Core_CM7/BSP_STM32.o
                0x0000000008003794                BSP_STM32_Init_SysClocks
 .text.BSP_STM32_Init_PeriphClocks
                0x000000000800391c      0x318 ./Libs/BSP/Core_CM7/BSP_STM32.o
                0x000000000800391c                BSP_STM32_Init_PeriphClocks
 .text.BSP_STM32_Init_NVIC
                0x0000000008003c34       0xc8 ./Libs/BSP/Core_CM7/BSP_STM32.o
                0x0000000008003c34                BSP_STM32_Init_NVIC
 .text.BSP_STM32_Init_GPIO
                0x0000000008003cfc      0x404 ./Libs/BSP/Core_CM7/BSP_STM32.o
                0x0000000008003cfc                BSP_STM32_Init_GPIO
 .text.BSP_IncTick
                0x0000000008004100       0x18 ./Libs/BSP/Core_CM7/BSP_STM32.o
                0x0000000008004100                BSP_IncTick
 .text.BSP_GetTick
                0x0000000008004118        0xc ./Libs/BSP/Core_CM7/BSP_STM32.o
                0x0000000008004118                BSP_GetTick
 .text.BSP_Delay
                0x0000000008004124       0x1c ./Libs/BSP/Core_CM7/BSP_STM32.o
                0x0000000008004124                BSP_Delay
 .text.BSP_Serial_Init
                0x0000000008004140       0x70 ./Libs/BSP/Core_CM7/BSP_Serial.o
                0x0000000008004140                BSP_Serial_Init
 .text.USART2_IRQHandler
                0x00000000080041b0       0x10 ./Libs/BSP/Core_CM7/BSP_Serial.o
                0x00000000080041b0                USART2_IRQHandler
 .text.BSP_USB_Init_MSC
                0x00000000080041c0       0x1c ./Libs/BSP/Core_CM7/BSP_USB.o
                0x00000000080041c0                BSP_USB_Init_MSC
 .text.BSP_USB_Task
                0x00000000080041dc       0x48 ./Libs/BSP/Core_CM7/BSP_USB.o
                0x00000000080041dc                BSP_USB_Task
 .text.OTG_FS_IRQHandler
                0x0000000008004224        0x8 ./Libs/BSP/Core_CM7/BSP_USB.o
                0x0000000008004224                OTG_FS_IRQHandler
 .text.tud_mount_cb
                0x000000000800422c        0x4 ./Libs/BSP/Core_CM7/BSP_USB.o
                0x000000000800422c                tud_mount_cb
 .text.tud_umount_cb
                0x0000000008004230        0x4 ./Libs/BSP/Core_CM7/BSP_USB.o
                0x0000000008004230                tud_umount_cb
 .text.tud_suspend_cb
                0x0000000008004234        0x4 ./Libs/BSP/Core_CM7/BSP_USB.o
                0x0000000008004234                tud_suspend_cb
 .text.tud_resume_cb
                0x0000000008004238        0x4 ./Libs/BSP/Core_CM7/BSP_USB.o
                0x0000000008004238                tud_resume_cb
 .text.tud_descriptor_device_cb
                0x000000000800423c       0x24 ./Libs/BSP/Core_CM7/BSP_USB.o
                0x000000000800423c                tud_descriptor_device_cb
 .text.tud_descriptor_configuration_cb
                0x0000000008004260       0x24 ./Libs/BSP/Core_CM7/BSP_USB.o
                0x0000000008004260                tud_descriptor_configuration_cb
 .text.tud_descriptor_string_cb
                0x0000000008004284       0x70 ./Libs/BSP/Core_CM7/BSP_USB.o
                0x0000000008004284                tud_descriptor_string_cb
 .text.tud_msc_read10_cb
                0x00000000080042f4       0x18 ./Libs/BSP/Core_CM7/BSP_USB.o
                0x00000000080042f4                tud_msc_read10_cb
 .text.tud_msc_write10_cb
                0x000000000800430c       0x18 ./Libs/BSP/Core_CM7/BSP_USB.o
                0x000000000800430c                tud_msc_write10_cb
 .text.tud_msc_inquiry_cb
                0x0000000008004324       0x50 ./Libs/BSP/Core_CM7/BSP_USB.o
                0x0000000008004324                tud_msc_inquiry_cb
 .text.tud_msc_test_unit_ready_cb
                0x0000000008004374        0x4 ./Libs/BSP/Core_CM7/BSP_USB.o
                0x0000000008004374                tud_msc_test_unit_ready_cb
 .text.tud_msc_capacity_cb
                0x0000000008004378       0x14 ./Libs/BSP/Core_CM7/BSP_USB.o
                0x0000000008004378                tud_msc_capacity_cb
 .text.tud_msc_scsi_cb
                0x000000000800438c       0x14 ./Libs/BSP/Core_CM7/BSP_USB.o
                0x000000000800438c                tud_msc_scsi_cb
 .text.tud_msc_start_stop_cb
                0x00000000080043a0        0x4 ./Libs/BSP/Core_CM7/BSP_USB.o
                0x00000000080043a0                tud_msc_start_stop_cb
 .text.tud_msc_request_sense_cb
                0x00000000080043a4        0x4 ./Libs/BSP/Core_CM7/BSP_USB.o
                0x00000000080043a4                tud_msc_request_sense_cb
 .text.tud_msc_is_writable_cb
                0x00000000080043a8        0x4 ./Libs/BSP/Core_CM7/BSP_USB.o
                0x00000000080043a8                tud_msc_is_writable_cb
 .text.G2D_DrawFillRectBlend
                0x00000000080043ac       0x58 ./Libs/BSP/Libs/graph2d.o
                0x00000000080043ac                G2D_DrawFillRectBlend
 .text.G2D_DrawCircle
                0x0000000008004404      0x15c ./Libs/BSP/Libs/graph2d.o
                0x0000000008004404                G2D_DrawCircle
 .text.G2D_DrawFillCircleBlend
                0x0000000008004560      0x24c ./Libs/BSP/Libs/graph2d.o
                0x0000000008004560                G2D_DrawFillCircleBlend
 .text.G2D_DrawRoundRect
                0x00000000080047ac      0x3f0 ./Libs/BSP/Libs/graph2d.o
                0x00000000080047ac                G2D_DrawRoundRect
 .text.G2D_DrawFillRoundRectBlend
                0x0000000008004b9c      0x3a8 ./Libs/BSP/Libs/graph2d.o
                0x0000000008004b9c                G2D_DrawFillRoundRectBlend
 .text.G2D_TextBlend
                0x0000000008004f44      0x24c ./Libs/BSP/Libs/graph2d.o
                0x0000000008004f44                G2D_TextBlend
 .text.G2D_DrawIconBlend
                0x0000000008005190      0x118 ./Libs/BSP/Libs/graph2d.o
                0x0000000008005190                G2D_DrawIconBlend
 .text.G2D_DrawLastJPEG
                0x00000000080052a8       0x10 ./Libs/BSP/Libs/graph2d.o
                0x00000000080052a8                G2D_DrawLastJPEG
 .text.G2D_DecodeJPEG
                0x00000000080052b8        0x4 ./Libs/BSP/Libs/graph2d.o
                0x00000000080052b8                G2D_DecodeJPEG
 .text.KALMAN_Init
                0x00000000080052bc       0x38 ./Libs/BSP/Libs/kalman.o
                0x00000000080052bc                KALMAN_Init
 .text.KALMAN_Update
                0x00000000080052f4       0xdc ./Libs/BSP/Libs/kalman.o
                0x00000000080052f4                KALMAN_Update
 .text.BSP_ADC_Init
                0x00000000080053d0       0xe4 ./Libs/BSP/STM32H7/BSP_STM32_ADC.o
                0x00000000080053d0                BSP_ADC_Init
 .text.BSP_ADC_ConfigChannel
                0x00000000080054b4       0x8c ./Libs/BSP/STM32H7/BSP_STM32_ADC.o
                0x00000000080054b4                BSP_ADC_ConfigChannel
 .text.BSP_ADC_StartDMA
                0x0000000008005540       0x24 ./Libs/BSP/STM32H7/BSP_STM32_ADC.o
                0x0000000008005540                BSP_ADC_StartDMA
 .text.BSP_BDMA_Init
                0x0000000008005564       0x60 ./Libs/BSP/STM32H7/BSP_STM32_BDMA.o
                0x0000000008005564                BSP_BDMA_Init
 .text.BSP_BDMA_CtxLink
                0x00000000080055c4       0x74 ./Libs/BSP/STM32H7/BSP_STM32_BDMA.o
                0x00000000080055c4                BSP_BDMA_CtxLink
 .text.BSP_BDMA_StartIT
                0x0000000008005638       0x44 ./Libs/BSP/STM32H7/BSP_STM32_BDMA.o
                0x0000000008005638                BSP_BDMA_StartIT
 .text.BDMA_Channel0_IRQHandler
                0x000000000800567c       0x74 ./Libs/BSP/STM32H7/BSP_STM32_BDMA.o
                0x000000000800567c                BDMA_Channel0_IRQHandler
 .text.BDMA_Channel1_IRQHandler
                0x00000000080056f0       0x74 ./Libs/BSP/STM32H7/BSP_STM32_BDMA.o
                0x00000000080056f0                BDMA_Channel1_IRQHandler
 .text.BDMA_Channel2_IRQHandler
                0x0000000008005764       0x74 ./Libs/BSP/STM32H7/BSP_STM32_BDMA.o
                0x0000000008005764                BDMA_Channel2_IRQHandler
 .text.BDMA_Channel3_IRQHandler
                0x00000000080057d8       0x74 ./Libs/BSP/STM32H7/BSP_STM32_BDMA.o
                0x00000000080057d8                BDMA_Channel3_IRQHandler
 .text.BDMA_Channel4_IRQHandler
                0x000000000800584c       0x74 ./Libs/BSP/STM32H7/BSP_STM32_BDMA.o
                0x000000000800584c                BDMA_Channel4_IRQHandler
 .text.BDMA_Channel5_IRQHandler
                0x00000000080058c0       0x74 ./Libs/BSP/STM32H7/BSP_STM32_BDMA.o
                0x00000000080058c0                BDMA_Channel5_IRQHandler
 .text.BDMA_Channel6_IRQHandler
                0x0000000008005934       0x74 ./Libs/BSP/STM32H7/BSP_STM32_BDMA.o
                0x0000000008005934                BDMA_Channel6_IRQHandler
 .text.BDMA_Channel7_IRQHandler
                0x00000000080059a8       0x74 ./Libs/BSP/STM32H7/BSP_STM32_BDMA.o
                0x00000000080059a8                BDMA_Channel7_IRQHandler
 .text.BSP_STM32_NVIC_EnableIRQ
                0x0000000008005a1c       0x1c ./Libs/BSP/STM32H7/BSP_STM32_CORE.o
                0x0000000008005a1c                BSP_STM32_NVIC_EnableIRQ
 .text.BSP_STM32_NVIC_SetPriority
                0x0000000008005a38       0x80 ./Libs/BSP/STM32H7/BSP_STM32_CORE.o
                0x0000000008005a38                BSP_STM32_NVIC_SetPriority
 .text.BSP_STM32_NVIC_SetPriorityGrouping
                0x0000000008005ab8       0x2c ./Libs/BSP/STM32H7/BSP_STM32_CORE.o
                0x0000000008005ab8                BSP_STM32_NVIC_SetPriorityGrouping
 .text.BSP_STM32_MPU_Enable
                0x0000000008005ae4       0x24 ./Libs/BSP/STM32H7/BSP_STM32_CORE.o
                0x0000000008005ae4                BSP_STM32_MPU_Enable
 .text.BSP_STM32_MPU_Disable
                0x0000000008005b08       0x1c ./Libs/BSP/STM32H7/BSP_STM32_CORE.o
                0x0000000008005b08                BSP_STM32_MPU_Disable
 .text.BSP_STM32_MPU_ConfigRegion
                0x0000000008005b24       0x68 ./Libs/BSP/STM32H7/BSP_STM32_CORE.o
                0x0000000008005b24                BSP_STM32_MPU_ConfigRegion
 .text.BSP_STM32_DMA_Init
                0x0000000008005b8c       0x68 ./Libs/BSP/STM32H7/BSP_STM32_DMA.o
                0x0000000008005b8c                BSP_STM32_DMA_Init
 .text.BSP_STM32_DMA_CtxLink
                0x0000000008005bf4       0x84 ./Libs/BSP/STM32H7/BSP_STM32_DMA.o
                0x0000000008005bf4                BSP_STM32_DMA_CtxLink
 .text.BSP_STM32_DMA_StartIT
                0x0000000008005c78       0x50 ./Libs/BSP/STM32H7/BSP_STM32_DMA.o
                0x0000000008005c78                BSP_STM32_DMA_StartIT
 .text.BSP_STM32_DMA_GetCounter
                0x0000000008005cc8        0x4 ./Libs/BSP/STM32H7/BSP_STM32_DMA.o
                0x0000000008005cc8                BSP_STM32_DMA_GetCounter
 .text.DMA1_Stream0_IRQHandler
                0x0000000008005ccc      0x108 ./Libs/BSP/STM32H7/BSP_STM32_DMA.o
                0x0000000008005ccc                DMA1_Stream0_IRQHandler
 .text.DMA1_Stream1_IRQHandler
                0x0000000008005dd4      0x108 ./Libs/BSP/STM32H7/BSP_STM32_DMA.o
                0x0000000008005dd4                DMA1_Stream1_IRQHandler
 .text.DMA1_Stream2_IRQHandler
                0x0000000008005edc      0x108 ./Libs/BSP/STM32H7/BSP_STM32_DMA.o
                0x0000000008005edc                DMA1_Stream2_IRQHandler
 .text.DMA1_Stream3_IRQHandler
                0x0000000008005fe4      0x108 ./Libs/BSP/STM32H7/BSP_STM32_DMA.o
                0x0000000008005fe4                DMA1_Stream3_IRQHandler
 .text.DMA1_Stream4_IRQHandler
                0x00000000080060ec      0x108 ./Libs/BSP/STM32H7/BSP_STM32_DMA.o
                0x00000000080060ec                DMA1_Stream4_IRQHandler
 .text.DMA1_Stream5_IRQHandler
                0x00000000080061f4      0x108 ./Libs/BSP/STM32H7/BSP_STM32_DMA.o
                0x00000000080061f4                DMA1_Stream5_IRQHandler
 .text.DMA1_Stream6_IRQHandler
                0x00000000080062fc      0x108 ./Libs/BSP/STM32H7/BSP_STM32_DMA.o
                0x00000000080062fc                DMA1_Stream6_IRQHandler
 .text.DMA1_Stream7_IRQHandler
                0x0000000008006404      0x108 ./Libs/BSP/STM32H7/BSP_STM32_DMA.o
                0x0000000008006404                DMA1_Stream7_IRQHandler
 .text.DMA2_Stream0_IRQHandler
                0x000000000800650c      0x108 ./Libs/BSP/STM32H7/BSP_STM32_DMA.o
                0x000000000800650c                DMA2_Stream0_IRQHandler
 .text.DMA2_Stream1_IRQHandler
                0x0000000008006614      0x108 ./Libs/BSP/STM32H7/BSP_STM32_DMA.o
                0x0000000008006614                DMA2_Stream1_IRQHandler
 .text.DMA2_Stream2_IRQHandler
                0x000000000800671c      0x108 ./Libs/BSP/STM32H7/BSP_STM32_DMA.o
                0x000000000800671c                DMA2_Stream2_IRQHandler
 .text.DMA2_Stream3_IRQHandler
                0x0000000008006824      0x108 ./Libs/BSP/STM32H7/BSP_STM32_DMA.o
                0x0000000008006824                DMA2_Stream3_IRQHandler
 .text.DMA2_Stream4_IRQHandler
                0x000000000800692c      0x108 ./Libs/BSP/STM32H7/BSP_STM32_DMA.o
                0x000000000800692c                DMA2_Stream4_IRQHandler
 .text.DMA2_Stream5_IRQHandler
                0x0000000008006a34      0x108 ./Libs/BSP/STM32H7/BSP_STM32_DMA.o
                0x0000000008006a34                DMA2_Stream5_IRQHandler
 .text.DMA2_Stream6_IRQHandler
                0x0000000008006b3c      0x108 ./Libs/BSP/STM32H7/BSP_STM32_DMA.o
                0x0000000008006b3c                DMA2_Stream6_IRQHandler
 .text.DMA2_Stream7_IRQHandler
                0x0000000008006c44      0x108 ./Libs/BSP/STM32H7/BSP_STM32_DMA.o
                0x0000000008006c44                DMA2_Stream7_IRQHandler
 .text.BSP_STM32_DMA2D_FillBuff
                0x0000000008006d4c       0x74 ./Libs/BSP/STM32H7/BSP_STM32_DMA2D.o
                0x0000000008006d4c                BSP_STM32_DMA2D_FillBuff
 .text.BSP_STM32_DMA2D_FillBuffBlend
                0x0000000008006dc0       0xe4 ./Libs/BSP/STM32H7/BSP_STM32_DMA2D.o
                0x0000000008006dc0                BSP_STM32_DMA2D_FillBuffBlend
 .text.BSP_STM32_DMA2D_CopyBuf
                0x0000000008006ea4       0x8c ./Libs/BSP/STM32H7/BSP_STM32_DMA2D.o
                0x0000000008006ea4                BSP_STM32_DMA2D_CopyBuf
 .text.BSP_STM32_DMA2D_CopyBufJPEG
                0x0000000008006f30       0x9c ./Libs/BSP/STM32H7/BSP_STM32_DMA2D.o
                0x0000000008006f30                BSP_STM32_DMA2D_CopyBufJPEG
 .text.BSP_STM32_DMA2D_CopyBufBlend
                0x0000000008006fcc       0xa8 ./Libs/BSP/STM32H7/BSP_STM32_DMA2D.o
                0x0000000008006fcc                BSP_STM32_DMA2D_CopyBufBlend
 .text.BSP_STM32_DMA2D_IRQHandler
                0x0000000008007074       0x5c ./Libs/BSP/STM32H7/BSP_STM32_DMA2D.o
                0x0000000008007074                BSP_STM32_DMA2D_IRQHandler
 .text.BSP_STM32_GPIO_Init
                0x00000000080070d0      0x280 ./Libs/BSP/STM32H7/BSP_STM32_GPIO.o
                0x00000000080070d0                BSP_STM32_GPIO_Init
 .text.BSP_STM32_GPIO_ReadPin
                0x0000000008007350        0xc ./Libs/BSP/STM32H7/BSP_STM32_GPIO.o
                0x0000000008007350                BSP_STM32_GPIO_ReadPin
 .text.BSP_STM32_GPIO_WritePin
                0x000000000800735c        0xc ./Libs/BSP/STM32H7/BSP_STM32_GPIO.o
                0x000000000800735c                BSP_STM32_GPIO_WritePin
 .text.BSP_STM32_HSEM_FastTake
                0x0000000008007368       0x24 ./Libs/BSP/STM32H7/BSP_STM32_HSEM.o
                0x0000000008007368                BSP_STM32_HSEM_FastTake
 .text.BSP_STM32_HSEM_FastRelease
                0x000000000800738c       0x1c ./Libs/BSP/STM32H7/BSP_STM32_HSEM.o
                0x000000000800738c                BSP_STM32_HSEM_FastRelease
 .text.BSP_STM32_I2C_Init
                0x00000000080073a8       0x50 ./Libs/BSP/STM32H7/BSP_STM32_I2C.o
                0x00000000080073a8                BSP_STM32_I2C_Init
 .text.BSP_STM32_I2C_IsDeviceReady
                0x00000000080073f8       0xd4 ./Libs/BSP/STM32H7/BSP_STM32_I2C.o
                0x00000000080073f8                BSP_STM32_I2C_IsDeviceReady
 .text.BSP_STM32_I2C_RegWrite
                0x00000000080074cc       0x9c ./Libs/BSP/STM32H7/BSP_STM32_I2C.o
                0x00000000080074cc                BSP_STM32_I2C_RegWrite
 .text.BSP_STM32_I2C_MemRead
                0x0000000008007568       0x98 ./Libs/BSP/STM32H7/BSP_STM32_I2C.o
                0x0000000008007568                BSP_STM32_I2C_MemRead
 .text.BSP_STM32_I2C_IRQHandler
                0x0000000008007600      0x140 ./Libs/BSP/STM32H7/BSP_STM32_I2C.o
                0x0000000008007600                BSP_STM32_I2C_IRQHandler
 .text.BSP_STM32_I2S_IRQHandler
                0x0000000008007740       0xac ./Libs/BSP/STM32H7/BSP_STM32_I2S.o
                0x0000000008007740                BSP_STM32_I2S_IRQHandler
 .text.BSP_STM32_JPEG_Init
                0x00000000080077ec       0x40 ./Libs/BSP/STM32H7/BSP_STM32_JPEG.o
                0x00000000080077ec                BSP_STM32_JPEG_Init
 .text.BSP_STM32_JPEG_Decode
                0x000000000800782c      0x1a0 ./Libs/BSP/STM32H7/BSP_STM32_JPEG.o
                0x000000000800782c                BSP_STM32_JPEG_Decode
 .text.BSP_STM32_JPEG_GetWidth
                0x00000000080079cc        0xc ./Libs/BSP/STM32H7/BSP_STM32_JPEG.o
                0x00000000080079cc                BSP_STM32_JPEG_GetWidth
 .text.BSP_STM32_JPEG_GetHeight
                0x00000000080079d8        0xc ./Libs/BSP/STM32H7/BSP_STM32_JPEG.o
                0x00000000080079d8                BSP_STM32_JPEG_GetHeight
 .text.BSP_STM32_JPEG_GetCSS
                0x00000000080079e4        0xc ./Libs/BSP/STM32H7/BSP_STM32_JPEG.o
                0x00000000080079e4                BSP_STM32_JPEG_GetCSS
 .text.BSP_STM32_JPEG_GetColorSpace
                0x00000000080079f0        0xc ./Libs/BSP/STM32H7/BSP_STM32_JPEG.o
                0x00000000080079f0                BSP_STM32_JPEG_GetColorSpace
 .text.BSP_STM32_LTDC_Init
                0x00000000080079fc       0xa0 ./Libs/BSP/STM32H7/BSP_STM32_LTDC.o
                0x00000000080079fc                BSP_STM32_LTDC_Init
 .text.BSP_STM32_LTDC_DisableLayer
                0x0000000008007a9c       0x30 ./Libs/BSP/STM32H7/BSP_STM32_LTDC.o
                0x0000000008007a9c                BSP_STM32_LTDC_DisableLayer
 .text.BSP_STM32_LTDC_EnableLayer
                0x0000000008007acc       0x2c ./Libs/BSP/STM32H7/BSP_STM32_LTDC.o
                0x0000000008007acc                BSP_STM32_LTDC_EnableLayer
 .text.BSP_STM32_LTDC_ConfigLayer
                0x0000000008007af8       0xe0 ./Libs/BSP/STM32H7/BSP_STM32_LTDC.o
                0x0000000008007af8                BSP_STM32_LTDC_ConfigLayer
 .text.BSP_STM32_LTDC_UpdateFrameBufAddr
                0x0000000008007bd8       0x24 ./Libs/BSP/STM32H7/BSP_STM32_LTDC.o
                0x0000000008007bd8                BSP_STM32_LTDC_UpdateFrameBufAddr
 .text.BSP_STM32_LTDC_ConfigCLUT
                0x0000000008007bfc       0x5c ./Libs/BSP/STM32H7/BSP_STM32_LTDC.o
                0x0000000008007bfc                BSP_STM32_LTDC_ConfigCLUT
 .text.BSP_STM32_LTDC_SetTransparentColor
                0x0000000008007c58       0x28 ./Libs/BSP/STM32H7/BSP_STM32_LTDC.o
                0x0000000008007c58                BSP_STM32_LTDC_SetTransparentColor
 .text.BSP_STM32_LTDC_SetLineInt
                0x0000000008007c80       0x20 ./Libs/BSP/STM32H7/BSP_STM32_LTDC.o
                0x0000000008007c80                BSP_STM32_LTDC_SetLineInt
 .text.BSP_STM32_LTDC_IRQHandler
                0x0000000008007ca0       0x7c ./Libs/BSP/STM32H7/BSP_STM32_LTDC.o
                0x0000000008007ca0                BSP_STM32_LTDC_IRQHandler
 .text.BSP_STM32_PCD_EnableUSBVoltageDetector
                0x0000000008007d1c       0x14 ./Libs/BSP/STM32H7/BSP_STM32_PCD.o
                0x0000000008007d1c                BSP_STM32_PCD_EnableUSBVoltageDetector
 .text.BSP_STM32_PWR_ConfigSupply
                0x0000000008007d30       0xa8 ./Libs/BSP/STM32H7/BSP_STM32_PWR.o
                0x0000000008007d30                BSP_STM32_PWR_ConfigSupply
 .text.BSP_STM32_PWR_VoltageScalingConfig
                0x0000000008007dd8       0x80 ./Libs/BSP/STM32H7/BSP_STM32_PWR.o
                0x0000000008007dd8                BSP_STM32_PWR_VoltageScalingConfig
 .text.BSP_STM32_PWR_WaitForVOSRDY
                0x0000000008007e58       0x2c ./Libs/BSP/STM32H7/BSP_STM32_PWR.o
                0x0000000008007e58                BSP_STM32_PWR_WaitForVOSRDY
 .text.BSP_STM32_PWR_EnableBkUpAccess
                0x0000000008007e84       0x14 ./Libs/BSP/STM32H7/BSP_STM32_PWR.o
                0x0000000008007e84                BSP_STM32_PWR_EnableBkUpAccess
 .text._QSPI_GetConfigCCR
                0x0000000008007e98       0x94 ./Libs/BSP/STM32H7/BSP_STM32_QUADSPI.o
 .text.BSP_STM32_QSPI_Init
                0x0000000008007f2c       0x70 ./Libs/BSP/STM32H7/BSP_STM32_QUADSPI.o
                0x0000000008007f2c                BSP_STM32_QSPI_Init
 .text.BSP_STM32_QSPI_CfgNewCommand
                0x0000000008007f9c       0x14 ./Libs/BSP/STM32H7/BSP_STM32_QUADSPI.o
                0x0000000008007f9c                BSP_STM32_QSPI_CfgNewCommand
 .text.BSP_STM32_QSPI_CfgInstruction
                0x0000000008007fb0       0x10 ./Libs/BSP/STM32H7/BSP_STM32_QUADSPI.o
                0x0000000008007fb0                BSP_STM32_QSPI_CfgInstruction
 .text.BSP_STM32_QSPI_CfgAddress
                0x0000000008007fc0       0x10 ./Libs/BSP/STM32H7/BSP_STM32_QUADSPI.o
                0x0000000008007fc0                BSP_STM32_QSPI_CfgAddress
 .text.BSP_STM32_QSPI_CfgData
                0x0000000008007fd0       0x10 ./Libs/BSP/STM32H7/BSP_STM32_QUADSPI.o
                0x0000000008007fd0                BSP_STM32_QSPI_CfgData
 .text.BSP_STM32_QSPI_CfgOptions
                0x0000000008007fe0       0x10 ./Libs/BSP/STM32H7/BSP_STM32_QUADSPI.o
                0x0000000008007fe0                BSP_STM32_QSPI_CfgOptions
 .text.BSP_STM32_QSPI_CfgAutoPooling
                0x0000000008007ff0       0x18 ./Libs/BSP/STM32H7/BSP_STM32_QUADSPI.o
                0x0000000008007ff0                BSP_STM32_QSPI_CfgAutoPooling
 .text.BSP_STM32_QSPI_StartReceive
                0x0000000008008008       0xa8 ./Libs/BSP/STM32H7/BSP_STM32_QUADSPI.o
                0x0000000008008008                BSP_STM32_QSPI_StartReceive
 .text.BSP_STM32_QSPI_StartTransmit
                0x00000000080080b0       0xa4 ./Libs/BSP/STM32H7/BSP_STM32_QUADSPI.o
                0x00000000080080b0                BSP_STM32_QSPI_StartTransmit
 .text.BSP_STM32_QSPI_StartAutoPooling
                0x0000000008008154       0x88 ./Libs/BSP/STM32H7/BSP_STM32_QUADSPI.o
                0x0000000008008154                BSP_STM32_QSPI_StartAutoPooling
 .text.BSP_STM32_RCC_CLKConfig_RTC
                0x00000000080081dc       0x88 ./Libs/BSP/STM32H7/BSP_STM32_RCC.o
                0x00000000080081dc                BSP_STM32_RCC_CLKConfig_RTC
 .text.BSP_STM32_RCC_CLKConfig_FMC
                0x0000000008008264        0x4 ./Libs/BSP/STM32H7/BSP_STM32_RCC.o
                0x0000000008008264                BSP_STM32_RCC_CLKConfig_FMC
 .text.BSP_STM32_RCC_CLKConfig_I2C1
                0x0000000008008268       0x14 ./Libs/BSP/STM32H7/BSP_STM32_RCC.o
                0x0000000008008268                BSP_STM32_RCC_CLKConfig_I2C1
 .text.BSP_STM32_RCC_CLKConfig_I2C4
                0x000000000800827c       0x14 ./Libs/BSP/STM32H7/BSP_STM32_RCC.o
                0x000000000800827c                BSP_STM32_RCC_CLKConfig_I2C4
 .text.BSP_STM32_RCC_CLKConfig_QSPI
                0x0000000008008290       0x14 ./Libs/BSP/STM32H7/BSP_STM32_RCC.o
                0x0000000008008290                BSP_STM32_RCC_CLKConfig_QSPI
 .text.BSP_STM32_RCC_CLKConfig_SDMMC2
                0x00000000080082a4       0x1c ./Libs/BSP/STM32H7/BSP_STM32_RCC.o
                0x00000000080082a4                BSP_STM32_RCC_CLKConfig_SDMMC2
 .text.BSP_STM32_RCC_CLKConfig_UART5
                0x00000000080082c0       0x14 ./Libs/BSP/STM32H7/BSP_STM32_RCC.o
                0x00000000080082c0                BSP_STM32_RCC_CLKConfig_UART5
 .text.BSP_STM32_RCC_CLKConfig_USART2
                0x00000000080082d4       0x14 ./Libs/BSP/STM32H7/BSP_STM32_RCC.o
                0x00000000080082d4                BSP_STM32_RCC_CLKConfig_USART2
 .text.BSP_STM32_RCC_CLKConfig_USBFS
                0x00000000080082e8       0x14 ./Libs/BSP/STM32H7/BSP_STM32_RCC.o
                0x00000000080082e8                BSP_STM32_RCC_CLKConfig_USBFS
 .text.BSP_STM32_RCC_CLKConfig_ADC
                0x00000000080082fc       0x18 ./Libs/BSP/STM32H7/BSP_STM32_RCC.o
                0x00000000080082fc                BSP_STM32_RCC_CLKConfig_ADC
 .text.BSP_STM32_RCC_CLKConfig_LTDC
                0x0000000008008314        0x4 ./Libs/BSP/STM32H7/BSP_STM32_RCC.o
                0x0000000008008314                BSP_STM32_RCC_CLKConfig_LTDC
 .text.BSP_STM32_RCC_PLLClockSource
                0x0000000008008318       0x18 ./Libs/BSP/STM32H7/BSP_STM32_RCC.o
                0x0000000008008318                BSP_STM32_RCC_PLLClockSource
 .text.BSP_STM32_RCC_LSEConfigDrive
                0x0000000008008330       0x18 ./Libs/BSP/STM32H7/BSP_STM32_RCC.o
                0x0000000008008330                BSP_STM32_RCC_LSEConfigDrive
 .text.BSP_STM32_RCC_ConfigHSE
                0x0000000008008348       0xc0 ./Libs/BSP/STM32H7/BSP_STM32_RCC.o
                0x0000000008008348                BSP_STM32_RCC_ConfigHSE
 .text.BSP_STM32_RCC_ConfigHSI
                0x0000000008008408       0xb0 ./Libs/BSP/STM32H7/BSP_STM32_RCC.o
                0x0000000008008408                BSP_STM32_RCC_ConfigHSI
 .text.BSP_STM32_RCC_ConfigLSE
                0x00000000080084b8       0xc4 ./Libs/BSP/STM32H7/BSP_STM32_RCC.o
                0x00000000080084b8                BSP_STM32_RCC_ConfigLSE
 .text.BSP_STM32_RCC_ConfigHSI48
                0x000000000800857c       0x54 ./Libs/BSP/STM32H7/BSP_STM32_RCC.o
                0x000000000800857c                BSP_STM32_RCC_ConfigHSI48
 .text.BSP_STM32_RCC_ConfigPLL1
                0x00000000080085d0      0x120 ./Libs/BSP/STM32H7/BSP_STM32_RCC.o
                0x00000000080085d0                BSP_STM32_RCC_ConfigPLL1
 .text.BSP_STM32_RCC_ConfigPLL3
                0x00000000080086f0       0xfc ./Libs/BSP/STM32H7/BSP_STM32_RCC.o
                0x00000000080086f0                BSP_STM32_RCC_ConfigPLL3
 .text.BSP_STM32_RCC_ClockConfig
                0x00000000080087ec      0x224 ./Libs/BSP/STM32H7/BSP_STM32_RCC.o
                0x00000000080087ec                BSP_STM32_RCC_ClockConfig
 .text.BSP_STM32_RCC_GetSysClockFreq
                0x0000000008008a10      0x148 ./Libs/BSP/STM32H7/BSP_STM32_RCC.o
                0x0000000008008a10                BSP_STM32_RCC_GetSysClockFreq
 .text.BSP_STM32_RTC_Init
                0x0000000008008b58       0xc8 ./Libs/BSP/STM32H7/BSP_STM32_RTC.o
                0x0000000008008b58                BSP_STM32_RTC_Init
 .text.BSP_STM32_SDMMC_GetCardState
                0x0000000008008c20       0x1c ./Libs/BSP/STM32H7/BSP_STM32_SDMMC.o
                0x0000000008008c20                BSP_STM32_SDMMC_GetCardState
 .text.BSP_STM32_SDMMC_Init
                0x0000000008008c3c      0x618 ./Libs/BSP/STM32H7/BSP_STM32_SDMMC.o
                0x0000000008008c3c                BSP_STM32_SDMMC_Init
 .text.BSP_STM32_SDMMC_ReadBlocks
                0x0000000008009254      0x104 ./Libs/BSP/STM32H7/BSP_STM32_SDMMC.o
                0x0000000008009254                BSP_STM32_SDMMC_ReadBlocks
 .text.BSP_STM32_SDMMC_WriteBlocks
                0x0000000008009358      0x104 ./Libs/BSP/STM32H7/BSP_STM32_SDMMC.o
                0x0000000008009358                BSP_STM32_SDMMC_WriteBlocks
 .text.SDMMC_Init
                0x000000000800945c       0x38 ./Libs/BSP/STM32H7/BSP_STM32_SDMMC_ll.o
                0x000000000800945c                SDMMC_Init
 .text.SDMMC_ReadFIFO
                0x0000000008009494        0x8 ./Libs/BSP/STM32H7/BSP_STM32_SDMMC_ll.o
                0x0000000008009494                SDMMC_ReadFIFO
 .text.SDMMC_WriteFIFO
                0x000000000800949c        0xc ./Libs/BSP/STM32H7/BSP_STM32_SDMMC_ll.o
                0x000000000800949c                SDMMC_WriteFIFO
 .text.SDMMC_PowerState_ON
                0x00000000080094a8       0x10 ./Libs/BSP/STM32H7/BSP_STM32_SDMMC_ll.o
                0x00000000080094a8                SDMMC_PowerState_ON
 .text.SDMMC_GetPowerState
                0x00000000080094b8        0x8 ./Libs/BSP/STM32H7/BSP_STM32_SDMMC_ll.o
                0x00000000080094b8                SDMMC_GetPowerState
 .text.SDMMC_GetResponse
                0x00000000080094c0        0x8 ./Libs/BSP/STM32H7/BSP_STM32_SDMMC_ll.o
                0x00000000080094c0                SDMMC_GetResponse
 .text.SDMMC_ConfigData
                0x00000000080094c8       0x2c ./Libs/BSP/STM32H7/BSP_STM32_SDMMC_ll.o
                0x00000000080094c8                SDMMC_ConfigData
 .text.SDMMC_CmdBlockLength
                0x00000000080094f4      0x15c ./Libs/BSP/STM32H7/BSP_STM32_SDMMC_ll.o
                0x00000000080094f4                SDMMC_CmdBlockLength
 .text.SDMMC_CmdReadSingleBlock
                0x0000000008009650      0x15c ./Libs/BSP/STM32H7/BSP_STM32_SDMMC_ll.o
                0x0000000008009650                SDMMC_CmdReadSingleBlock
 .text.SDMMC_CmdReadMultiBlock
                0x00000000080097ac      0x15c ./Libs/BSP/STM32H7/BSP_STM32_SDMMC_ll.o
                0x00000000080097ac                SDMMC_CmdReadMultiBlock
 .text.SDMMC_CmdWriteSingleBlock
                0x0000000008009908      0x15c ./Libs/BSP/STM32H7/BSP_STM32_SDMMC_ll.o
                0x0000000008009908                SDMMC_CmdWriteSingleBlock
 .text.SDMMC_CmdWriteMultiBlock
                0x0000000008009a64      0x15c ./Libs/BSP/STM32H7/BSP_STM32_SDMMC_ll.o
                0x0000000008009a64                SDMMC_CmdWriteMultiBlock
 .text.SDMMC_CmdStopTransfer
                0x0000000008009bc0      0x210 ./Libs/BSP/STM32H7/BSP_STM32_SDMMC_ll.o
                0x0000000008009bc0                SDMMC_CmdStopTransfer
 .text.SDMMC_CmdSelDesel
                0x0000000008009dd0      0x15c ./Libs/BSP/STM32H7/BSP_STM32_SDMMC_ll.o
                0x0000000008009dd0                SDMMC_CmdSelDesel
 .text.SDMMC_CmdGoIdleState
                0x0000000008009f2c       0x58 ./Libs/BSP/STM32H7/BSP_STM32_SDMMC_ll.o
                0x0000000008009f2c                SDMMC_CmdGoIdleState
 .text.SDMMC_CmdOperCond
                0x0000000008009f84       0x80 ./Libs/BSP/STM32H7/BSP_STM32_SDMMC_ll.o
                0x0000000008009f84                SDMMC_CmdOperCond
 .text.SDMMC_CmdAppCommand
                0x000000000800a004      0x15c ./Libs/BSP/STM32H7/BSP_STM32_SDMMC_ll.o
                0x000000000800a004                SDMMC_CmdAppCommand
 .text.SDMMC_CmdAppOperCommand
                0x000000000800a160       0x78 ./Libs/BSP/STM32H7/BSP_STM32_SDMMC_ll.o
                0x000000000800a160                SDMMC_CmdAppOperCommand
 .text.SDMMC_CmdBusWidth
                0x000000000800a1d8      0x15c ./Libs/BSP/STM32H7/BSP_STM32_SDMMC_ll.o
                0x000000000800a1d8                SDMMC_CmdBusWidth
 .text.SDMMC_CmdSendSCR
                0x000000000800a334      0x150 ./Libs/BSP/STM32H7/BSP_STM32_SDMMC_ll.o
                0x000000000800a334                SDMMC_CmdSendSCR
 .text.SDMMC_CmdSendCID
                0x000000000800a484       0x7c ./Libs/BSP/STM32H7/BSP_STM32_SDMMC_ll.o
                0x000000000800a484                SDMMC_CmdSendCID
 .text.SDMMC_CmdSendCSD
                0x000000000800a500       0x80 ./Libs/BSP/STM32H7/BSP_STM32_SDMMC_ll.o
                0x000000000800a500                SDMMC_CmdSendCSD
 .text.SDMMC_CmdSetRelAdd
                0x000000000800a580       0xc0 ./Libs/BSP/STM32H7/BSP_STM32_SDMMC_ll.o
                0x000000000800a580                SDMMC_CmdSetRelAdd
 .text.SDMMC_CmdSendStatus
                0x000000000800a640      0x15c ./Libs/BSP/STM32H7/BSP_STM32_SDMMC_ll.o
                0x000000000800a640                SDMMC_CmdSendStatus
 .text.SDMMC_CmdStatusRegister
                0x000000000800a79c      0x150 ./Libs/BSP/STM32H7/BSP_STM32_SDMMC_ll.o
                0x000000000800a79c                SDMMC_CmdStatusRegister
 .text.BSP_STM32_TIM_Init
                0x000000000800a8ec       0x38 ./Libs/BSP/STM32H7/BSP_STM32_TIM.o
                0x000000000800a8ec                BSP_STM32_TIM_Init
 .text.BSP_STM32_TIM_ConfigChannel
                0x000000000800a924       0xb0 ./Libs/BSP/STM32H7/BSP_STM32_TIM.o
                0x000000000800a924                BSP_STM32_TIM_ConfigChannel
 .text.BSP_STM32_TIM_Start
                0x000000000800a9d4       0x10 ./Libs/BSP/STM32H7/BSP_STM32_TIM.o
                0x000000000800a9d4                BSP_STM32_TIM_Start
 .text.BSP_STM32_TIM_SetChannelValue
                0x000000000800a9e4       0x3c ./Libs/BSP/STM32H7/BSP_STM32_TIM.o
                0x000000000800a9e4                BSP_STM32_TIM_SetChannelValue
 .text._UART_DMA_Callback_TC
                0x000000000800aa20        0x4 ./Libs/BSP/STM32H7/BSP_STM32_UART.o
 .text.BSP_STM32_UART_Init
                0x000000000800aa24       0xac ./Libs/BSP/STM32H7/BSP_STM32_UART.o
                0x000000000800aa24                BSP_STM32_UART_Init
 .text.BSP_STM32_UART_StartListen
                0x000000000800aad0       0x3c ./Libs/BSP/STM32H7/BSP_STM32_UART.o
                0x000000000800aad0                BSP_STM32_UART_StartListen
 .text.BSP_STM32_UART_IRQHandler
                0x000000000800ab0c       0xa8 ./Libs/BSP/STM32H7/BSP_STM32_UART.o
                0x000000000800ab0c                BSP_STM32_UART_IRQHandler
 .text.disk_status
                0x000000000800abb4       0x14 ./Libs/FATFS/BSP_diskio.o
                0x000000000800abb4                disk_status
 .text.disk_initialize
                0x000000000800abc8       0x24 ./Libs/FATFS/BSP_diskio.o
                0x000000000800abc8                disk_initialize
 .text.disk_read
                0x000000000800abec       0x20 ./Libs/FATFS/BSP_diskio.o
                0x000000000800abec                disk_read
 .text.disk_write
                0x000000000800ac0c       0x20 ./Libs/FATFS/BSP_diskio.o
                0x000000000800ac0c                disk_write
 .text.disk_ioctl
                0x000000000800ac2c       0x18 ./Libs/FATFS/BSP_diskio.o
                0x000000000800ac2c                disk_ioctl
 .text.f_init   0x000000000800ac44       0x1c ./Libs/FATFS/BSP_fatfs.o
                0x000000000800ac44                f_init
 .text.get_fattime
                0x000000000800ac60        0x4 ./Libs/FATFS/BSP_fatfs.o
                0x000000000800ac60                get_fattime
 .text.FATFS_LinkDriver
                0x000000000800ac64       0x4c ./Libs/FATFS/BSP_ff_gen_drv.o
                0x000000000800ac64                FATFS_LinkDriver
 .text.SD_initialize
                0x000000000800acb0       0x28 ./Libs/FATFS/BSP_sd_diskio.o
                0x000000000800acb0                SD_initialize
 .text.SD_status
                0x000000000800acd8       0x20 ./Libs/FATFS/BSP_sd_diskio.o
                0x000000000800acd8                SD_status
 .text.SD_read  0x000000000800acf8       0x14 ./Libs/FATFS/BSP_sd_diskio.o
                0x000000000800acf8                SD_read
 .text.SD_write
                0x000000000800ad0c       0x14 ./Libs/FATFS/BSP_sd_diskio.o
                0x000000000800ad0c                SD_write
 .text.SD_ioctl
                0x000000000800ad20       0x50 ./Libs/FATFS/BSP_sd_diskio.o
                0x000000000800ad20                SD_ioctl
 .text.inc_share
                0x000000000800ad70       0xac ./Libs/FATFS/ff.o
 .text.sync_fs  0x000000000800ae1c       0xb0 ./Libs/FATFS/ff.o
 .text.init_alloc_info.isra.0
                0x000000000800aecc       0x24 ./Libs/FATFS/ff.o
 .text.move_window
                0x000000000800aef0       0x6c ./Libs/FATFS/ff.o
 .text.put_fat.part.0
                0x000000000800af5c      0x134 ./Libs/FATFS/ff.o
 .text.get_fat  0x000000000800b090      0x160 ./Libs/FATFS/ff.o
 .text.dir_next.constprop.0
                0x000000000800b1f0       0x9c ./Libs/FATFS/ff.o
 .text.dir_clear
                0x000000000800b28c       0x94 ./Libs/FATFS/ff.o
 .text.check_fs
                0x000000000800b320      0x110 ./Libs/FATFS/ff.o
 .text.mount_volume
                0x000000000800b430      0x46c ./Libs/FATFS/ff.o
 .text.load_xdir
                0x000000000800b89c      0x1dc ./Libs/FATFS/ff.o
 .text.dir_read
                0x000000000800ba78      0x410 ./Libs/FATFS/ff.o
 .text.dir_sdi  0x000000000800be88      0x254 ./Libs/FATFS/ff.o
 .text.dir_find
                0x000000000800c0dc      0x3a4 ./Libs/FATFS/ff.o
 .text.follow_path
                0x000000000800c480      0x388 ./Libs/FATFS/ff.o
 .text.store_xdir
                0x000000000800c808      0x1c4 ./Libs/FATFS/ff.o
 .text.create_chain
                0x000000000800c9cc      0x44c ./Libs/FATFS/ff.o
 .text.dir_alloc
                0x000000000800ce18      0x19c ./Libs/FATFS/ff.o
 .text.dir_register
                0x000000000800cfb4      0xac0 ./Libs/FATFS/ff.o
 .text.remove_chain
                0x000000000800da74      0x32c ./Libs/FATFS/ff.o
 .text.f_mount  0x000000000800dda0       0x7c ./Libs/FATFS/ff.o
                0x000000000800dda0                f_mount
 *fill*         0x000000000800de1c        0x4 
 .text.f_open   0x000000000800de20      0x40c ./Libs/FATFS/ff.o
                0x000000000800de20                f_open
 .text.f_read   0x000000000800e22c      0x240 ./Libs/FATFS/ff.o
                0x000000000800e22c                f_read
 .text.f_sync   0x000000000800e46c      0x220 ./Libs/FATFS/ff.o
                0x000000000800e46c                f_sync
 .text.f_close  0x000000000800e68c       0x68 ./Libs/FATFS/ff.o
                0x000000000800e68c                f_close
 .text.ff_uni2oem
                0x000000000800e6f4       0x40 ./Libs/FATFS/ffunicode.o
                0x000000000800e6f4                ff_uni2oem
 .text.ff_oem2uni
                0x000000000800e734       0x28 ./Libs/FATFS/ffunicode.o
                0x000000000800e734                ff_oem2uni
 .text.ff_wtoupper
                0x000000000800e75c       0xa4 ./Libs/FATFS/ffunicode.o
                0x000000000800e75c                ff_wtoupper
 .text.SystemInit
                0x000000000800e800       0xe4 ./Libs/ST/system_stm32h7xx_dualcore_boot_cm4_cm7.o
                0x000000000800e800                SystemInit
 .text.tud_cdc_n_available
                0x000000000800e8e4       0x18 ./Libs/TinyUSB/class/cdc/cdc_device.o
                0x000000000800e8e4                tud_cdc_n_available
 .text.tud_cdc_n_read
                0x000000000800e8fc       0x78 ./Libs/TinyUSB/class/cdc/cdc_device.o
                0x000000000800e8fc                tud_cdc_n_read
 .text.tud_cdc_n_write_flush
                0x000000000800e974       0x88 ./Libs/TinyUSB/class/cdc/cdc_device.o
                0x000000000800e974                tud_cdc_n_write_flush
 .text.tud_cdc_n_write
                0x000000000800e9fc       0x38 ./Libs/TinyUSB/class/cdc/cdc_device.o
                0x000000000800e9fc                tud_cdc_n_write
 .text.cdcd_init
                0x000000000800ea34       0x50 ./Libs/TinyUSB/class/cdc/cdc_device.o
                0x000000000800ea34                cdcd_init
 .text.cdcd_reset
                0x000000000800ea84       0x2c ./Libs/TinyUSB/class/cdc/cdc_device.o
                0x000000000800ea84                cdcd_reset
 .text.cdcd_open
                0x000000000800eab0       0xf8 ./Libs/TinyUSB/class/cdc/cdc_device.o
                0x000000000800eab0                cdcd_open
 .text.cdcd_control_xfer_cb
                0x000000000800eba8       0xf4 ./Libs/TinyUSB/class/cdc/cdc_device.o
                0x000000000800eba8                cdcd_control_xfer_cb
 .text.cdcd_xfer_cb
                0x000000000800ec9c      0x134 ./Libs/TinyUSB/class/cdc/cdc_device.o
                0x000000000800ec9c                cdcd_xfer_cb
 .text.proc_read10_cmd.constprop.0
                0x000000000800edd0       0xd8 ./Libs/TinyUSB/class/msc/msc_device.o
 .text.proc_write10_cmd.constprop.0
                0x000000000800eea8       0x9c ./Libs/TinyUSB/class/msc/msc_device.o
 .text.tud_msc_set_sense
                0x000000000800ef44       0x1c ./Libs/TinyUSB/class/msc/msc_device.o
                0x000000000800ef44                tud_msc_set_sense
 .text.mscd_init
                0x000000000800ef60       0x10 ./Libs/TinyUSB/class/msc/msc_device.o
                0x000000000800ef60                mscd_init
 .text.mscd_reset
                0x000000000800ef70       0x10 ./Libs/TinyUSB/class/msc/msc_device.o
                0x000000000800ef70                mscd_reset
 .text.mscd_open
                0x000000000800ef80       0x9c ./Libs/TinyUSB/class/msc/msc_device.o
                0x000000000800ef80                mscd_open
 .text.mscd_control_xfer_cb
                0x000000000800f01c      0x134 ./Libs/TinyUSB/class/msc/msc_device.o
                0x000000000800f01c                mscd_control_xfer_cb
 .text.mscd_xfer_cb
                0x000000000800f150      0x704 ./Libs/TinyUSB/class/msc/msc_device.o
                0x000000000800f150                mscd_xfer_cb
 .text.tu_fifo_config
                0x000000000800f854       0x34 ./Libs/TinyUSB/common/tusb_fifo.o
                0x000000000800f854                tu_fifo_config
 .text.tu_fifo_count
                0x000000000800f888       0x2c ./Libs/TinyUSB/common/tusb_fifo.o
                0x000000000800f888                tu_fifo_count
 .text.tu_fifo_empty
                0x000000000800f8b4       0x14 ./Libs/TinyUSB/common/tusb_fifo.o
                0x000000000800f8b4                tu_fifo_empty
 .text.tu_fifo_remaining
                0x000000000800f8c8       0x2c ./Libs/TinyUSB/common/tusb_fifo.o
                0x000000000800f8c8                tu_fifo_remaining
 .text.tu_fifo_read
                0x000000000800f8f4       0x8c ./Libs/TinyUSB/common/tusb_fifo.o
                0x000000000800f8f4                tu_fifo_read
 .text.tu_fifo_read_n
                0x000000000800f980       0xcc ./Libs/TinyUSB/common/tusb_fifo.o
                0x000000000800f980                tu_fifo_read_n
 .text.tu_fifo_read_n_const_addr_full_words
                0x000000000800fa4c      0x174 ./Libs/TinyUSB/common/tusb_fifo.o
                0x000000000800fa4c                tu_fifo_read_n_const_addr_full_words
 .text.tu_fifo_write
                0x000000000800fbc0       0x6c ./Libs/TinyUSB/common/tusb_fifo.o
                0x000000000800fbc0                tu_fifo_write
 .text.tu_fifo_write_n
                0x000000000800fc2c      0x158 ./Libs/TinyUSB/common/tusb_fifo.o
                0x000000000800fc2c                tu_fifo_write_n
 .text.tu_fifo_write_n_const_addr_full_words
                0x000000000800fd84      0x1dc ./Libs/TinyUSB/common/tusb_fifo.o
                0x000000000800fd84                tu_fifo_write_n_const_addr_full_words
 .text.tu_fifo_clear
                0x000000000800ff60        0xc ./Libs/TinyUSB/common/tusb_fifo.o
                0x000000000800ff60                tu_fifo_clear
 .text.tu_fifo_set_overwritable
                0x000000000800ff6c       0x10 ./Libs/TinyUSB/common/tusb_fifo.o
                0x000000000800ff6c                tu_fifo_set_overwritable
 .text.configuration_reset
                0x000000000800ff7c       0xc0 ./Libs/TinyUSB/device/usbd.o
 .text.usbd_int_set
                0x000000000801003c       0x14 ./Libs/TinyUSB/device/usbd.o
                0x000000000801003c                usbd_int_set
 .text.tud_mounted
                0x0000000008010050       0x10 ./Libs/TinyUSB/device/usbd.o
                0x0000000008010050                tud_mounted
 .text.tud_suspended
                0x0000000008010060       0x10 ./Libs/TinyUSB/device/usbd.o
                0x0000000008010060                tud_suspended
 .text.tud_init
                0x0000000008010070       0xe0 ./Libs/TinyUSB/device/usbd.o
                0x0000000008010070                tud_init
 .text.tud_task_ext
                0x0000000008010150      0x830 ./Libs/TinyUSB/device/usbd.o
                0x0000000008010150                tud_task_ext
 .text.dcd_event_handler
                0x0000000008010980      0x1c0 ./Libs/TinyUSB/device/usbd.o
                0x0000000008010980                dcd_event_handler
 .text.usbd_open_edpt_pair
                0x0000000008010b40       0xac ./Libs/TinyUSB/device/usbd.o
                0x0000000008010b40                usbd_open_edpt_pair
 .text.usbd_edpt_open
                0x0000000008010bec       0x48 ./Libs/TinyUSB/device/usbd.o
                0x0000000008010bec                usbd_edpt_open
 .text.usbd_edpt_claim
                0x0000000008010c34       0x1c ./Libs/TinyUSB/device/usbd.o
                0x0000000008010c34                usbd_edpt_claim
 .text.usbd_edpt_release
                0x0000000008010c50       0x1c ./Libs/TinyUSB/device/usbd.o
                0x0000000008010c50                usbd_edpt_release
 .text.usbd_edpt_xfer
                0x0000000008010c6c       0x70 ./Libs/TinyUSB/device/usbd.o
                0x0000000008010c6c                usbd_edpt_xfer
 .text.usbd_edpt_busy
                0x0000000008010cdc       0x1c ./Libs/TinyUSB/device/usbd.o
                0x0000000008010cdc                usbd_edpt_busy
 .text.usbd_edpt_stall
                0x0000000008010cf8       0x40 ./Libs/TinyUSB/device/usbd.o
                0x0000000008010cf8                usbd_edpt_stall
 .text.usbd_edpt_stalled
                0x0000000008010d38       0x1c ./Libs/TinyUSB/device/usbd.o
                0x0000000008010d38                usbd_edpt_stalled
 .text.tud_control_status
                0x0000000008010d54       0x30 ./Libs/TinyUSB/device/usbd_control.o
                0x0000000008010d54                tud_control_status
 .text.tud_control_xfer
                0x0000000008010d84       0xb4 ./Libs/TinyUSB/device/usbd_control.o
                0x0000000008010d84                tud_control_xfer
 .text.usbd_control_reset
                0x0000000008010e38       0x14 ./Libs/TinyUSB/device/usbd_control.o
                0x0000000008010e38                usbd_control_reset
 .text.usbd_control_set_complete_callback
                0x0000000008010e4c        0xc ./Libs/TinyUSB/device/usbd_control.o
                0x0000000008010e4c                usbd_control_set_complete_callback
 .text.usbd_control_set_request
                0x0000000008010e58       0x20 ./Libs/TinyUSB/device/usbd_control.o
                0x0000000008010e58                usbd_control_set_request
 .text.usbd_control_xfer_cb
                0x0000000008010e78      0x124 ./Libs/TinyUSB/device/usbd_control.o
                0x0000000008010e78                usbd_control_xfer_cb
 .text.dcd_int_enable
                0x0000000008010f9c       0x2c ./Libs/TinyUSB/portable/synopsys/dwc2/dcd_dwc2.o
                0x0000000008010f9c                dcd_int_enable
 .text.dcd_int_disable
                0x0000000008010fc8       0x34 ./Libs/TinyUSB/portable/synopsys/dwc2/dcd_dwc2.o
                0x0000000008010fc8                dcd_int_disable
 .text.dcd_set_address
                0x0000000008010ffc       0x84 ./Libs/TinyUSB/portable/synopsys/dwc2/dcd_dwc2.o
                0x0000000008010ffc                dcd_set_address
 .text.dcd_connect
                0x0000000008011080       0x18 ./Libs/TinyUSB/portable/synopsys/dwc2/dcd_dwc2.o
                0x0000000008011080                dcd_connect
 .text.dcd_disconnect
                0x0000000008011098       0x18 ./Libs/TinyUSB/portable/synopsys/dwc2/dcd_dwc2.o
                0x0000000008011098                dcd_disconnect
 .text.dcd_init
                0x00000000080110b0      0x190 ./Libs/TinyUSB/portable/synopsys/dwc2/dcd_dwc2.o
                0x00000000080110b0                dcd_init
 .text.dcd_edpt_open
                0x0000000008011240      0x148 ./Libs/TinyUSB/portable/synopsys/dwc2/dcd_dwc2.o
                0x0000000008011240                dcd_edpt_open
 .text.dcd_edpt_close_all
                0x0000000008011388       0xd0 ./Libs/TinyUSB/portable/synopsys/dwc2/dcd_dwc2.o
                0x0000000008011388                dcd_edpt_close_all
 .text.dcd_edpt_xfer
                0x0000000008011458      0x1fc ./Libs/TinyUSB/portable/synopsys/dwc2/dcd_dwc2.o
                0x0000000008011458                dcd_edpt_xfer
 .text.dcd_edpt_stall
                0x0000000008011654       0xbc ./Libs/TinyUSB/portable/synopsys/dwc2/dcd_dwc2.o
                0x0000000008011654                dcd_edpt_stall
 .text.dcd_edpt_clear_stall
                0x0000000008011710       0x4c ./Libs/TinyUSB/portable/synopsys/dwc2/dcd_dwc2.o
                0x0000000008011710                dcd_edpt_clear_stall
 .text.dcd_int_handler
                0x000000000801175c      0x824 ./Libs/TinyUSB/portable/synopsys/dwc2/dcd_dwc2.o
                0x000000000801175c                dcd_int_handler
 .text.tu_edpt_claim
                0x0000000008011f80       0x30 ./Libs/TinyUSB/tusb.o
                0x0000000008011f80                tu_edpt_claim
 .text.tu_edpt_release
                0x0000000008011fb0       0x28 ./Libs/TinyUSB/tusb.o
                0x0000000008011fb0                tu_edpt_release
 .text.tu_edpt_validate
                0x0000000008011fd8       0x68 ./Libs/TinyUSB/tusb.o
                0x0000000008011fd8                tu_edpt_validate
 .text.tu_edpt_bind_driver
                0x0000000008012040       0x58 ./Libs/TinyUSB/tusb.o
                0x0000000008012040                tu_edpt_bind_driver
 .text.startup.main
                0x0000000008012098      0x15c ./Src/main.o
                0x0000000008012098                main
 .text.Reset_Handler
                0x00000000080121f4       0x50 ./Startup/startup_stm32h747bgtx.o
                0x00000000080121f4                Reset_Handler
 .text.Default_Handler
                0x0000000008012244        0x2 ./Startup/startup_stm32h747bgtx.o
                0x0000000008012244                RTC_Alarm_IRQHandler
                0x0000000008012244                EXTI2_IRQHandler
                0x0000000008012244                TIM8_CC_IRQHandler
                0x0000000008012244                HRTIM1_Master_IRQHandler
                0x0000000008012244                UART8_IRQHandler
                0x0000000008012244                SPI4_IRQHandler
                0x0000000008012244                TIM1_CC_IRQHandler
                0x0000000008012244                HRTIM1_FLT_IRQHandler
                0x0000000008012244                JPEG_IRQHandler
                0x0000000008012244                HRTIM1_TIMD_IRQHandler
                0x0000000008012244                TAMP_STAMP_IRQHandler
                0x0000000008012244                EXTI3_IRQHandler
                0x0000000008012244                LPTIM4_IRQHandler
                0x0000000008012244                TIM8_TRG_COM_TIM14_IRQHandler
                0x0000000008012244                LPTIM2_IRQHandler
                0x0000000008012244                DFSDM1_FLT1_IRQHandler
                0x0000000008012244                DMAMUX2_OVR_IRQHandler
                0x0000000008012244                TIM8_UP_TIM13_IRQHandler
                0x0000000008012244                I2C3_ER_IRQHandler
                0x0000000008012244                DFSDM1_FLT2_IRQHandler
                0x0000000008012244                MDMA_IRQHandler
                0x0000000008012244                LPTIM3_IRQHandler
                0x0000000008012244                HSEM1_IRQHandler
                0x0000000008012244                EXTI0_IRQHandler
                0x0000000008012244                I2C2_EV_IRQHandler
                0x0000000008012244                FPU_IRQHandler
                0x0000000008012244                OTG_HS_WKUP_IRQHandler
                0x0000000008012244                FDCAN1_IT1_IRQHandler
                0x0000000008012244                LTDC_ER_IRQHandler
                0x0000000008012244                HRTIM1_TIME_IRQHandler
                0x0000000008012244                SPI1_IRQHandler
                0x0000000008012244                TIM6_DAC_IRQHandler
                0x0000000008012244                DCMI_IRQHandler
                0x0000000008012244                HRTIM1_TIMC_IRQHandler
                0x0000000008012244                SAI2_IRQHandler
                0x0000000008012244                DFSDM1_FLT3_IRQHandler
                0x0000000008012244                USART6_IRQHandler
                0x0000000008012244                TIM17_IRQHandler
                0x0000000008012244                USART3_IRQHandler
                0x0000000008012244                LPTIM5_IRQHandler
                0x0000000008012244                UART5_IRQHandler
                0x0000000008012244                ADC3_IRQHandler
                0x0000000008012244                TIM4_IRQHandler
                0x0000000008012244                QUADSPI_IRQHandler
                0x0000000008012244                DMAMUX1_OVR_IRQHandler
                0x0000000008012244                TIM16_IRQHandler
                0x0000000008012244                UART4_IRQHandler
                0x0000000008012244                TIM3_IRQHandler
                0x0000000008012244                RCC_IRQHandler
                0x0000000008012244                TIM8_BRK_TIM12_IRQHandler
                0x0000000008012244                TIM1_TRG_COM_IRQHandler
                0x0000000008012244                Default_Handler
                0x0000000008012244                ECC_IRQHandler
                0x0000000008012244                CEC_IRQHandler
                0x0000000008012244                ADC_IRQHandler
                0x0000000008012244                HRTIM1_TIMA_IRQHandler
                0x0000000008012244                SPI5_IRQHandler
                0x0000000008012244                TIM7_IRQHandler
                0x0000000008012244                SDMMC1_IRQHandler
                0x0000000008012244                TIM5_IRQHandler
                0x0000000008012244                TIM15_IRQHandler
                0x0000000008012244                PVD_AVD_IRQHandler
                0x0000000008012244                I2C3_EV_IRQHandler
                0x0000000008012244                RTC_WKUP_IRQHandler
                0x0000000008012244                SAI3_IRQHandler
                0x0000000008012244                ETH_WKUP_IRQHandler
                0x0000000008012244                SPDIF_RX_IRQHandler
                0x0000000008012244                SPI2_IRQHandler
                0x0000000008012244                OTG_HS_EP1_IN_IRQHandler
                0x0000000008012244                CRS_IRQHandler
                0x0000000008012244                CM7_SEV_IRQHandler
                0x0000000008012244                EXTI4_IRQHandler
                0x0000000008012244                RNG_IRQHandler
                0x0000000008012244                CM4_SEV_IRQHandler
                0x0000000008012244                HRTIM1_TIMB_IRQHandler
                0x0000000008012244                FDCAN2_IT1_IRQHandler
                0x0000000008012244                DSI_IRQHandler
                0x0000000008012244                ETH_IRQHandler
                0x0000000008012244                TIM1_UP_IRQHandler
                0x0000000008012244                WWDG_RST_IRQHandler
                0x0000000008012244                OTG_HS_EP1_OUT_IRQHandler
                0x0000000008012244                WWDG_IRQHandler
                0x0000000008012244                SPI6_IRQHandler
                0x0000000008012244                MDIOS_IRQHandler
                0x0000000008012244                FDCAN2_IT0_IRQHandler
                0x0000000008012244                LPUART1_IRQHandler
                0x0000000008012244                FDCAN1_IT0_IRQHandler
                0x0000000008012244                OTG_FS_WKUP_IRQHandler
                0x0000000008012244                OTG_HS_IRQHandler
                0x0000000008012244                HSEM2_IRQHandler
                0x0000000008012244                TIM1_BRK_IRQHandler
                0x0000000008012244                EXTI1_IRQHandler
                0x0000000008012244                SDMMC2_IRQHandler
                0x0000000008012244                OTG_FS_EP1_OUT_IRQHandler
                0x0000000008012244                HOLD_CORE_IRQHandler
                0x0000000008012244                UART7_IRQHandler
                0x0000000008012244                MDIOS_WKUP_IRQHandler
                0x0000000008012244                DFSDM1_FLT0_IRQHandler
                0x0000000008012244                SAI4_IRQHandler
                0x0000000008012244                I2C2_ER_IRQHandler
                0x0000000008012244                FLASH_IRQHandler
                0x0000000008012244                USART1_IRQHandler
                0x0000000008012244                WAKEUP_PIN_IRQHandler
                0x0000000008012244                OTG_FS_EP1_IN_IRQHandler
                0x0000000008012244                I2C1_ER_IRQHandler
                0x0000000008012244                FMC_IRQHandler
                0x0000000008012244                FDCAN_CAL_IRQHandler
                0x0000000008012244                SWPMI1_IRQHandler
                0x0000000008012244                COMP1_IRQHandler
                0x0000000008012244                LPTIM1_IRQHandler
                0x0000000008012244                I2C4_ER_IRQHandler
                0x0000000008012244                SAI1_IRQHandler
 .text.memcmp   0x0000000008012246       0x20 C:/ST/STM32CubeIDE_1.11.0/STM32CubeIDE/plugins/com.st.stm32cube.ide.mcu.externaltools.gnu-tools-for-stm32.11.3.rel1.win32_1.1.100.202309141235/tools/bin/../lib/gcc/arm-none-eabi/11.3.1/../../../../arm-none-eabi/lib/thumb/v7e-m+dp/hard\libc_nano.a(libc_a-memcmp.o)
                0x0000000008012246                memcmp
 .text.memmove  0x0000000008012266       0x34 C:/ST/STM32CubeIDE_1.11.0/STM32CubeIDE/plugins/com.st.stm32cube.ide.mcu.externaltools.gnu-tools-for-stm32.11.3.rel1.win32_1.1.100.202309141235/tools/bin/../lib/gcc/arm-none-eabi/11.3.1/../../../../arm-none-eabi/lib/thumb/v7e-m+dp/hard\libc_nano.a(libc_a-memmove.o)
                0x0000000008012266                memmove
 .text.memset   0x000000000801229a       0x10 C:/ST/STM32CubeIDE_1.11.0/STM32CubeIDE/plugins/com.st.stm32cube.ide.mcu.externaltools.gnu-tools-for-stm32.11.3.rel1.win32_1.1.100.202309141235/tools/bin/../lib/gcc/arm-none-eabi/11.3.1/../../../../arm-none-eabi/lib/thumb/v7e-m+dp/hard\libc_nano.a(libc_a-memset.o)
                0x000000000801229a                memset
 .text.strchr   0x00000000080122aa       0x1a C:/ST/STM32CubeIDE_1.11.0/STM32CubeIDE/plugins/com.st.stm32cube.ide.mcu.externaltools.gnu-tools-for-stm32.11.3.rel1.win32_1.1.100.202309141235/tools/bin/../lib/gcc/arm-none-eabi/11.3.1/../../../../arm-none-eabi/lib/thumb/v7e-m+dp/hard\libc_nano.a(libc_a-strchr.o)
                0x00000000080122aa                strchr
 .text.__libc_init_array
                0x00000000080122c4       0x48 C:/ST/STM32CubeIDE_1.11.0/STM32CubeIDE/plugins/com.st.stm32cube.ide.mcu.externaltools.gnu-tools-for-stm32.11.3.rel1.win32_1.1.100.202309141235/tools/bin/../lib/gcc/arm-none-eabi/11.3.1/../../../../arm-none-eabi/lib/thumb/v7e-m+dp/hard\libc_nano.a(libc_a-init.o)
                0x00000000080122c4                __libc_init_array
 .text.memcpy   0x000000000801230c       0x1c C:/ST/STM32CubeIDE_1.11.0/STM32CubeIDE/plugins/com.st.stm32cube.ide.mcu.externaltools.gnu-tools-for-stm32.11.3.rel1.win32_1.1.100.202309141235/tools/bin/../lib/gcc/arm-none-eabi/11.3.1/../../../../arm-none-eabi/lib/thumb/v7e-m+dp/hard\libc_nano.a(libc_a-memcpy-stub.o)
                0x000000000801230c                memcpy
 .text.atan2f   0x0000000008012328        0x4 C:/ST/STM32CubeIDE_1.11.0/STM32CubeIDE/plugins/com.st.stm32cube.ide.mcu.externaltools.gnu-tools-for-stm32.11.3.rel1.win32_1.1.100.202309141235/tools/bin/../lib/gcc/arm-none-eabi/11.3.1/../../../../arm-none-eabi/lib/thumb/v7e-m+dp/hard\libm.a(libm_a-wf_atan2.o)
                0x0000000008012328                atan2f
 .text.__ieee754_atan2f
                0x000000000801232c      0x13c C:/ST/STM32CubeIDE_1.11.0/STM32CubeIDE/plugins/com.st.stm32cube.ide.mcu.externaltools.gnu-tools-for-stm32.11.3.rel1.win32_1.1.100.202309141235/tools/bin/../lib/gcc/arm-none-eabi/11.3.1/../../../../arm-none-eabi/lib/thumb/v7e-m+dp/hard\libm.a(libm_a-ef_atan2.o)
                0x000000000801232c                __ieee754_atan2f
 .text.atanf    0x0000000008012468      0x1a8 C:/ST/STM32CubeIDE_1.11.0/STM32CubeIDE/plugins/com.st.stm32cube.ide.mcu.externaltools.gnu-tools-for-stm32.11.3.rel1.win32_1.1.100.202309141235/tools/bin/../lib/gcc/arm-none-eabi/11.3.1/../../../../arm-none-eabi/lib/thumb/v7e-m+dp/hard\libm.a(libm_a-sf_atan.o)
                0x0000000008012468                atanf
 .text.fabsf    0x0000000008012610        0xe C:/ST/STM32CubeIDE_1.11.0/STM32CubeIDE/plugins/com.st.stm32cube.ide.mcu.externaltools.gnu-tools-for-stm32.11.3.rel1.win32_1.1.100.202309141235/tools/bin/../lib/gcc/arm-none-eabi/11.3.1/../../../../arm-none-eabi/lib/thumb/v7e-m+dp/hard\libm.a(libm_a-sf_fabs.o)
                0x0000000008012610                fabsf
 *(.glue_7)
 .glue_7        0x000000000801261e        0x0 linker stubs
 *(.glue_7t)
 .glue_7t       0x000000000801261e        0x0 linker stubs
 *(.eh_frame)
 *fill*         0x000000000801261e        0x2 
 .eh_frame      0x0000000008012620        0x0 C:/ST/STM32CubeIDE_1.11.0/STM32CubeIDE/plugins/com.st.stm32cube.ide.mcu.externaltools.gnu-tools-for-stm32.11.3.rel1.win32_1.1.100.202309141235/tools/bin/../lib/gcc/arm-none-eabi/11.3.1/thumb/v7e-m+dp/hard/crtbegin.o
 *(.init)
 .init          0x0000000008012620        0x4 C:/ST/STM32CubeIDE_1.11.0/STM32CubeIDE/plugins/com.st.stm32cube.ide.mcu.externaltools.gnu-tools-for-stm32.11.3.rel1.win32_1.1.100.202309141235/tools/bin/../lib/gcc/arm-none-eabi/11.3.1/thumb/v7e-m+dp/hard/crti.o
                0x0000000008012620                _init
 .init          0x0000000008012624        0x8 C:/ST/STM32CubeIDE_1.11.0/STM32CubeIDE/plugins/com.st.stm32cube.ide.mcu.externaltools.gnu-tools-for-stm32.11.3.rel1.win32_1.1.100.202309141235/tools/bin/../lib/gcc/arm-none-eabi/11.3.1/thumb/v7e-m+dp/hard/crtn.o
 *(.fini)
 .fini          0x000000000801262c        0x4 C:/ST/STM32CubeIDE_1.11.0/STM32CubeIDE/plugins/com.st.stm32cube.ide.mcu.externaltools.gnu-tools-for-stm32.11.3.rel1.win32_1.1.100.202309141235/tools/bin/../lib/gcc/arm-none-eabi/11.3.1/thumb/v7e-m+dp/hard/crti.o
                0x000000000801262c                _fini
 .fini          0x0000000008012630        0x8 C:/ST/STM32CubeIDE_1.11.0/STM32CubeIDE/plugins/com.st.stm32cube.ide.mcu.externaltools.gnu-tools-for-stm32.11.3.rel1.win32_1.1.100.202309141235/tools/bin/../lib/gcc/arm-none-eabi/11.3.1/thumb/v7e-m+dp/hard/crtn.o
                0x0000000008012638                . = ALIGN (0x4)
                0x0000000008012638                _etext = .

.vfp11_veneer   0x0000000008012638        0x0
 .vfp11_veneer  0x0000000008012638        0x0 linker stubs

.v4_bx          0x0000000008012638        0x0
 .v4_bx         0x0000000008012638        0x0 linker stubs

.iplt           0x0000000008012638        0x0
 .iplt          0x0000000008012638        0x0 C:/ST/STM32CubeIDE_1.11.0/STM32CubeIDE/plugins/com.st.stm32cube.ide.mcu.externaltools.gnu-tools-for-stm32.11.3.rel1.win32_1.1.100.202309141235/tools/bin/../lib/gcc/arm-none-eabi/11.3.1/thumb/v7e-m+dp/hard/crtbegin.o

.rodata         0x0000000008012638     0x3520
                0x0000000008012638                . = ALIGN (0x4)
 *(.rodata)
 *(.rodata*)
 .rodata.ICON_128_IMU
                0x0000000008012638      0x48a ./Libs/BSP/Core_CM7/BSP_Data.o
                0x0000000008012638                ICON_128_IMU
 *fill*         0x0000000008012ac2        0x2 
 .rodata.FONT_36_verdana
                0x0000000008012ac4     0x2656 ./Libs/BSP/Core_CM7/BSP_Fonts.o
                0x0000000008012ac4                FONT_36_verdana
 *fill*         0x000000000801511a        0x2 
 .rodata.C_LUT_COLOR
                0x000000000801511c      0x400 ./Libs/BSP/Core_CM7/BSP_LCD.o
                0x000000000801511c                C_LUT_COLOR
 .rodata.BSP_Res_Init.str1.4
                0x000000000801551c        0x4 ./Libs/BSP/Core_CM7/BSP_Resources.o
 .rodata.tud_msc_inquiry_cb.str1.4
                0x0000000008015520       0x1a ./Libs/BSP/Core_CM7/BSP_USB.o
 *fill*         0x000000000801553a        0x2 
 .rodata.str1.4
                0x000000000801553c       0x1a ./Libs/BSP/Core_CM7/BSP_USB.o
 *fill*         0x0000000008015556        0x2 
 .rodata.__compound_literal.0
                0x0000000008015558        0x2 ./Libs/BSP/Core_CM7/BSP_USB.o
 *fill*         0x000000000801555a        0x2 
 .rodata.desc_device_cdc
                0x000000000801555c       0x12 ./Libs/BSP/Core_CM7/BSP_USB.o
                0x000000000801555c                desc_device_cdc
 *fill*         0x000000000801556e        0x2 
 .rodata.desc_device_msc
                0x0000000008015570       0x12 ./Libs/BSP/Core_CM7/BSP_USB.o
                0x0000000008015570                desc_device_msc
 *fill*         0x0000000008015582        0x2 
 .rodata.desc_fs_conf_cdc
                0x0000000008015584       0x4b ./Libs/BSP/Core_CM7/BSP_USB.o
                0x0000000008015584                desc_fs_conf_cdc
 *fill*         0x00000000080155cf        0x1 
 .rodata.desc_fs_conf_msc
                0x00000000080155d0       0x20 ./Libs/BSP/Core_CM7/BSP_USB.o
                0x00000000080155d0                desc_fs_conf_msc
 .rodata.flagBitshiftOffset.0
                0x00000000080155f0        0x8 ./Libs/BSP/STM32H7/BSP_STM32_DMA.o
 .rodata.CSWTCH.11
                0x00000000080155f8       0x1c ./Libs/BSP/STM32H7/BSP_STM32_LTDC.o
 .rodata.SD_Driver
                0x0000000008015614       0x14 ./Libs/FATFS/BSP_sd_diskio.o
                0x0000000008015614                SD_Driver
 .rodata.check_fs.str1.4
                0x0000000008015628       0x15 ./Libs/FATFS/ff.o