Archive member included to satisfy reference by file (symbol)

C:/ST/STM32CubeIDE_1.11.0/STM32CubeIDE/plugins/com.st.stm32cube.ide.mcu.externaltools.gnu-tools-for-stm32.11.3.rel1.win32_1.1.100.202309141235/tools/bin/../lib/gcc/arm-none-eabi/11.3.1/../../../../arm-none-eabi/lib/thumb/v7e-m+dp/hard\libc_nano.a(libc_a-exit.o)
                              C:/ST/STM32CubeIDE_1.11.0/STM32CubeIDE/plugins/com.st.stm32cube.ide.mcu.externaltools.gnu-tools-for-stm32.11.3.rel1.win32_1.1.100.202309141235/tools/bin/../lib/gcc/arm-none-eabi/11.3.1/../../../../arm-none-eabi/lib/thumb/v7e-m+dp/hard/crt0.o (exit)
C:/ST/STM32CubeIDE_1.11.0/STM32CubeIDE/plugins/com.st.stm32cube.ide.mcu.externaltools.gnu-tools-for-stm32.11.3.rel1.win32_1.1.100.202309141235/tools/bin/../lib/gcc/arm-none-eabi/11.3.1/../../../../arm-none-eabi/lib/thumb/v7e-m+dp/hard\libc_nano.a(libc_a-findfp.o)
                              C:/ST/STM32CubeIDE_1.11.0/STM32CubeIDE/plugins/com.st.stm32cube.ide.mcu.externaltools.gnu-tools-for-stm32.11.3.rel1.win32_1.1.100.202309141235/tools/bin/../lib/gcc/arm-none-eabi/11.3.1/../../../../arm-none-eabi/lib/thumb/v7e-m+dp/hard\libc_nano.a(libc_a-exit.o) (__stdio_exit_handler)
C:/ST/STM32CubeIDE_1.11.0/STM32CubeIDE/plugins/com.st.stm32cube.ide.mcu.externaltools.gnu-tools-for-stm32.11.3.rel1.win32_1.1.100.202309141235/tools/bin/../lib/gcc/arm-none-eabi/11.3.1/../../../../arm-none-eabi/lib/thumb/v7e-m+dp/hard\libc_nano.a(libc_a-fwalk.o)
                              C:/ST/STM32CubeIDE_1.11.0/STM32CubeIDE/plugins/com.st.stm32cube.ide.mcu.externaltools.gnu-tools-for-stm32.11.3.rel1.win32_1.1.100.202309141235/tools/bin/../lib/gcc/arm-none-eabi/11.3.1/../../../../arm-none-eabi/lib/thumb/v7e-m+dp/hard\libc_nano.a(libc_a-findfp.o) (_fwalk_sglue)
C:/ST/STM32CubeIDE_1.11.0/STM32CubeIDE/plugins/com.st.stm32cube.ide.mcu.externaltools.gnu-tools-for-stm32.11.3.rel1.win32_1.1.100.202309141235/tools/bin/../lib/gcc/arm-none-eabi/11.3.1/../../../../arm-none-eabi/lib/thumb/v7e-m+dp/hard\libc_nano.a(libc_a-stdio.o)
                              C:/ST/STM32CubeIDE_1.11.0/STM32CubeIDE/plugins/com.st.stm32cube.ide.mcu.externaltools.gnu-tools-for-stm32.11.3.rel1.win32_1.1.100.202309141235/tools/bin/../lib/gcc/arm-none-eabi/11.3.1/../../../../arm-none-eabi/lib/thumb/v7e-m+dp/hard\libc_nano.a(libc_a-findfp.o) (__sread)
C:/ST/STM32CubeIDE_1.11.0/STM32CubeIDE/plugins/com.st.stm32cube.ide.mcu.externaltools.gnu-tools-for-stm32.11.3.rel1.win32_1.1.100.202309141235/tools/bin/../lib/gcc/arm-none-eabi/11.3.1/../../../../arm-none-eabi/lib/thumb/v7e-m+dp/hard\libc_nano.a(libc_a-memcmp.o)
                              ./Libs/FATFS/ff.o (memcmp)
C:/ST/STM32CubeIDE_1.11.0/STM32CubeIDE/plugins/com.st.stm32cube.ide.mcu.externaltools.gnu-tools-for-stm32.11.3.rel1.win32_1.1.100.202309141235/tools/bin/../lib/gcc/arm-none-eabi/11.3.1/../../../../arm-none-eabi/lib/thumb/v7e-m+dp/hard\libc_nano.a(libc_a-memmove.o)
                              ./Libs/TinyUSB/class/msc/msc_device.o (memmove)
C:/ST/STM32CubeIDE_1.11.0/STM32CubeIDE/plugins/com.st.stm32cube.ide.mcu.externaltools.gnu-tools-for-stm32.11.3.rel1.win32_1.1.100.202309141235/tools/bin/../lib/gcc/arm-none-eabi/11.3.1/../../../../arm-none-eabi/lib/thumb/v7e-m+dp/hard\libc_nano.a(libc_a-memset.o)
                              C:/ST/STM32CubeIDE_1.11.0/STM32CubeIDE/plugins/com.st.stm32cube.ide.mcu.externaltools.gnu-tools-for-stm32.11.3.rel1.win32_1.1.100.202309141235/tools/bin/../lib/gcc/arm-none-eabi/11.3.1/../../../../arm-none-eabi/lib/thumb/v7e-m+dp/hard/crt0.o (memset)
C:/ST/STM32CubeIDE_1.11.0/STM32CubeIDE/plugins/com.st.stm32cube.ide.mcu.externaltools.gnu-tools-for-stm32.11.3.rel1.win32_1.1.100.202309141235/tools/bin/../lib/gcc/arm-none-eabi/11.3.1/../../../../arm-none-eabi/lib/thumb/v7e-m+dp/hard\libc_nano.a(libc_a-strchr.o)
                              ./Libs/FATFS/ff.o (strchr)
C:/ST/STM32CubeIDE_1.11.0/STM32CubeIDE/plugins/com.st.stm32cube.ide.mcu.externaltools.gnu-tools-for-stm32.11.3.rel1.win32_1.1.100.202309141235/tools/bin/../lib/gcc/arm-none-eabi/11.3.1/../../../../arm-none-eabi/lib/thumb/v7e-m+dp/hard\libc_nano.a(libc_a-closer.o)
                              C:/ST/STM32CubeIDE_1.11.0/STM32CubeIDE/plugins/com.st.stm32cube.ide.mcu.externaltools.gnu-tools-for-stm32.11.3.rel1.win32_1.1.100.202309141235/tools/bin/../lib/gcc/arm-none-eabi/11.3.1/../../../../arm-none-eabi/lib/thumb/v7e-m+dp/hard\libc_nano.a(libc_a-stdio.o) (_close_r)
C:/ST/STM32CubeIDE_1.11.0/STM32CubeIDE/plugins/com.st.stm32cube.ide.mcu.externaltools.gnu-tools-for-stm32.11.3.rel1.win32_1.1.100.202309141235/tools/bin/../lib/gcc/arm-none-eabi/11.3.1/../../../../arm-none-eabi/lib/thumb/v7e-m+dp/hard\libc_nano.a(libc_a-reent.o)
                              C:/ST/STM32CubeIDE_1.11.0/STM32CubeIDE/plugins/com.st.stm32cube.ide.mcu.externaltools.gnu-tools-for-stm32.11.3.rel1.win32_1.1.100.202309141235/tools/bin/../lib/gcc/arm-none-eabi/11.3.1/../../../../arm-none-eabi/lib/thumb/v7e-m+dp/hard\libc_nano.a(libc_a-closer.o) (errno)
[...]
Memory Configuration

Name             Origin             Length             Attributes
ITCMRAM          0x0000000000000000 0x0000000000010000 xrw
DTCMRAM          0x0000000020000000 0x0000000000020000 rw
OS_FLASH         0x0000000008000000 0x0000000000080000 xr
OS_RAM           0x0000000024000000 0x0000000000020000 xrw
APP_FLASH        0x0000000090000000 0x0000000001000000 xr
APP_RAM          0x0000000024020000 0x0000000000060000 xrw
SH0_RAM          0x0000000030040000 0x0000000000008000 rw
SH1_RAM          0x0000000038008000 0x0000000000008000 rw
BUF_RAM          0x0000000038000000 0x0000000000008000 rw
BK_RAM           0x0000000038800000 0x0000000000001000 rw
*default*        0x0000000000000000 0xffffffffffffffff

Linker script and memory map

LOAD C:/ST/STM32CubeIDE_1.11.0/STM32CubeIDE/plugins/com.st.stm32cube.ide.mcu.externaltools.gnu-tools-for-stm32.11.3.rel1.win32_1.1.100.202309141235/tools/bin/../lib/gcc/arm-none-eabi/11.3.1/thumb/v7e-m+dp/hard/crti.o
LOAD C:/ST/STM32CubeIDE_1.11.0/STM32CubeIDE/plugins/com.st.stm32cube.ide.mcu.externaltools.gnu-tools-for-stm32.11.3.rel1.win32_1.1.100.202309141235/tools/bin/../lib/gcc/arm-none-eabi/11.3.1/thumb/v7e-m+dp/hard/crtbegin.o
LOAD C:/ST/STM32CubeIDE_1.11.0/STM32CubeIDE/plugins/com.st.stm32cube.ide.mcu.externaltools.gnu-tools-for-stm32.11.3.rel1.win32_1.1.100.202309141235/tools/bin/../lib/gcc/arm-none-eabi/11.3.1/../../../../arm-none-eabi/lib/thumb/v7e-m+dp/hard/crt0.o
LOAD ./Libs/BSP/Components/IS25LP128F.o
LOAD ./Libs/BSP/Components/IS42S32160F.o
LOAD ./Libs/BSP/Components/MAX98357A.o
LOAD ./Libs/BSP/Components/MDBT42Q512KV2.o
LOAD ./Libs/BSP/Components/MPU6050.o
LOAD ./Libs/BSP/Components/RVT50AQTNWC00.o
LOAD ./Libs/BSP/Core_CM7/BSP.o
LOAD ./Libs/BSP/Core_CM7/BSP_Audio.o
LOAD ./Libs/BSP/Core_CM7/BSP_Data.o
LOAD ./Libs/BSP/Core_CM7/BSP_IMU.o
LOAD ./Libs/BSP/Core_CM7/BSP_Inputs.o
LOAD ./Libs/BSP/Core_CM7/BSP_LCD.o
LOAD ./Libs/BSP/Core_CM7/BSP_LCD_TP.o
LOAD ./Libs/BSP/Core_CM7/BSP_QSPI.o
LOAD ./Libs/BSP/Core_CM7/BSP_Resources.o
LOAD ./Libs/BSP/Core_CM7/BSP_SDCARD.o
LOAD ./Libs/BSP/Core_CM7/BSP_SDRAM.o
LOAD ./Libs/BSP/Core_CM7/BSP_STM32.o
LOAD ./Libs/BSP/Core_CM7/BSP_Serial.o
LOAD ./Libs/BSP/Core_CM7/BSP_USB.o
LOAD ./Libs/BSP/Libs/graph2d.o
LOAD ./Libs/BSP/Libs/hxcmod.o
LOAD ./Libs/BSP/Libs/kalman.o
LOAD ./Libs/BSP/STM32H7/BSP_Common.o
LOAD ./Libs/BSP/STM32H7/BSP_STM32_ADC.o
LOAD ./Libs/BSP/STM32H7/BSP_STM32_BDMA.o
LOAD ./Libs/BSP/STM32H7/BSP_STM32_CORE.o
LOAD ./Libs/BSP/STM32H7/BSP_STM32_DMA.o
LOAD ./Libs/BSP/STM32H7/BSP_STM32_DMA2D.o
LOAD ./Libs/BSP/STM32H7/BSP_STM32_FMC.o
LOAD ./Libs/BSP/STM32H7/BSP_STM32_GPIO.o
LOAD ./Libs/BSP/STM32H7/BSP_STM32_HSEM.o
LOAD ./Libs/BSP/STM32H7/BSP_STM32_I2C.o
LOAD ./Libs/BSP/STM32H7/BSP_STM32_I2S.o
LOAD ./Libs/BSP/STM32H7/BSP_STM32_JPEG.o
LOAD ./Libs/BSP/STM32H7/BSP_STM32_LTDC.o
LOAD ./Libs/BSP/STM32H7/BSP_STM32_PCD.o
LOAD ./Libs/BSP/STM32H7/BSP_STM32_PWR.o
LOAD ./Libs/BSP/STM32H7/BSP_STM32_QUADSPI.o
LOAD ./Libs/BSP/STM32H7/BSP_STM32_RCC.o
LOAD ./Libs/BSP/STM32H7/BSP_STM32_RTC.o
LOAD ./Libs/BSP/STM32H7/BSP_STM32_SDMMC.o
LOAD ./Libs/BSP/STM32H7/BSP_STM32_SDMMC_ll.o
LOAD ./Libs/BSP/STM32H7/BSP_STM32_TIM.o
LOAD ./Libs/BSP/STM32H7/BSP_STM32_UART.o
LOAD ./Libs/FATFS/BSP_diskio.o
LOAD ./Libs/FATFS/BSP_fatfs.o
LOAD ./Libs/FATFS/BSP_ff_gen_drv.o
LOAD ./Libs/FATFS/BSP_sd_diskio.o
LOAD ./Libs/FATFS/ff.o
LOAD ./Libs/FATFS/ffsystem.o
LOAD ./Libs/FATFS/ffunicode.o
LOAD ./Libs/ST/system_stm32h7xx_dualcore_boot_cm4_cm7.o
LOAD ./Libs/TinyUSB/class/audio/audio_device.o
LOAD ./Libs/TinyUSB/class/bth/bth_device.o
LOAD ./Libs/TinyUSB/class/cdc/cdc_device.o
LOAD ./Libs/TinyUSB/class/cdc/cdc_host.o
LOAD ./Libs/TinyUSB/class/cdc/cdc_rndis_host.o
LOAD ./Libs/TinyUSB/class/dfu/dfu_device.o
LOAD ./Libs/TinyUSB/class/dfu/dfu_rt_device.o
LOAD ./Libs/TinyUSB/class/hid/hid_device.o
LOAD ./Libs/TinyUSB/class/hid/hid_host.o
LOAD ./Libs/TinyUSB/class/midi/midi_device.o
LOAD ./Libs/TinyUSB/class/msc/msc_device.o
LOAD ./Libs/TinyUSB/class/msc/msc_host.o
LOAD ./Libs/TinyUSB/class/net/ecm_rndis_device.o
LOAD ./Libs/TinyUSB/class/net/ncm_device.o
LOAD ./Libs/TinyUSB/class/usbtmc/usbtmc_device.o
LOAD ./Libs/TinyUSB/class/vendor/vendor_device.o
LOAD ./Libs/TinyUSB/class/vendor/vendor_host.o
LOAD ./Libs/TinyUSB/class/video/video_device.o
LOAD ./Libs/TinyUSB/common/tusb_fifo.o
LOAD ./Libs/TinyUSB/device/usbd.o
LOAD ./Libs/TinyUSB/device/usbd_control.o
LOAD ./Libs/TinyUSB/host/hub.o
LOAD ./Libs/TinyUSB/host/usbh.o
LOAD ./Libs/TinyUSB/portable/bridgetek/ft9xx/dcd_ft9xx.o
LOAD ./Libs/TinyUSB/portable/chipidea/ci_hs/dcd_ci_hs.o
LOAD ./Libs/TinyUSB/portable/chipidea/ci_hs/hcd_ci_hs.o
LOAD ./Libs/TinyUSB/portable/dialog/da146xx/dcd_da146xx.o
LOAD ./Libs/TinyUSB/portable/ehci/ehci.o
LOAD ./Libs/TinyUSB/portable/espressif/esp32sx/dcd_esp32sx.o
LOAD ./Libs/TinyUSB/portable/mentor/musb/dcd_musb.o
LOAD ./Libs/TinyUSB/portable/mentor/musb/hcd_musb.o
LOAD ./Libs/TinyUSB/portable/microchip/pic/dcd_pic.o
LOAD ./Libs/TinyUSB/portable/microchip/pic32mz/dcd_pic32mz.o
LOAD ./Libs/TinyUSB/portable/microchip/samd/dcd_samd.o
LOAD ./Libs/TinyUSB/portable/microchip/samg/dcd_samg.o
LOAD ./Libs/TinyUSB/portable/microchip/samx7x/dcd_samx7x.o
LOAD ./Libs/TinyUSB/portable/mindmotion/mm32/dcd_mm32f327x_otg.o
LOAD ./Libs/TinyUSB/portable/nordic/nrf5x/dcd_nrf5x.o
LOAD ./Libs/TinyUSB/portable/nuvoton/nuc120/dcd_nuc120.o
LOAD ./Libs/TinyUSB/portable/nuvoton/nuc121/dcd_nuc121.o
LOAD ./Libs/TinyUSB/portable/nuvoton/nuc505/dcd_nuc505.o
LOAD ./Libs/TinyUSB/portable/nxp/khci/dcd_khci.o
LOAD ./Libs/TinyUSB/portable/nxp/khci/hcd_khci.o
LOAD ./Libs/TinyUSB/portable/nxp/lpc17_40/dcd_lpc17_40.o
LOAD ./Libs/TinyUSB/portable/nxp/lpc17_40/hcd_lpc17_40.o
LOAD ./Libs/TinyUSB/portable/nxp/lpc_ip3511/dcd_lpc_ip3511.o
LOAD ./Libs/TinyUSB/portable/nxp/transdimension/dcd_transdimension.o
LOAD ./Libs/TinyUSB/portable/nxp/transdimension/hcd_transdimension.o
LOAD ./Libs/TinyUSB/portable/ohci/ohci.o
LOAD ./Libs/TinyUSB/portable/raspberrypi/pio_usb/dcd_pio_usb.o
LOAD ./Libs/TinyUSB/portable/raspberrypi/pio_usb/hcd_pio_usb.o
LOAD ./Libs/TinyUSB/portable/raspberrypi/rp2040/dcd_rp2040.o
LOAD ./Libs/TinyUSB/portable/raspberrypi/rp2040/hcd_rp2040.o
LOAD ./Libs/TinyUSB/portable/raspberrypi/rp2040/rp2040_usb.o
LOAD ./Libs/TinyUSB/portable/renesas/rusb2/dcd_rusb2.o
LOAD ./Libs/TinyUSB/portable/renesas/rusb2/hcd_rusb2.o
LOAD ./Libs/TinyUSB/portable/sony/cxd56/dcd_cxd56.o
LOAD ./Libs/TinyUSB/portable/st/stm32_fsdev/dcd_stm32_fsdev.o
LOAD ./Libs/TinyUSB/portable/sunxi/dcd_sunxi_musb.o
LOAD ./Libs/TinyUSB/portable/synopsys/dwc2/dcd_dwc2.o
LOAD ./Libs/TinyUSB/portable/template/dcd_template.o
LOAD ./Libs/TinyUSB/portable/ti/msp430x5xx/dcd_msp430x5xx.o
LOAD ./Libs/TinyUSB/portable/valentyusb/eptri/dcd_eptri.o
LOAD ./Libs/TinyUSB/portable/wch/ch32v307/dcd_usbhs.o
LOAD ./Libs/TinyUSB/tusb.o
LOAD ./Src/main.o
LOAD ./Src/syscalls.o
LOAD ./Src/sysmem.o
LOAD ./Startup/startup_stm32h747bgtx.o
START GROUP
LOAD C:/ST/STM32CubeIDE_1.11.0/STM32CubeIDE/plugins/com.st.stm32cube.ide.mcu.externaltools.gnu-tools-for-stm32.11.3.rel1.win32_1.1.100.202309141235/tools/bin/../lib/gcc/arm-none-eabi/11.3.1/../../../../arm-none-eabi/lib/thumb/v7e-m+dp/hard\libc_nano.a
LOAD C:/ST/STM32CubeIDE_1.11.0/STM32CubeIDE/plugins/com.st.stm32cube.ide.mcu.externaltools.gnu-tools-for-stm32.11.3.rel1.win32_1.1.100.202309141235/tools/bin/../lib/gcc/arm-none-eabi/11.3.1/../../../../arm-none-eabi/lib/thumb/v7e-m+dp/hard\libm.a
END GROUP
START GROUP
LOAD C:/ST/STM32CubeIDE_1.11.0/STM32CubeIDE/plugins/com.st.stm32cube.ide.mcu.externaltools.gnu-tools-for-stm32.11.3.rel1.win32_1.1.100.202309141235/tools/bin/../lib/gcc/arm-none-eabi/11.3.1/thumb/v7e-m+dp/hard\libgcc.a
LOAD C:/ST/STM32CubeIDE_1.11.0/STM32CubeIDE/plugins/com.st.stm32cube.ide.mcu.externaltools.gnu-tools-for-stm32.11.3.rel1.win32_1.1.100.202309141235/tools/bin/../lib/gcc/arm-none-eabi/11.3.1/../../../../arm-none-eabi/lib/thumb/v7e-m+dp/hard\libc_nano.a
END GROUP
START GROUP
LOAD C:/ST/STM32CubeIDE_1.11.0/STM32CubeIDE/plugins/com.st.stm32cube.ide.mcu.externaltools.gnu-tools-for-stm32.11.3.rel1.win32_1.1.100.202309141235/tools/bin/../lib/gcc/arm-none-eabi/11.3.1/thumb/v7e-m+dp/hard\libgcc.a
LOAD C:/ST/STM32CubeIDE_1.11.0/STM32CubeIDE/plugins/com.st.stm32cube.ide.mcu.externaltools.gnu-tools-for-stm32.11.3.rel1.win32_1.1.100.202309141235/tools/bin/../lib/gcc/arm-none-eabi/11.3.1/../../../../arm-none-eabi/lib/thumb/v7e-m+dp/hard\libc_nano.a
LOAD C:/ST/STM32CubeIDE_1.11.0/STM32CubeIDE/plugins/com.st.stm32cube.ide.mcu.externaltools.gnu-tools-for-stm32.11.3.rel1.win32_1.1.100.202309141235/tools/bin/../lib/gcc/arm-none-eabi/11.3.1/../../../../arm-none-eabi/lib/thumb/v7e-m+dp/hard\libnosys.a
END GROUP
START GROUP
LOAD C:/ST/STM32CubeIDE_1.11.0/STM32CubeIDE/plugins/com.st.stm32cube.ide.mcu.externaltools.gnu-tools-for-stm32.11.3.rel1.win32_1.1.100.202309141235/tools/bin/../lib/gcc/arm-none-eabi/11.3.1/thumb/v7e-m+dp/hard\libgcc.a
LOAD C:/ST/STM32CubeIDE_1.11.0/STM32CubeIDE/plugins/com.st.stm32cube.ide.mcu.externaltools.gnu-tools-for-stm32.11.3.rel1.win32_1.1.100.202309141235/tools/bin/../lib/gcc/arm-none-eabi/11.3.1/../../../../arm-none-eabi/lib/thumb/v7e-m+dp/hard\libc_nano.a
LOAD C:/ST/STM32CubeIDE_1.11.0/STM32CubeIDE/plugins/com.st.stm32cube.ide.mcu.externaltools.gnu-tools-for-stm32.11.3.rel1.win32_1.1.100.202309141235/tools/bin/../lib/gcc/arm-none-eabi/11.3.1/../../../../arm-none-eabi/lib/thumb/v7e-m+dp/hard\libnosys.a
END GROUP
LOAD C:/ST/STM32CubeIDE_1.11.0/STM32CubeIDE/plugins/com.st.stm32cube.ide.mcu.externaltools.gnu-tools-for-stm32.11.3.rel1.win32_1.1.100.202309141235/tools/bin/../lib/gcc/arm-none-eabi/11.3.1/thumb/v7e-m+dp/hard/crtend.o
LOAD C:/ST/STM32CubeIDE_1.11.0/STM32CubeIDE/plugins/com.st.stm32cube.ide.mcu.externaltools.gnu-tools-for-stm32.11.3.rel1.win32_1.1.100.202309141235/tools/bin/../lib/gcc/arm-none-eabi/11.3.1/thumb/v7e-m+dp/hard/crtn.o
                0x0000000024020000                _estack = (ORIGIN (OS_RAM) + LENGTH (OS_RAM))
                0x0000000000000200                _Min_Heap_Size = 0x200
                0x0000000000000400                _Min_Stack_Size = 0x400

.isr_vector     0x0000000008000000      0x298
                0x0000000008000000                . = ALIGN (0x4)
 *(.isr_vector)
 .isr_vector    0x0000000008000000      0x298 ./Startup/startup_stm32h747bgtx.o
                0x0000000008000000                g_pfnVectors
                0x0000000008000298                . = ALIGN (0x4)

.text           0x0000000008000298    0x104b8
                0x0000000008000298                . = ALIGN (0x4)
 *(.text)
 .text          0x0000000008000298       0x40 C:/ST/STM32CubeIDE_1.11.0/STM32CubeIDE/plugins/com.st.stm32cube.ide.mcu.externaltools.gnu-tools-for-stm32.11.3.rel1.win32_1.1.100.202309141235/tools/bin/../lib/gcc/arm-none-eabi/11.3.1/thumb/v7e-m+dp/hard/crtbegin.o
 *(.text*)
 .text._DRV_QSPI_CheckStatus
                0x00000000080002d8       0x94 ./Libs/BSP/Components/IS25LP128F.o
 .text._DRV_QSPI_WriteEnable
                0x000000000800036c       0x5e ./Libs/BSP/Components/IS25LP128F.o
 .text.BSP_DRV_QSPI_Reset
                0x00000000080003ca       0x9c ./Libs/BSP/Components/IS25LP128F.o
                0x00000000080003ca                BSP_DRV_QSPI_Reset
 .text.BSP_DRV_QSPI_Init
                0x0000000008000466      0x240 ./Libs/BSP/Components/IS25LP128F.o
                0x0000000008000466                BSP_DRV_QSPI_Init
 .text.limitvalue
                0x00000000080006a6       0x36 ./Libs/BSP/Components/IS42S32160F.o
                0x00000000080006a6                limitvalue
 *fill*         0x00000000080006dc        0x4 
 .text.BSP_DRV_SDRAM_Init
                0x00000000080006e0      0x3a4 ./Libs/BSP/Components/IS42S32160F.o
                0x00000000080006e0                BSP_DRV_SDRAM_Init
 .text.BSP_DRV_IMU_Init
                0x0000000008000a84      0x134 ./Libs/BSP/Components/MPU6050.o
                0x0000000008000a84                BSP_DRV_IMU_Init
 .text.BSP_DRV_IMU_Parse
                0x0000000008000bb8      0x3a4 ./Libs/BSP/Components/MPU6050.o
                0x0000000008000bb8                BSP_DRV_IMU_Parse
 .text.BSP_DRV_LCD_TP_Init
                0x0000000008000f5c       0x16 ./Libs/BSP/Components/RVT50AQTNWC00.o
                0x0000000008000f5c                BSP_DRV_LCD_TP_Init
 *fill*         0x0000000008000f72        0x6 
 .text.BSP_DRV_LCD_TP_Parse
                0x0000000008000f78      0x71c ./Libs/BSP/Components/RVT50AQTNWC00.o
                0x0000000008000f78                BSP_DRV_LCD_TP_Parse
 .text.BSP_BOARD_Init_CM7
                0x0000000008001694      0x1ec ./Libs/BSP/Core_CM7/BSP.o
                0x0000000008001694                BSP_BOARD_Init_CM7
 .text.NMI_Handler
                0x0000000008001880        0x6 ./Libs/BSP/Core_CM7/BSP.o
                0x0000000008001880                NMI_Handler
 .text.HardFault_Handler
                0x0000000008001886        0x6 ./Libs/BSP/Core_CM7/BSP.o
                0x0000000008001886                HardFault_Handler
 .text.MemManage_Handler
                0x000000000800188c        0x6 ./Libs/BSP/Core_CM7/BSP.o
                0x000000000800188c                MemManage_Handler
 .text.BusFault_Handler
                0x0000000008001892        0x6 ./Libs/BSP/Core_CM7/BSP.o
                0x0000000008001892                BusFault_Handler
 .text.UsageFault_Handler
                0x0000000008001898        0x6 ./Libs/BSP/Core_CM7/BSP.o
                0x0000000008001898                UsageFault_Handler
 .text.SVC_Handler
                0x000000000800189e        0xe ./Libs/BSP/Core_CM7/BSP.o
                0x000000000800189e                SVC_Handler
 .text.DebugMon_Handler
                0x00000000080018ac        0xe ./Libs/BSP/Core_CM7/BSP.o
                0x00000000080018ac                DebugMon_Handler
 .text.PendSV_Handler
                0x00000000080018ba        0xe ./Libs/BSP/Core_CM7/BSP.o
                0x00000000080018ba                PendSV_Handler
 .text.SysTick_Handler
                0x00000000080018c8        0xc ./Libs/BSP/Core_CM7/BSP.o
                0x00000000080018c8                SysTick_Handler
 .text.BSP_Error_Handler
                0x00000000080018d4        0xa ./Libs/BSP/Core_CM7/BSP.o
                0x00000000080018d4                BSP_Error_Handler
 *fill*         0x00000000080018de        0x2 
 .text.SPI3_IRQHandler
                0x00000000080018e0       0x18 ./Libs/BSP/Core_CM7/BSP_Audio.o
                0x00000000080018e0                SPI3_IRQHandler
 .text.BSP_IMU_Init
                0x00000000080018f8       0x80 ./Libs/BSP/Core_CM7/BSP_IMU.o
                0x00000000080018f8                BSP_IMU_Init
 .text.BSP_IMU_INTHandler
                0x0000000008001978       0x2c ./Libs/BSP/Core_CM7/BSP_IMU.o
                0x0000000008001978                BSP_IMU_INTHandler
 .text.I2C4_EV_IRQHandler
                0x00000000080019a4       0x28 ./Libs/BSP/Core_CM7/BSP_IMU.o
                0x00000000080019a4                I2C4_EV_IRQHandler
 .text.BSP_Inputs_Init
                0x00000000080019cc       0xd0 ./Libs/BSP/Core_CM7/BSP_Inputs.o
                0x00000000080019cc                BSP_Inputs_Init
 .text.BSP_Inputs_ParseData
                0x0000000008001a9c      0x22c ./Libs/BSP/Core_CM7/BSP_Inputs.o
                0x0000000008001a9c                BSP_Inputs_ParseData
 .text.TIM2_IRQHandler
                0x0000000008001cc8       0x2a ./Libs/BSP/Core_CM7/BSP_Inputs.o
                0x0000000008001cc8                TIM2_IRQHandler
 .text._color_dist
                0x0000000008001cf2       0xb2 ./Libs/BSP/Core_CM7/BSP_LCD.o
 .text._ARGB8888_color
                0x0000000008001da4       0x24 ./Libs/BSP/Core_CM7/BSP_LCD.o
 .text._ARGB8888_alpha
                0x0000000008001dc8       0x24 ./Libs/BSP/Core_CM7/BSP_LCD.o
 .text._ARGB8888_dma2dwait
                0x0000000008001dec       0x20 ./Libs/BSP/Core_CM7/BSP_LCD.o
 .text._ARGB8888_updatepixel
                0x0000000008001e0c       0x74 ./Libs/BSP/Core_CM7/BSP_LCD.o
 .text._ARGB8888_getpixel
                0x0000000008001e80       0x74 ./Libs/BSP/Core_CM7/BSP_LCD.o
 .text._ARGB8888_fillbuf
                0x0000000008001ef4       0x8c ./Libs/BSP/Core_CM7/BSP_LCD.o
 .text._ARGB8888_copybuf
                0x0000000008001f80       0x8c ./Libs/BSP/Core_CM7/BSP_LCD.o
 .text._ARGB8888_copybufblend
                0x000000000800200c       0x90 ./Libs/BSP/Core_CM7/BSP_LCD.o
 .text._ARGB8888_copybufJPEG
                0x000000000800209c      0x158 ./Libs/BSP/Core_CM7/BSP_LCD.o
 .text._ARGB1555_color
                0x00000000080021f4       0x58 ./Libs/BSP/Core_CM7/BSP_LCD.o
 .text._ARGB1555_alpha
                0x000000000800224c       0x36 ./Libs/BSP/Core_CM7/BSP_LCD.o
 *fill*         0x0000000008002282        0x2 
 .text._ARGB1555_dma2dwait
                0x0000000008002284       0x20 ./Libs/BSP/Core_CM7/BSP_LCD.o
 .text._ARGB1555_updatepixel
                0x00000000080022a4       0x76 ./Libs/BSP/Core_CM7/BSP_LCD.o
 .text._ARGB1555_getpixel
                0x000000000800231a       0x74 ./Libs/BSP/Core_CM7/BSP_LCD.o
 *fill*         0x000000000800238e        0x2 
 .text._ARGB1555_fillbuf
                0x0000000008002390       0x8c ./Libs/BSP/Core_CM7/BSP_LCD.o
 .text._ARGB1555_copybuf
                0x000000000800241c       0x8c ./Libs/BSP/Core_CM7/BSP_LCD.o
 .text._ARGB1555_copybufblend
                0x00000000080024a8       0x90 ./Libs/BSP/Core_CM7/BSP_LCD.o
 .text._ARGB1555_copybufJPEG
                0x0000000008002538      0x158 ./Libs/BSP/Core_CM7/BSP_LCD.o
 .text._ARGB4444_color
                0x0000000008002690       0x50 ./Libs/BSP/Core_CM7/BSP_LCD.o
 .text._ARGB4444_alpha
                0x00000000080026e0       0x30 ./Libs/BSP/Core_CM7/BSP_LCD.o
 .text._ARGB4444_dma2dwait
                0x0000000008002710       0x20 ./Libs/BSP/Core_CM7/BSP_LCD.o
 .text._ARGB4444_updatepixel
                0x0000000008002730       0x76 ./Libs/BSP/Core_CM7/BSP_LCD.o
 .text._ARGB4444_getpixel
                0x00000000080027a6       0x74 ./Libs/BSP/Core_CM7/BSP_LCD.o
 *fill*         0x000000000800281a        0x2 
 .text._ARGB4444_fillbuf
                0x000000000800281c       0x8c ./Libs/BSP/Core_CM7/BSP_LCD.o
 .text._ARGB4444_copybuf
                0x00000000080028a8       0x8c ./Libs/BSP/Core_CM7/BSP_LCD.o
 .text._ARGB4444_copybufblend
                0x0000000008002934       0x90 ./Libs/BSP/Core_CM7/BSP_LCD.o
 .text._ARGB4444_copybufJPEG
                0x00000000080029c4      0x158 ./Libs/BSP/Core_CM7/BSP_LCD.o
 .text._RGB888_color
                0x0000000008002b1c       0x1a ./Libs/BSP/Core_CM7/BSP_LCD.o
 .text._RGB888_alpha
                0x0000000008002b36       0x1a ./Libs/BSP/Core_CM7/BSP_LCD.o
 .text._RGB888_dma2dwait
                0x0000000008002b50       0x20 ./Libs/BSP/Core_CM7/BSP_LCD.o
 .text._RGB888_updatepixel
                0x0000000008002b70       0xa6 ./Libs/BSP/Core_CM7/BSP_LCD.o
 .text._RGB888_getpixel
                0x0000000008002c16       0xa2 ./Libs/BSP/Core_CM7/BSP_LCD.o
 .text._RGB888_fillbuf
                0x0000000008002cb8       0x90 ./Libs/BSP/Core_CM7/BSP_LCD.o
 .text._RGB888_copybuf
                0x0000000008002d48       0x90 ./Libs/BSP/Core_CM7/BSP_LCD.o
 .text._RGB888_copybufblend
                0x0000000008002dd8       0x3e ./Libs/BSP/Core_CM7/BSP_LCD.o
 *fill*         0x0000000008002e16        0x2 
 .text._RGB888_copybufJPEG
                0x0000000008002e18      0x15c ./Libs/BSP/Core_CM7/BSP_LCD.o
 .text._AL88_color
                0x0000000008002f74       0x6c ./Libs/BSP/Core_CM7/BSP_LCD.o
 .text._AL88_alpha
                0x0000000008002fe0       0x2a ./Libs/BSP/Core_CM7/BSP_LCD.o
 *fill*         0x000000000800300a        0x2 
 .text._AL88_dma2dwait
                0x000000000800300c       0x20 ./Libs/BSP/Core_CM7/BSP_LCD.o
 .text._AL88_updatepixel
                0x000000000800302c       0x7c ./Libs/BSP/Core_CM7/BSP_LCD.o
 .text._AL88_getpixel
                0x00000000080030a8       0x74 ./Libs/BSP/Core_CM7/BSP_LCD.o
 .text._AL88_fillbuf
                0x000000000800311c       0x8c ./Libs/BSP/Core_CM7/BSP_LCD.o
 .text._AL88_copybuf
                0x00000000080031a8       0x8c ./Libs/BSP/Core_CM7/BSP_LCD.o
 .text._AL88_copybufblend
                0x0000000008003234       0x3e ./Libs/BSP/Core_CM7/BSP_LCD.o
 *fill*         0x0000000008003272        0x2 
 .text._AL88_copybufJPEG
                0x0000000008003274       0x6c ./Libs/BSP/Core_CM7/BSP_LCD.o
 .text._L8_color
                0x00000000080032e0       0x6c ./Libs/BSP/Core_CM7/BSP_LCD.o
 .text._L8_alpha
                0x000000000800334c       0x1a ./Libs/BSP/Core_CM7/BSP_LCD.o
 *fill*         0x0000000008003366        0x2 
 .text._L8_dma2dwait
                0x0000000008003368       0x20 ./Libs/BSP/Core_CM7/BSP_LCD.o
 .text._L8_updatepixel
                0x0000000008003388       0x7c ./Libs/BSP/Core_CM7/BSP_LCD.o
 .text._L8_getpixel
                0x0000000008003404       0x74 ./Libs/BSP/Core_CM7/BSP_LCD.o
 .text._L8_fillbuf
                0x0000000008003478      0x1c0 ./Libs/BSP/Core_CM7/BSP_LCD.o
 .text._L8_copybuf
                0x0000000008003638      0x190 ./Libs/BSP/Core_CM7/BSP_LCD.o
 .text._L8_copybufblend
                0x00000000080037c8       0x3e ./Libs/BSP/Core_CM7/BSP_LCD.o
 *fill*         0x0000000008003806        0x2 
 .text._L8_copybufJPEG
                0x0000000008003808       0x6c ./Libs/BSP/Core_CM7/BSP_LCD.o
 .text._config_triplebuf
                0x0000000008003874      0x150 ./Libs/BSP/Core_CM7/BSP_LCD.o
 .text._config_doublebuf
                0x00000000080039c4      0x12c ./Libs/BSP/Core_CM7/BSP_LCD.o
 .text._ARGB8888_config
                0x0000000008003af0       0xc0 ./Libs/BSP/Core_CM7/BSP_LCD.o
 .text._ARGB8888_config_layer
                0x0000000008003bb0       0x6c ./Libs/BSP/Core_CM7/BSP_LCD.o
 .text._ARGB1555_config
                0x0000000008003c1c       0xc0 ./Libs/BSP/Core_CM7/BSP_LCD.o
 .text._ARGB1555_config_layer
                0x0000000008003cdc       0x6c ./Libs/BSP/Core_CM7/BSP_LCD.o
 .text._ARGB4444_config
                0x0000000008003d48       0xc0 ./Libs/BSP/Core_CM7/BSP_LCD.o
 .text._ARGB4444_config_layer
                0x0000000008003e08       0x6c ./Libs/BSP/Core_CM7/BSP_LCD.o
 .text._RGB888_config
                0x0000000008003e74       0xc4 ./Libs/BSP/Core_CM7/BSP_LCD.o
 .text._RGB888_config_layer
                0x0000000008003f38       0x78 ./Libs/BSP/Core_CM7/BSP_LCD.o
 .text._AL88_config
                0x0000000008003fb0       0xc0 ./Libs/BSP/Core_CM7/BSP_LCD.o
 .text._AL88_config_layer
                0x0000000008004070       0x7c ./Libs/BSP/Core_CM7/BSP_LCD.o
 .text._L8_config
                0x00000000080040ec       0xc0 ./Libs/BSP/Core_CM7/BSP_LCD.o
 .text._L8_config_layer
                0x00000000080041ac       0x7c ./Libs/BSP/Core_CM7/BSP_LCD.o
 .text.BSP_LCD_Init
                0x0000000008004228      0x260 ./Libs/BSP/Core_CM7/BSP_LCD.o
                0x0000000008004228                BSP_LCD_Init
 .text.BSP_LCD_InitBackLight
                0x0000000008004488       0x70 ./Libs/BSP/Core_CM7/BSP_LCD.o
                0x0000000008004488                BSP_LCD_InitBackLight
 .text.BSP_LCD_SetBackLight
                0x00000000080044f8       0x2a ./Libs/BSP/Core_CM7/BSP_LCD.o
                0x00000000080044f8                BSP_LCD_SetBackLight
 *fill*         0x0000000008004522        0x2 
 .text.LTDC_IRQHandler
                0x0000000008004524      0x264 ./Libs/BSP/Core_CM7/BSP_LCD.o
                0x0000000008004524                LTDC_IRQHandler
 .text.DMA2D_IRQHandler
                0x0000000008004788       0x24 ./Libs/BSP/Core_CM7/BSP_LCD.o
                0x0000000008004788                DMA2D_IRQHandler
 .text.BSP_LCD_TP_Init
                0x00000000080047ac       0xac ./Libs/BSP/Core_CM7/BSP_LCD_TP.o
                0x00000000080047ac                BSP_LCD_TP_Init
 .text.BSP_LCD_TP_INTHandler
                0x0000000008004858       0x2c ./Libs/BSP/Core_CM7/BSP_LCD_TP.o
                0x0000000008004858                BSP_LCD_TP_INTHandler
 .text.I2C1_EV_IRQHandler
                0x0000000008004884       0x28 ./Libs/BSP/Core_CM7/BSP_LCD_TP.o
                0x0000000008004884                I2C1_EV_IRQHandler
 .text.BSP_QSPI_Init
                0x00000000080048ac       0x3c ./Libs/BSP/Core_CM7/BSP_QSPI.o
                0x00000000080048ac                BSP_QSPI_Init
 .text.BSP_SDCARD_Init
                0x00000000080048e8       0x24 ./Libs/BSP/Core_CM7/BSP_SDCARD.o
                0x00000000080048e8                BSP_SDCARD_Init
 .text.BSP_SDCARD_ReadBlocks
                0x000000000800490c       0x48 ./Libs/BSP/Core_CM7/BSP_SDCARD.o
                0x000000000800490c                BSP_SDCARD_ReadBlocks
 .text.BSP_SDCARD_WriteBlocks
                0x0000000008004954       0x48 ./Libs/BSP/Core_CM7/BSP_SDCARD.o
                0x0000000008004954                BSP_SDCARD_WriteBlocks
 .text.BSP_SDCARD_GetBlockNo
                0x000000000800499c       0x20 ./Libs/BSP/Core_CM7/BSP_SDCARD.o
                0x000000000800499c                BSP_SDCARD_GetBlockNo
 .text.BSP_SDCARD_GetBlockSize
                0x00000000080049bc       0x20 ./Libs/BSP/Core_CM7/BSP_SDCARD.o
                0x00000000080049bc                BSP_SDCARD_GetBlockSize
 .text.BSP_SDRAM_Init
                0x00000000080049dc       0x30 ./Libs/BSP/Core_CM7/BSP_SDRAM.o
                0x00000000080049dc                BSP_SDRAM_Init
 .text.__NVIC_SetPriority
                0x0000000008004a0c       0x54 ./Libs/BSP/Core_CM7/BSP_STM32.o
 .text.SysTick_Config
                0x0000000008004a60       0x44 ./Libs/BSP/Core_CM7/BSP_STM32.o
 .text.BSP_STM32_MPU_Init
                0x0000000008004aa4      0x31c ./Libs/BSP/Core_CM7/BSP_STM32.o
                0x0000000008004aa4                BSP_STM32_MPU_Init
 .text.BSP_STM32_Init_SysClocks
                0x0000000008004dc0      0x154 ./Libs/BSP/Core_CM7/BSP_STM32.o
                0x0000000008004dc0                BSP_STM32_Init_SysClocks
 .text.BSP_STM32_Init_PeriphClocks
                0x0000000008004f14      0x3f0 ./Libs/BSP/Core_CM7/BSP_STM32.o
                0x0000000008004f14                BSP_STM32_Init_PeriphClocks
 .text.BSP_STM32_Init_NVIC
                0x0000000008005304       0xf8 ./Libs/BSP/Core_CM7/BSP_STM32.o
                0x0000000008005304                BSP_STM32_Init_NVIC
 .text.BSP_STM32_Init_GPIO
                0x00000000080053fc      0x568 ./Libs/BSP/Core_CM7/BSP_STM32.o
                0x00000000080053fc                BSP_STM32_Init_GPIO
 .text.BSP_TickInit
                0x0000000008005964       0x60 ./Libs/BSP/Core_CM7/BSP_STM32.o
                0x0000000008005964                BSP_TickInit
 .text.BSP_IncTick
                0x00000000080059c4       0x24 ./Libs/BSP/Core_CM7/BSP_STM32.o
                0x00000000080059c4                BSP_IncTick
 .text.BSP_GetTick
                0x00000000080059e8       0x18 ./Libs/BSP/Core_CM7/BSP_STM32.o
                0x00000000080059e8                BSP_GetTick
 .text.BSP_Delay
                0x0000000008005a00       0x38 ./Libs/BSP/Core_CM7/BSP_STM32.o
                0x0000000008005a00                BSP_Delay
 .text.EXTI15_10_IRQHandler
                0x0000000008005a38       0x58 ./Libs/BSP/Core_CM7/BSP_STM32.o
                0x0000000008005a38                EXTI15_10_IRQHandler
 .text.EXTI9_5_IRQHandler
                0x0000000008005a90       0x30 ./Libs/BSP/Core_CM7/BSP_STM32.o
                0x0000000008005a90                EXTI9_5_IRQHandler
 .text.BSP_Serial_Init
                0x0000000008005ac0       0x88 ./Libs/BSP/Core_CM7/BSP_Serial.o
                0x0000000008005ac0                BSP_Serial_Init
 .text.USART2_IRQHandler
                0x0000000008005b48       0x18 ./Libs/BSP/Core_CM7/BSP_Serial.o
                0x0000000008005b48                USART2_IRQHandler
 .text.OTG_FS_IRQHandler
                0x0000000008005b60        0xe ./Libs/BSP/Core_CM7/BSP_USB.o
                0x0000000008005b60                OTG_FS_IRQHandler
 .text.tud_msc_read10_cb
                0x0000000008005b6e       0x36 ./Libs/BSP/Core_CM7/BSP_USB.o
                0x0000000008005b6e                tud_msc_read10_cb
 .text.tud_msc_write10_cb
                0x0000000008005ba4       0x36 ./Libs/BSP/Core_CM7/BSP_USB.o
                0x0000000008005ba4                tud_msc_write10_cb
 *fill*         0x0000000008005bda        0x2 
 .text.tud_msc_inquiry_cb
                0x0000000008005bdc       0x70 ./Libs/BSP/Core_CM7/BSP_USB.o
                0x0000000008005bdc                tud_msc_inquiry_cb
 .text.tud_msc_test_unit_ready_cb
                0x0000000008005c4c       0x18 ./Libs/BSP/Core_CM7/BSP_USB.o
                0x0000000008005c4c                tud_msc_test_unit_ready_cb
 .text.tud_msc_capacity_cb
                0x0000000008005c64       0x2c ./Libs/BSP/Core_CM7/BSP_USB.o
                0x0000000008005c64                tud_msc_capacity_cb
 .text.tud_msc_scsi_cb
                0x0000000008005c90       0x68 ./Libs/BSP/Core_CM7/BSP_USB.o
                0x0000000008005c90                tud_msc_scsi_cb
 .text.tud_msc_start_stop_cb
                0x0000000008005cf8       0x2a ./Libs/BSP/Core_CM7/BSP_USB.o
                0x0000000008005cf8                tud_msc_start_stop_cb
 .text.tud_msc_request_sense_cb
                0x0000000008005d22       0x1e ./Libs/BSP/Core_CM7/BSP_USB.o
                0x0000000008005d22                tud_msc_request_sense_cb
 .text.tud_msc_is_writable_cb
                0x0000000008005d40       0x18 ./Libs/BSP/Core_CM7/BSP_USB.o
                0x0000000008005d40                tud_msc_is_writable_cb
 .text.KALMAN_Init
                0x0000000008005d58       0x68 ./Libs/BSP/Libs/kalman.o
                0x0000000008005d58                KALMAN_Init
 .text.KALMAN_Update
                0x0000000008005dc0      0x234 ./Libs/BSP/Libs/kalman.o
                0x0000000008005dc0                KALMAN_Update
 .text.BSP_ADC_Init
                0x0000000008005ff4      0x16c ./Libs/BSP/STM32H7/BSP_STM32_ADC.o
                0x0000000008005ff4                BSP_ADC_Init
 .text.BSP_ADC_ConfigChannel
                0x0000000008006160       0xe8 ./Libs/BSP/STM32H7/BSP_STM32_ADC.o
                0x0000000008006160                BSP_ADC_ConfigChannel
 .text.BSP_ADC_StartDMA
                0x0000000008006248       0x3c ./Libs/BSP/STM32H7/BSP_STM32_ADC.o
                0x0000000008006248                BSP_ADC_StartDMA
 .text.BSP_BDMA_Init
                0x0000000008006284       0x84 ./Libs/BSP/STM32H7/BSP_STM32_BDMA.o
                0x0000000008006284                BSP_BDMA_Init
 .text.BSP_BDMA_CtxLink
                0x0000000008006308       0xb8 ./Libs/BSP/STM32H7/BSP_STM32_BDMA.o
                0x0000000008006308                BSP_BDMA_CtxLink
 .text.BSP_BDMA_StartIT
                0x00000000080063c0       0x88 ./Libs/BSP/STM32H7/BSP_STM32_BDMA.o
                0x00000000080063c0                BSP_BDMA_StartIT
 .text.BDMA_Stream_IRQHandler
                0x0000000008006448       0xf4 ./Libs/BSP/STM32H7/BSP_STM32_BDMA.o
                0x0000000008006448                BDMA_Stream_IRQHandler
 .text.BDMA_Channel0_IRQHandler
                0x000000000800653c       0x20 ./Libs/BSP/STM32H7/BSP_STM32_BDMA.o
                0x000000000800653c                BDMA_Channel0_IRQHandler
 .text.BDMA_Channel1_IRQHandler
                0x000000000800655c       0x20 ./Libs/BSP/STM32H7/BSP_STM32_BDMA.o
                0x000000000800655c                BDMA_Channel1_IRQHandler
 .text.BDMA_Channel2_IRQHandler
                0x000000000800657c       0x20 ./Libs/BSP/STM32H7/BSP_STM32_BDMA.o
                0x000000000800657c                BDMA_Channel2_IRQHandler
 .text.BDMA_Channel3_IRQHandler
                0x000000000800659c       0x20 ./Libs/BSP/STM32H7/BSP_STM32_BDMA.o
                0x000000000800659c                BDMA_Channel3_IRQHandler
 .text.BDMA_Channel4_IRQHandler
                0x00000000080065bc       0x20 ./Libs/BSP/STM32H7/BSP_STM32_BDMA.o
                0x00000000080065bc                BDMA_Channel4_IRQHandler
 .text.BDMA_Channel5_IRQHandler
                0x00000000080065dc       0x20 ./Libs/BSP/STM32H7/BSP_STM32_BDMA.o
                0x00000000080065dc                BDMA_Channel5_IRQHandler
 .text.BDMA_Channel6_IRQHandler
                0x00000000080065fc       0x20 ./Libs/BSP/STM32H7/BSP_STM32_BDMA.o
                0x00000000080065fc                BDMA_Channel6_IRQHandler
 .text.BDMA_Channel7_IRQHandler
                0x000000000800661c       0x20 ./Libs/BSP/STM32H7/BSP_STM32_BDMA.o
                0x000000000800661c                BDMA_Channel7_IRQHandler
 .text.__NVIC_SetPriorityGrouping
                0x000000000800663c       0x48 ./Libs/BSP/STM32H7/BSP_STM32_CORE.o
 .text.__NVIC_GetPriorityGrouping
                0x0000000008006684       0x1c ./Libs/BSP/STM32H7/BSP_STM32_CORE.o
 .text.__NVIC_EnableIRQ
                0x00000000080066a0       0x3c ./Libs/BSP/STM32H7/BSP_STM32_CORE.o
 .text.__NVIC_SetPriority
                0x00000000080066dc       0x54 ./Libs/BSP/STM32H7/BSP_STM32_CORE.o
 .text.NVIC_EncodePriority
                0x0000000008006730       0x66 ./Libs/BSP/STM32H7/BSP_STM32_CORE.o
 .text.BSP_STM32_NVIC_EnableIRQ
                0x0000000008006796       0x1e ./Libs/BSP/STM32H7/BSP_STM32_CORE.o
                0x0000000008006796                BSP_STM32_NVIC_EnableIRQ
 .text.BSP_STM32_NVIC_SetPriority
                0x00000000080067b4       0x36 ./Libs/BSP/STM32H7/BSP_STM32_CORE.o
                0x00000000080067b4                BSP_STM32_NVIC_SetPriority
 .text.BSP_STM32_NVIC_SetPriorityGrouping
                0x00000000080067ea       0x18 ./Libs/BSP/STM32H7/BSP_STM32_CORE.o
                0x00000000080067ea                BSP_STM32_NVIC_SetPriorityGrouping
 *fill*         0x0000000008006802        0x2 
 .text.BSP_STM32_MPU_Enable
                0x0000000008006804       0x40 ./Libs/BSP/STM32H7/BSP_STM32_CORE.o
                0x0000000008006804                BSP_STM32_MPU_Enable
 .text.BSP_STM32_MPU_Disable
                0x0000000008006844       0x30 ./Libs/BSP/STM32H7/BSP_STM32_CORE.o
                0x0000000008006844                BSP_STM32_MPU_Disable
 .text.BSP_STM32_MPU_ConfigRegion
                0x0000000008006874       0x8c ./Libs/BSP/STM32H7/BSP_STM32_CORE.o
                0x0000000008006874                BSP_STM32_MPU_ConfigRegion
 .text.BSP_STM32_DMA_Init
                0x0000000008006900       0x98 ./Libs/BSP/STM32H7/BSP_STM32_DMA.o
                0x0000000008006900                BSP_STM32_DMA_Init
 .text.BSP_STM32_DMA_CtxLink
                0x0000000008006998       0xfc ./Libs/BSP/STM32H7/BSP_STM32_DMA.o
                0x0000000008006998                BSP_STM32_DMA_CtxLink
 .text.BSP_STM32_DMA_StartIT
                0x0000000008006a94       0x94 ./Libs/BSP/STM32H7/BSP_STM32_DMA.o
                0x0000000008006a94                BSP_STM32_DMA_StartIT
 .text.BSP_STM32_DMA_GetCounter
                0x0000000008006b28       0x18 ./Libs/BSP/STM32H7/BSP_STM32_DMA.o
                0x0000000008006b28                BSP_STM32_DMA_GetCounter
 .text.DMA_Stream_IRQHandler
                0x0000000008006b40      0x1d8 ./Libs/BSP/STM32H7/BSP_STM32_DMA.o
                0x0000000008006b40                DMA_Stream_IRQHandler
 .text.DMA1_Stream0_IRQHandler
                0x0000000008006d18       0x20 ./Libs/BSP/STM32H7/BSP_STM32_DMA.o
                0x0000000008006d18                DMA1_Stream0_IRQHandler
 .text.DMA1_Stream1_IRQHandler
                0x0000000008006d38       0x20 ./Libs/BSP/STM32H7/BSP_STM32_DMA.o
                0x0000000008006d38                DMA1_Stream1_IRQHandler
 .text.DMA1_Stream2_IRQHandler
                0x0000000008006d58       0x20 ./Libs/BSP/STM32H7/BSP_STM32_DMA.o
                0x0000000008006d58                DMA1_Stream2_IRQHandler
 .text.DMA1_Stream3_IRQHandler
                0x0000000008006d78       0x20 ./Libs/BSP/STM32H7/BSP_STM32_DMA.o
                0x0000000008006d78                DMA1_Stream3_IRQHandler
 .text.DMA1_Stream4_IRQHandler
                0x0000000008006d98       0x20 ./Libs/BSP/STM32H7/BSP_STM32_DMA.o
                0x0000000008006d98                DMA1_Stream4_IRQHandler
 .text.DMA1_Stream5_IRQHandler
                0x0000000008006db8       0x20 ./Libs/BSP/STM32H7/BSP_STM32_DMA.o
                0x0000000008006db8                DMA1_Stream5_IRQHandler
 .text.DMA1_Stream6_IRQHandler
                0x0000000008006dd8       0x20 ./Libs/BSP/STM32H7/BSP_STM32_DMA.o
                0x0000000008006dd8                DMA1_Stream6_IRQHandler
 .text.DMA1_Stream7_IRQHandler
                0x0000000008006df8       0x20 ./Libs/BSP/STM32H7/BSP_STM32_DMA.o
                0x0000000008006df8                DMA1_Stream7_IRQHandler
 .text.DMA2_Stream0_IRQHandler
                0x0000000008006e18       0x20 ./Libs/BSP/STM32H7/BSP_STM32_DMA.o
                0x0000000008006e18                DMA2_Stream0_IRQHandler
 .text.DMA2_Stream1_IRQHandler
                0x0000000008006e38       0x20 ./Libs/BSP/STM32H7/BSP_STM32_DMA.o
                0x0000000008006e38                DMA2_Stream1_IRQHandler
 .text.DMA2_Stream2_IRQHandler
                0x0000000008006e58       0x20 ./Libs/BSP/STM32H7/BSP_STM32_DMA.o
                0x0000000008006e58                DMA2_Stream2_IRQHandler
 .text.DMA2_Stream3_IRQHandler
                0x0000000008006e78       0x20 ./Libs/BSP/STM32H7/BSP_STM32_DMA.o
                0x0000000008006e78                DMA2_Stream3_IRQHandler
 .text.DMA2_Stream4_IRQHandler
                0x0000000008006e98       0x20 ./Libs/BSP/STM32H7/BSP_STM32_DMA.o
                0x0000000008006e98                DMA2_Stream4_IRQHandler
 .text.DMA2_Stream5_IRQHandler
                0x0000000008006eb8       0x20 ./Libs/BSP/STM32H7/BSP_STM32_DMA.o
                0x0000000008006eb8                DMA2_Stream5_IRQHandler
 .text.DMA2_Stream6_IRQHandler
                0x0000000008006ed8       0x20 ./Libs/BSP/STM32H7/BSP_STM32_DMA.o
                0x0000000008006ed8                DMA2_Stream6_IRQHandler
 .text.DMA2_Stream7_IRQHandler
                0x0000000008006ef8       0x20 ./Libs/BSP/STM32H7/BSP_STM32_DMA.o
                0x0000000008006ef8                DMA2_Stream7_IRQHandler
 .text.BSP_STM32_DMA2D_FillBuff
                0x0000000008006f18       0x94 ./Libs/BSP/STM32H7/BSP_STM32_DMA2D.o
                0x0000000008006f18                BSP_STM32_DMA2D_FillBuff
 .text.BSP_STM32_DMA2D_CopyBuf
                0x0000000008006fac       0xb8 ./Libs/BSP/STM32H7/BSP_STM32_DMA2D.o
                0x0000000008006fac                BSP_STM32_DMA2D_CopyBuf
 .text.BSP_STM32_DMA2D_CopyBufJPEG
                0x0000000008007064       0xc0 ./Libs/BSP/STM32H7/BSP_STM32_DMA2D.o
                0x0000000008007064                BSP_STM32_DMA2D_CopyBufJPEG
 .text.BSP_STM32_DMA2D_CopyBufBlend
                0x0000000008007124       0xf0 ./Libs/BSP/STM32H7/BSP_STM32_DMA2D.o
                0x0000000008007124                BSP_STM32_DMA2D_CopyBufBlend
 .text.BSP_STM32_DMA2D_IRQHandler
                0x0000000008007214       0xa0 ./Libs/BSP/STM32H7/BSP_STM32_DMA2D.o
                0x0000000008007214                BSP_STM32_DMA2D_IRQHandler
 .text.BSP_STM32_GPIO_Init
                0x00000000080072b4      0x324 ./Libs/BSP/STM32H7/BSP_STM32_GPIO.o
                0x00000000080072b4                BSP_STM32_GPIO_Init
 .text.BSP_STM32_GPIO_ReadPin
                0x00000000080075d8       0x28 ./Libs/BSP/STM32H7/BSP_STM32_GPIO.o
                0x00000000080075d8                BSP_STM32_GPIO_ReadPin
 .text.BSP_STM32_GPIO_WritePin
                0x0000000008007600       0x2c ./Libs/BSP/STM32H7/BSP_STM32_GPIO.o
                0x0000000008007600                BSP_STM32_GPIO_WritePin
 .text.BSP_STM32_HSEM_FastTake
                0x000000000800762c       0x3c ./Libs/BSP/STM32H7/BSP_STM32_HSEM.o
                0x000000000800762c                BSP_STM32_HSEM_FastTake
 .text.BSP_STM32_HSEM_FastRelease
                0x0000000008007668       0x30 ./Libs/BSP/STM32H7/BSP_STM32_HSEM.o
                0x0000000008007668                BSP_STM32_HSEM_FastRelease
 .text._I2C_MemReadIT
                0x0000000008007698       0x80 ./Libs/BSP/STM32H7/BSP_STM32_I2C.o
                0x0000000008007698                _I2C_MemReadIT
 .text._I2C_MemReadDMA
                0x0000000008007718       0xb0 ./Libs/BSP/STM32H7/BSP_STM32_I2C.o
                0x0000000008007718                _I2C_MemReadDMA
 .text._I2C_IRQHandler_IT
                0x00000000080077c8      0x12c ./Libs/BSP/STM32H7/BSP_STM32_I2C.o
                0x00000000080077c8                _I2C_IRQHandler_IT
 .text._I2C_IRQHandler_DMA
                0x00000000080078f4      0x104 ./Libs/BSP/STM32H7/BSP_STM32_I2C.o
                0x00000000080078f4                _I2C_IRQHandler_DMA
 .text.BSP_STM32_I2C_Init
                0x00000000080079f8       0x7c ./Libs/BSP/STM32H7/BSP_STM32_I2C.o
                0x00000000080079f8                BSP_STM32_I2C_Init
 .text.BSP_STM32_I2C_IsDeviceReady
                0x0000000008007a74      0x130 ./Libs/BSP/STM32H7/BSP_STM32_I2C.o
                0x0000000008007a74                BSP_STM32_I2C_IsDeviceReady
 .text.BSP_STM32_I2C_RegWrite
                0x0000000008007ba4       0xf8 ./Libs/BSP/STM32H7/BSP_STM32_I2C.o
                0x0000000008007ba4                BSP_STM32_I2C_RegWrite
 .text.BSP_STM32_I2C_MemRead
                0x0000000008007c9c       0x7a ./Libs/BSP/STM32H7/BSP_STM32_I2C.o
                0x0000000008007c9c                BSP_STM32_I2C_MemRead
 .text.BSP_STM32_I2C_IRQHandler
                0x0000000008007d16       0x44 ./Libs/BSP/STM32H7/BSP_STM32_I2C.o
                0x0000000008007d16                BSP_STM32_I2C_IRQHandler
 .text.BSP_STM32_I2S_IRQHandler
                0x0000000008007d5a       0xfc ./Libs/BSP/STM32H7/BSP_STM32_I2S.o
                0x0000000008007d5a                BSP_STM32_I2S_IRQHandler
 .text.BSP_STM32_JPEG_Init
                0x0000000008007e56       0x6a ./Libs/BSP/STM32H7/BSP_STM32_JPEG.o
                0x0000000008007e56                BSP_STM32_JPEG_Init
 .text.BSP_STM32_JPEG_GetWidth
                0x0000000008007ec0       0x1c ./Libs/BSP/STM32H7/BSP_STM32_JPEG.o
                0x0000000008007ec0                BSP_STM32_JPEG_GetWidth
 .text.BSP_STM32_JPEG_GetHeight
                0x0000000008007edc       0x1c ./Libs/BSP/STM32H7/BSP_STM32_JPEG.o
                0x0000000008007edc                BSP_STM32_JPEG_GetHeight
 .text.BSP_STM32_JPEG_GetCSS
                0x0000000008007ef8       0x1c ./Libs/BSP/STM32H7/BSP_STM32_JPEG.o
                0x0000000008007ef8                BSP_STM32_JPEG_GetCSS
 .text.BSP_STM32_JPEG_GetColorSpace
                0x0000000008007f14       0x1c ./Libs/BSP/STM32H7/BSP_STM32_JPEG.o
                0x0000000008007f14                BSP_STM32_JPEG_GetColorSpace
 .text.BSP_STM32_LTDC_Init
                0x0000000008007f30      0x120 ./Libs/BSP/STM32H7/BSP_STM32_LTDC.o
                0x0000000008007f30                BSP_STM32_LTDC_Init
 .text.BSP_STM32_LTDC_DisableLayer
                0x0000000008008050       0x50 ./Libs/BSP/STM32H7/BSP_STM32_LTDC.o
                0x0000000008008050                BSP_STM32_LTDC_DisableLayer
 .text.BSP_STM32_LTDC_EnableLayer
                0x00000000080080a0       0x4a ./Libs/BSP/STM32H7/BSP_STM32_LTDC.o
                0x00000000080080a0                BSP_STM32_LTDC_EnableLayer
 *fill*         0x00000000080080ea        0x2 
 .text.BSP_STM32_LTDC_ConfigLayer
                0x00000000080080ec      0x168 ./Libs/BSP/STM32H7/BSP_STM32_LTDC.o
                0x00000000080080ec                BSP_STM32_LTDC_ConfigLayer
 .text.BSP_STM32_LTDC_UpdateFrameBufAddr
                0x0000000008008254       0x44 ./Libs/BSP/STM32H7/BSP_STM32_LTDC.o
                0x0000000008008254                BSP_STM32_LTDC_UpdateFrameBufAddr
 .text.BSP_STM32_LTDC_ConfigCLUT
                0x0000000008008298       0x98 ./Libs/BSP/STM32H7/BSP_STM32_LTDC.o
                0x0000000008008298                BSP_STM32_LTDC_ConfigCLUT
 .text.BSP_STM32_LTDC_SetTransparentColor
                0x0000000008008330       0x48 ./Libs/BSP/STM32H7/BSP_STM32_LTDC.o
                0x0000000008008330                BSP_STM32_LTDC_SetTransparentColor
 .text.BSP_STM32_LTDC_SetLineInt
                0x0000000008008378       0x3c ./Libs/BSP/STM32H7/BSP_STM32_LTDC.o
                0x0000000008008378                BSP_STM32_LTDC_SetLineInt
 .text.BSP_STM32_LTDC_IRQHandler
                0x00000000080083b4       0xf2 ./Libs/BSP/STM32H7/BSP_STM32_LTDC.o
                0x00000000080083b4                BSP_STM32_LTDC_IRQHandler
 *fill*         0x00000000080084a6        0x2 
 .text.BSP_STM32_PWR_ConfigSupply
                0x00000000080084a8       0xf8 ./Libs/BSP/STM32H7/BSP_STM32_PWR.o
                0x00000000080084a8                BSP_STM32_PWR_ConfigSupply
 .text.BSP_STM32_PWR_VoltageScalingConfig
                0x00000000080085a0       0xbc ./Libs/BSP/STM32H7/BSP_STM32_PWR.o
                0x00000000080085a0                BSP_STM32_PWR_VoltageScalingConfig
 .text.BSP_STM32_PWR_WaitForVOSRDY
                0x000000000800865c       0x40 ./Libs/BSP/STM32H7/BSP_STM32_PWR.o
                0x000000000800865c                BSP_STM32_PWR_WaitForVOSRDY
 .text.BSP_STM32_PWR_EnableBkUpAccess
                0x000000000800869c       0x20 ./Libs/BSP/STM32H7/BSP_STM32_PWR.o
                0x000000000800869c                BSP_STM32_PWR_EnableBkUpAccess
 .text._QSPI_WaitForFlag
                0x00000000080086bc       0x50 ./Libs/BSP/STM32H7/BSP_STM32_QUADSPI.o
 .text._QSPI_GetConfigCCR
                0x000000000800870c      0x124 ./Libs/BSP/STM32H7/BSP_STM32_QUADSPI.o
 .text.BSP_STM32_QSPI_Init
                0x0000000008008830       0x80 ./Libs/BSP/STM32H7/BSP_STM32_QUADSPI.o
                0x0000000008008830                BSP_STM32_QSPI_Init
 .text.BSP_STM32_QSPI_CfgNewCommand
                0x00000000080088b0       0x18 ./Libs/BSP/STM32H7/BSP_STM32_QUADSPI.o
                0x00000000080088b0                BSP_STM32_QSPI_CfgNewCommand
 .text.BSP_STM32_QSPI_CfgInstruction
                0x00000000080088c8       0x2c ./Libs/BSP/STM32H7/BSP_STM32_QUADSPI.o
                0x00000000080088c8                BSP_STM32_QSPI_CfgInstruction
 .text.BSP_STM32_QSPI_CfgAddress
                0x00000000080088f4       0x30 ./Libs/BSP/STM32H7/BSP_STM32_QUADSPI.o
                0x00000000080088f4                BSP_STM32_QSPI_CfgAddress
 .text.BSP_STM32_QSPI_CfgData
                0x0000000008008924       0x30 ./Libs/BSP/STM32H7/BSP_STM32_QUADSPI.o
                0x0000000008008924                BSP_STM32_QSPI_CfgData
 .text.BSP_STM32_QSPI_CfgOptions
                0x0000000008008954       0x30 ./Libs/BSP/STM32H7/BSP_STM32_QUADSPI.o
                0x0000000008008954                BSP_STM32_QSPI_CfgOptions
 .text.BSP_STM32_QSPI_CfgAutoPooling
                0x0000000008008984       0x38 ./Libs/BSP/STM32H7/BSP_STM32_QUADSPI.o
                0x0000000008008984                BSP_STM32_QSPI_CfgAutoPooling
 .text.BSP_STM32_QSPI_StartReceive
                0x00000000080089bc       0xc4 ./Libs/BSP/STM32H7/BSP_STM32_QUADSPI.o
                0x00000000080089bc                BSP_STM32_QSPI_StartReceive
 .text.BSP_STM32_QSPI_StartTransmit
                0x0000000008008a80       0xc0 ./Libs/BSP/STM32H7/BSP_STM32_QUADSPI.o
                0x0000000008008a80                BSP_STM32_QSPI_StartTransmit
 .text.BSP_STM32_QSPI_StartAutoPooling
                0x0000000008008b40       0xa4 ./Libs/BSP/STM32H7/BSP_STM32_QUADSPI.o
                0x0000000008008b40                BSP_STM32_QSPI_StartAutoPooling
 .text.BSP_STM32_RCC_CLKConfig_RTC
                0x0000000008008be4       0xc4 ./Libs/BSP/STM32H7/BSP_STM32_RCC.o
                0x0000000008008be4                BSP_STM32_RCC_CLKConfig_RTC
 .text.BSP_STM32_RCC_CLKConfig_FMC
                0x0000000008008ca8       0x10 ./Libs/BSP/STM32H7/BSP_STM32_RCC.o
                0x0000000008008ca8                BSP_STM32_RCC_CLKConfig_FMC
 .text.BSP_STM32_RCC_CLKConfig_I2C1
                0x0000000008008cb8       0x20 ./Libs/BSP/STM32H7/BSP_STM32_RCC.o
                0x0000000008008cb8                BSP_STM32_RCC_CLKConfig_I2C1
 .text.BSP_STM32_RCC_CLKConfig_I2C4
                0x0000000008008cd8       0x20 ./Libs/BSP/STM32H7/BSP_STM32_RCC.o
                0x0000000008008cd8                BSP_STM32_RCC_CLKConfig_I2C4
 .text.BSP_STM32_RCC_CLKConfig_QSPI
                0x0000000008008cf8       0x20 ./Libs/BSP/STM32H7/BSP_STM32_RCC.o
                0x0000000008008cf8                BSP_STM32_RCC_CLKConfig_QSPI
 .text.BSP_STM32_RCC_CLKConfig_SDMMC2
                0x0000000008008d18       0x2c ./Libs/BSP/STM32H7/BSP_STM32_RCC.o
                0x0000000008008d18                BSP_STM32_RCC_CLKConfig_SDMMC2
 .text.BSP_STM32_RCC_CLKConfig_UART5
                0x0000000008008d44       0x20 ./Libs/BSP/STM32H7/BSP_STM32_RCC.o
                0x0000000008008d44                BSP_STM32_RCC_CLKConfig_UART5
 .text.BSP_STM32_RCC_CLKConfig_USART2
                0x0000000008008d64       0x20 ./Libs/BSP/STM32H7/BSP_STM32_RCC.o
                0x0000000008008d64                BSP_STM32_RCC_CLKConfig_USART2
 .text.BSP_STM32_RCC_CLKConfig_USBFS
                0x0000000008008d84       0x20 ./Libs/BSP/STM32H7/BSP_STM32_RCC.o
                0x0000000008008d84                BSP_STM32_RCC_CLKConfig_USBFS
 .text.BSP_STM32_RCC_CLKConfig_ADC
                0x0000000008008da4       0x24 ./Libs/BSP/STM32H7/BSP_STM32_RCC.o
                0x0000000008008da4                BSP_STM32_RCC_CLKConfig_ADC
 .text.BSP_STM32_RCC_CLKConfig_LTDC
                0x0000000008008dc8       0x10 ./Libs/BSP/STM32H7/BSP_STM32_RCC.o
                0x0000000008008dc8                BSP_STM32_RCC_CLKConfig_LTDC
 .text.BSP_STM32_RCC_PLLClockSource
                0x0000000008008dd8       0x2c ./Libs/BSP/STM32H7/BSP_STM32_RCC.o
                0x0000000008008dd8                BSP_STM32_RCC_PLLClockSource
 .text.BSP_STM32_RCC_LSEConfigDrive
                0x0000000008008e04       0x2c ./Libs/BSP/STM32H7/BSP_STM32_RCC.o
                0x0000000008008e04                BSP_STM32_RCC_LSEConfigDrive
 .text.BSP_STM32_RCC_ConfigHSE
                0x0000000008008e30      0x11c ./Libs/BSP/STM32H7/BSP_STM32_RCC.o
                0x0000000008008e30                BSP_STM32_RCC_ConfigHSE
 .text.BSP_STM32_RCC_ConfigHSI
                0x0000000008008f4c      0x120 ./Libs/BSP/STM32H7/BSP_STM32_RCC.o
                0x0000000008008f4c                BSP_STM32_RCC_ConfigHSI
 .text.BSP_STM32_RCC_ConfigLSE
                0x000000000800906c      0x114 ./Libs/BSP/STM32H7/BSP_STM32_RCC.o
                0x000000000800906c                BSP_STM32_RCC_ConfigLSE
 .text.BSP_STM32_RCC_ConfigHSI48
                0x0000000008009180       0x7c ./Libs/BSP/STM32H7/BSP_STM32_RCC.o
                0x0000000008009180                BSP_STM32_RCC_ConfigHSI48
 .text.BSP_STM32_RCC_ConfigPLL1
                0x00000000080091fc      0x184 ./Libs/BSP/STM32H7/BSP_STM32_RCC.o
                0x00000000080091fc                BSP_STM32_RCC_ConfigPLL1
 .text.BSP_STM32_RCC_ConfigPLL3
                0x0000000008009380      0x144 ./Libs/BSP/STM32H7/BSP_STM32_RCC.o
                0x0000000008009380                BSP_STM32_RCC_ConfigPLL3
 .text.BSP_STM32_RCC_ClockConfig
                0x00000000080094c4      0x2d0 ./Libs/BSP/STM32H7/BSP_STM32_RCC.o
                0x00000000080094c4                BSP_STM32_RCC_ClockConfig
 .text.BSP_STM32_RCC_GetSysClockFreq
                0x0000000008009794      0x2f4 ./Libs/BSP/STM32H7/BSP_STM32_RCC.o
                0x0000000008009794                BSP_STM32_RCC_GetSysClockFreq
 .text._RTC_WaitForSynchro
                0x0000000008009a88       0x44 ./Libs/BSP/STM32H7/BSP_STM32_RTC.o
 .text._RTC_WriteEnable
                0x0000000008009acc       0x20 ./Libs/BSP/STM32H7/BSP_STM32_RTC.o
 .text._RTC_WriteDisable
                0x0000000008009aec       0x1a ./Libs/BSP/STM32H7/BSP_STM32_RTC.o
 .text._RTC_EnterInitMode
                0x0000000008009b06       0x4e ./Libs/BSP/STM32H7/BSP_STM32_RTC.o
 .text._RTC_ExitInitMode
                0x0000000008009b54       0x58 ./Libs/BSP/STM32H7/BSP_STM32_RTC.o
 .text.BSP_STM32_RTC_Init
                0x0000000008009bac       0xa0 ./Libs/BSP/STM32H7/BSP_STM32_RTC.o
                0x0000000008009bac                BSP_STM32_RTC_Init
 .text._SD_IdentifyCard
                0x0000000008009c4c       0xe8 ./Libs/BSP/STM32H7/BSP_STM32_SDMMC.o
 .text._SD_GetCardCSD
                0x0000000008009d34      0x338 ./Libs/BSP/STM32H7/BSP_STM32_SDMMC.o
 .text._SD_InitCard
                0x000000000800a06c      0x154 ./Libs/BSP/STM32H7/BSP_STM32_SDMMC.o
 .text._SD_SendSDStatus
                0x000000000800a1c0      0x13c ./Libs/BSP/STM32H7/BSP_STM32_SDMMC.o
 .text._SD_GetCardStatus
                0x000000000800a2fc      0x134 ./Libs/BSP/STM32H7/BSP_STM32_SDMMC.o
 .text._SD_FindSCR
                0x000000000800a430      0x14c ./Libs/BSP/STM32H7/BSP_STM32_SDMMC.o
 .text._SD_WideBus_Enable
                0x000000000800a57c       0x8a ./Libs/BSP/STM32H7/BSP_STM32_SDMMC.o
 .text.BSP_STM32_SDMMC_GetCardState
                0x000000000800a606       0x3c ./Libs/BSP/STM32H7/BSP_STM32_SDMMC.o
                0x000000000800a606                BSP_STM32_SDMMC_GetCardState
 *fill*         0x000000000800a642        0x2 
 .text.BSP_STM32_SDMMC_Init
                0x000000000800a644      0x1a8 ./Libs/BSP/STM32H7/BSP_STM32_SDMMC.o
                0x000000000800a644                BSP_STM32_SDMMC_Init
 .text.BSP_STM32_SDMMC_ReadBlocks
                0x000000000800a7ec      0x1a8 ./Libs/BSP/STM32H7/BSP_STM32_SDMMC.o
                0x000000000800a7ec                BSP_STM32_SDMMC_ReadBlocks
 .text.BSP_STM32_SDMMC_WriteBlocks
                0x000000000800a994      0x1b0 ./Libs/BSP/STM32H7/BSP_STM32_SDMMC.o
                0x000000000800a994                BSP_STM32_SDMMC_WriteBlocks
 .text.SDMMC_Init
                0x000000000800ab44       0x54 ./Libs/BSP/STM32H7/BSP_STM32_SDMMC_ll.o
                0x000000000800ab44                SDMMC_Init
 .text.SDMMC_ReadFIFO
                0x000000000800ab98       0x1a ./Libs/BSP/STM32H7/BSP_STM32_SDMMC_ll.o
                0x000000000800ab98                SDMMC_ReadFIFO
 .text.SDMMC_WriteFIFO
                0x000000000800abb2       0x22 ./Libs/BSP/STM32H7/BSP_STM32_SDMMC_ll.o
                0x000000000800abb2                SDMMC_WriteFIFO
 .text.SDMMC_PowerState_ON
                0x000000000800abd4       0x22 ./Libs/BSP/STM32H7/BSP_STM32_SDMMC_ll.o
                0x000000000800abd4                SDMMC_PowerState_ON
 .text.SDMMC_GetPowerState
                0x000000000800abf6       0x1c ./Libs/BSP/STM32H7/BSP_STM32_SDMMC_ll.o
                0x000000000800abf6                SDMMC_GetPowerState
 *fill*         0x000000000800ac12        0x2 
 .text.SDMMC_SendCommand
                0x000000000800ac14       0x54 ./Libs/BSP/STM32H7/BSP_STM32_SDMMC_ll.o
                0x000000000800ac14                SDMMC_SendCommand
 .text.SDMMC_GetCommandResponse
                0x000000000800ac68       0x1a ./Libs/BSP/STM32H7/BSP_STM32_SDMMC_ll.o
                0x000000000800ac68                SDMMC_GetCommandResponse
 .text.SDMMC_GetResponse
                0x000000000800ac82       0x26 ./Libs/BSP/STM32H7/BSP_STM32_SDMMC_ll.o
                0x000000000800ac82                SDMMC_GetResponse
 .text.SDMMC_ConfigData
                0x000000000800aca8       0x58 ./Libs/BSP/STM32H7/BSP_STM32_SDMMC_ll.o
                0x000000000800aca8                SDMMC_ConfigData
 .text.SDMMC_CmdBlockLength
                0x000000000800ad00       0x46 ./Libs/BSP/STM32H7/BSP_STM32_SDMMC_ll.o
                0x000000000800ad00                SDMMC_CmdBlockLength
 .text.SDMMC_CmdReadSingleBlock
                0x000000000800ad46       0x46 ./Libs/BSP/STM32H7/BSP_STM32_SDMMC_ll.o
                0x000000000800ad46                SDMMC_CmdReadSingleBlock
 .text.SDMMC_CmdReadMultiBlock
                0x000000000800ad8c       0x46 ./Libs/BSP/STM32H7/BSP_STM32_SDMMC_ll.o
                0x000000000800ad8c                SDMMC_CmdReadMultiBlock
 .text.SDMMC_CmdWriteSingleBlock
                0x000000000800add2       0x46 ./Libs/BSP/STM32H7/BSP_STM32_SDMMC_ll.o
                0x000000000800add2                SDMMC_CmdWriteSingleBlock
 .text.SDMMC_CmdWriteMultiBlock
                0x000000000800ae18       0x46 ./Libs/BSP/STM32H7/BSP_STM32_SDMMC_ll.o
                0x000000000800ae18                SDMMC_CmdWriteMultiBlock
 *fill*         0x000000000800ae5e        0x2 
 .text.SDMMC_CmdStopTransfer
                0x000000000800ae60       0x78 ./Libs/BSP/STM32H7/BSP_STM32_SDMMC_ll.o
                0x000000000800ae60                SDMMC_CmdStopTransfer
 .text.SDMMC_CmdSelDesel
                0x000000000800aed8       0x46 ./Libs/BSP/STM32H7/BSP_STM32_SDMMC_ll.o
                0x000000000800aed8                SDMMC_CmdSelDesel
 .text.SDMMC_CmdGoIdleState
                0x000000000800af1e       0x3c ./Libs/BSP/STM32H7/BSP_STM32_SDMMC_ll.o
                0x000000000800af1e                SDMMC_CmdGoIdleState
 .text.SDMMC_CmdOperCond
                0x000000000800af5a       0x40 ./Libs/BSP/STM32H7/BSP_STM32_SDMMC_ll.o
                0x000000000800af5a                SDMMC_CmdOperCond
 .text.SDMMC_CmdAppCommand
                0x000000000800af9a       0x46 ./Libs/BSP/STM32H7/BSP_STM32_SDMMC_ll.o
                0x000000000800af9a                SDMMC_CmdAppCommand
 .text.SDMMC_CmdAppOperCommand
                0x000000000800afe0       0x40 ./Libs/BSP/STM32H7/BSP_STM32_SDMMC_ll.o
                0x000000000800afe0                SDMMC_CmdAppOperCommand
 .text.SDMMC_CmdBusWidth
                0x000000000800b020       0x46 ./Libs/BSP/STM32H7/BSP_STM32_SDMMC_ll.o
                0x000000000800b020                SDMMC_CmdBusWidth
 .text.SDMMC_CmdSendSCR
                0x000000000800b066       0x44 ./Libs/BSP/STM32H7/BSP_STM32_SDMMC_ll.o
                0x000000000800b066                SDMMC_CmdSendSCR
 .text.SDMMC_CmdSendCID
                0x000000000800b0aa       0x3e ./Libs/BSP/STM32H7/BSP_STM32_SDMMC_ll.o
                0x000000000800b0aa                SDMMC_CmdSendCID
 .text.SDMMC_CmdSendCSD
                0x000000000800b0e8       0x40 ./Libs/BSP/STM32H7/BSP_STM32_SDMMC_ll.o
                0x000000000800b0e8                SDMMC_CmdSendCSD
 .text.SDMMC_CmdSetRelAdd
                0x000000000800b128       0x44 ./Libs/BSP/STM32H7/BSP_STM32_SDMMC_ll.o
                0x000000000800b128                SDMMC_CmdSetRelAdd
 .text.SDMMC_CmdSendStatus
                0x000000000800b16c       0x46 ./Libs/BSP/STM32H7/BSP_STM32_SDMMC_ll.o
                0x000000000800b16c                SDMMC_CmdSendStatus
 .text.SDMMC_CmdStatusRegister
                0x000000000800b1b2       0x44 ./Libs/BSP/STM32H7/BSP_STM32_SDMMC_ll.o
                0x000000000800b1b2                SDMMC_CmdStatusRegister
 *fill*         0x000000000800b1f6        0x2 
 .text.SDMMC_GetCmdResp1
                0x000000000800b1f8      0x1e4 ./Libs/BSP/STM32H7/BSP_STM32_SDMMC_ll.o
                0x000000000800b1f8                SDMMC_GetCmdResp1
 .text.SDMMC_GetCmdResp2
                0x000000000800b3dc       0x94 ./Libs/BSP/STM32H7/BSP_STM32_SDMMC_ll.o
                0x000000000800b3dc                SDMMC_GetCmdResp2
 .text.SDMMC_GetCmdResp3
                0x000000000800b470       0x80 ./Libs/BSP/STM32H7/BSP_STM32_SDMMC_ll.o
                0x000000000800b470                SDMMC_GetCmdResp3
 .text.SDMMC_GetCmdResp6
                0x000000000800b4f0       0xf0 ./Libs/BSP/STM32H7/BSP_STM32_SDMMC_ll.o
                0x000000000800b4f0                SDMMC_GetCmdResp6
 .text.SDMMC_GetCmdResp7
                0x000000000800b5e0       0x9c ./Libs/BSP/STM32H7/BSP_STM32_SDMMC_ll.o
                0x000000000800b5e0                SDMMC_GetCmdResp7
 .text.SDMMC_GetCmdError
                0x000000000800b67c       0x5c ./Libs/BSP/STM32H7/BSP_STM32_SDMMC_ll.o
 .text.BSP_STM32_TIM_Init
                0x000000000800b6d8       0x80 ./Libs/BSP/STM32H7/BSP_STM32_TIM.o
                0x000000000800b6d8                BSP_STM32_TIM_Init
 .text.BSP_STM32_TIM_ConfigChannel
                0x000000000800b758      0x112 ./Libs/BSP/STM32H7/BSP_STM32_TIM.o
                0x000000000800b758                BSP_STM32_TIM_ConfigChannel
 .text.BSP_STM32_TIM_Start
                0x000000000800b86a       0x22 ./Libs/BSP/STM32H7/BSP_STM32_TIM.o
                0x000000000800b86a                BSP_STM32_TIM_Start
 .text.BSP_STM32_TIM_SetChannelValue
                0x000000000800b88c       0x5e ./Libs/BSP/STM32H7/BSP_STM32_TIM.o
                0x000000000800b88c                BSP_STM32_TIM_SetChannelValue
 .text._UART_DMA_Callback_TC
                0x000000000800b8ea        0xe ./Libs/BSP/STM32H7/BSP_STM32_UART.o
 .text.BSP_STM32_UART_Init
                0x000000000800b8f8       0xec ./Libs/BSP/STM32H7/BSP_STM32_UART.o
                0x000000000800b8f8                BSP_STM32_UART_Init
 .text.BSP_STM32_UART_StartListen
                0x000000000800b9e4       0x70 ./Libs/BSP/STM32H7/BSP_STM32_UART.o
                0x000000000800b9e4                BSP_STM32_UART_StartListen
 .text.BSP_STM32_UART_IRQHandler
                0x000000000800ba54      0x124 ./Libs/BSP/STM32H7/BSP_STM32_UART.o
                0x000000000800ba54                BSP_STM32_UART_IRQHandler
 .text.SystemInit
                0x000000000800bb78      0x12c ./Libs/ST/system_stm32h7xx_dualcore_boot_cm4_cm7.o
                0x000000000800bb78                SystemInit
 .text._prep_out_transaction
                0x000000000800bca4       0x84 ./Libs/TinyUSB/class/cdc/cdc_device.o
 .text.tud_cdc_n_write_flush
                0x000000000800bd28       0xf8 ./Libs/TinyUSB/class/cdc/cdc_device.o
                0x000000000800bd28                tud_cdc_n_write_flush
 .text.cdcd_init
                0x000000000800be20       0x94 ./Libs/TinyUSB/class/cdc/cdc_device.o
                0x000000000800be20                cdcd_init
 .text.cdcd_reset
                0x000000000800beb4       0x64 ./Libs/TinyUSB/class/cdc/cdc_device.o
                0x000000000800beb4                cdcd_reset
 .text.cdcd_open
                0x000000000800bf18      0x1f8 ./Libs/TinyUSB/class/cdc/cdc_device.o
                0x000000000800bf18                cdcd_open
 .text.cdcd_control_xfer_cb
                0x000000000800c110      0x1dc ./Libs/TinyUSB/class/cdc/cdc_device.o
                0x000000000800c110                cdcd_control_xfer_cb
 .text.cdcd_xfer_cb
                0x000000000800c2ec      0x18c ./Libs/TinyUSB/class/cdc/cdc_device.o
                0x000000000800c2ec                cdcd_xfer_cb
 .text.send_csw
                0x000000000800c478       0x40 ./Libs/TinyUSB/class/msc/msc_device.o
 .text.prepare_cbw
                0x000000000800c4b8       0x2e ./Libs/TinyUSB/class/msc/msc_device.o
 .text.fail_scsi_op
                0x000000000800c4e6       0xb0 ./Libs/TinyUSB/class/msc/msc_device.o
 .text.rdwr10_get_lba
                0x000000000800c596       0x24 ./Libs/TinyUSB/class/msc/msc_device.o
 .text.rdwr10_get_blockcount
                0x000000000800c5ba       0x28 ./Libs/TinyUSB/class/msc/msc_device.o
 .text.rdwr10_get_blocksize
                0x000000000800c5e2       0x30 ./Libs/TinyUSB/class/msc/msc_device.o
 .text.rdwr10_validate_cmd
                0x000000000800c612       0xc0 ./Libs/TinyUSB/class/msc/msc_device.o
                0x000000000800c612                rdwr10_validate_cmd
 *fill*         0x000000000800c6d2        0x2 
 .text.tud_msc_set_sense
                0x000000000800c6d4       0x48 ./Libs/TinyUSB/class/msc/msc_device.o
                0x000000000800c6d4                tud_msc_set_sense
 .text.set_sense_medium_not_present
                0x000000000800c71c       0x1e ./Libs/TinyUSB/class/msc/msc_device.o
 *fill*         0x000000000800c73a        0x2 
 .text.mscd_init
                0x000000000800c73c       0x18 ./Libs/TinyUSB/class/msc/msc_device.o
                0x000000000800c73c                mscd_init
 .text.mscd_reset
                0x000000000800c754       0x20 ./Libs/TinyUSB/class/msc/msc_device.o
                0x000000000800c754                mscd_reset
 .text.mscd_open
                0x000000000800c774       0xe4 ./Libs/TinyUSB/class/msc/msc_device.o
                0x000000000800c774                mscd_open
 .text.proc_bot_reset
                0x000000000800c858       0x40 ./Libs/TinyUSB/class/msc/msc_device.o
 .text.mscd_control_xfer_cb
                0x000000000800c898      0x1fc ./Libs/TinyUSB/class/msc/msc_device.o
                0x000000000800c898                mscd_control_xfer_cb
 .text.mscd_xfer_cb
                0x000000000800ca94      0x500 ./Libs/TinyUSB/class/msc/msc_device.o
                0x000000000800ca94                mscd_xfer_cb
 .text.proc_builtin_scsi
                0x000000000800cf94      0x560 ./Libs/TinyUSB/class/msc/msc_device.o
 .text.proc_read10_cmd
                0x000000000800d4f4      0x128 ./Libs/TinyUSB/class/msc/msc_device.o
 .text.proc_write10_cmd
                0x000000000800d61c       0xb0 ./Libs/TinyUSB/class/msc/msc_device.o
 .text.proc_write10_new_data
                0x000000000800d6cc      0x148 ./Libs/TinyUSB/class/msc/msc_device.o
 .text.tu_fifo_config
                0x000000000800d814       0x66 ./Libs/TinyUSB/common/tusb_fifo.o
                0x000000000800d814                tu_fifo_config
 .text._ff_push_const_addr
                0x000000000800d87a       0x68 ./Libs/TinyUSB/common/tusb_fifo.o
 .text._ff_pull_const_addr
                0x000000000800d8e2       0x66 ./Libs/TinyUSB/common/tusb_fifo.o
 .text._ff_push
                0x000000000800d948       0x3e ./Libs/TinyUSB/common/tusb_fifo.o
 .text._ff_push_n
                0x000000000800d986      0x1bc ./Libs/TinyUSB/common/tusb_fifo.o
 .text._ff_pull_n
                0x000000000800db42      0x1c0 ./Libs/TinyUSB/common/tusb_fifo.o
 .text.advance_index
                0x000000000800dd02       0x4c ./Libs/TinyUSB/common/tusb_fifo.o
 .text._tu_fifo_peek_n
                0x000000000800dd4e       0xe0 ./Libs/TinyUSB/common/tusb_fifo.o
 .text._tu_fifo_write_n
                0x000000000800de2e      0x1a2 ./Libs/TinyUSB/common/tusb_fifo.o
 .text._tu_fifo_read_n
                0x000000000800dfd0       0x5e ./Libs/TinyUSB/common/tusb_fifo.o
 .text.tu_fifo_count
                0x000000000800e02e       0x64 ./Libs/TinyUSB/common/tusb_fifo.o
                0x000000000800e02e                tu_fifo_count
 .text.tu_fifo_empty
                0x000000000800e092       0x2a ./Libs/TinyUSB/common/tusb_fifo.o
                0x000000000800e092                tu_fifo_empty
 .text.tu_fifo_full
                0x000000000800e0bc       0x5c ./Libs/TinyUSB/common/tusb_fifo.o
                0x000000000800e0bc                tu_fifo_full
 .text.tu_fifo_remaining
                0x000000000800e118       0x70 ./Libs/TinyUSB/common/tusb_fifo.o
                0x000000000800e118                tu_fifo_remaining
 .text.tu_fifo_read_n
                0x000000000800e188       0x24 ./Libs/TinyUSB/common/tusb_fifo.o
                0x000000000800e188                tu_fifo_read_n
 .text.tu_fifo_read_n_const_addr_full_words
                0x000000000800e1ac       0x24 ./Libs/TinyUSB/common/tusb_fifo.o
                0x000000000800e1ac                tu_fifo_read_n_const_addr_full_words
 .text.tu_fifo_write
                0x000000000800e1d0       0x86 ./Libs/TinyUSB/common/tusb_fifo.o
                0x000000000800e1d0                tu_fifo_write
 .text.tu_fifo_write_n
                0x000000000800e256       0x24 ./Libs/TinyUSB/common/tusb_fifo.o
                0x000000000800e256                tu_fifo_write_n
 .text.tu_fifo_write_n_const_addr_full_words
                0x000000000800e27a       0x24 ./Libs/TinyUSB/common/tusb_fifo.o
                0x000000000800e27a                tu_fifo_write_n_const_addr_full_words
 .text.tu_fifo_clear
                0x000000000800e29e       0x22 ./Libs/TinyUSB/common/tusb_fifo.o
                0x000000000800e29e                tu_fifo_clear
 .text.tu_fifo_set_overwritable
                0x000000000800e2c0       0x26 ./Libs/TinyUSB/common/tusb_fifo.o
                0x000000000800e2c0                tu_fifo_set_overwritable
 *fill*         0x000000000800e2e6        0x2 
 .text.get_driver
                0x000000000800e2e8       0x6c ./Libs/TinyUSB/device/usbd.o
 .text.tud_mounted
                0x000000000800e354       0x24 ./Libs/TinyUSB/device/usbd.o
                0x000000000800e354                tud_mounted
 .text.tud_suspended
                0x000000000800e378       0x28 ./Libs/TinyUSB/device/usbd.o
                0x000000000800e378                tud_suspended
 .text.dcd_event_handler
                0x000000000800e3a0      0x3ec ./Libs/TinyUSB/device/usbd.o
                0x000000000800e3a0                dcd_event_handler
 .text.usbd_open_edpt_pair
                0x000000000800e78c       0xd0 ./Libs/TinyUSB/device/usbd.o
                0x000000000800e78c                usbd_open_edpt_pair
 .text.usbd_edpt_open
                0x000000000800e85c       0x88 ./Libs/TinyUSB/device/usbd.o
                0x000000000800e85c                usbd_edpt_open
 .text.usbd_edpt_claim
                0x000000000800e8e4       0x54 ./Libs/TinyUSB/device/usbd.o
                0x000000000800e8e4                usbd_edpt_claim
 .text.usbd_edpt_release
                0x000000000800e938       0x54 ./Libs/TinyUSB/device/usbd.o
                0x000000000800e938                usbd_edpt_release
 .text.usbd_edpt_xfer
                0x000000000800e98c       0xec ./Libs/TinyUSB/device/usbd.o
                0x000000000800e98c                usbd_edpt_xfer
 .text.usbd_edpt_busy
                0x000000000800ea78       0x5c ./Libs/TinyUSB/device/usbd.o
                0x000000000800ea78                usbd_edpt_busy
 .text.usbd_edpt_stall
                0x000000000800ead4       0x98 ./Libs/TinyUSB/device/usbd.o
                0x000000000800ead4                usbd_edpt_stall
 .text.usbd_edpt_stalled
                0x000000000800eb6c       0x5c ./Libs/TinyUSB/device/usbd.o
                0x000000000800eb6c                usbd_edpt_stalled
 .text._status_stage_xact
                0x000000000800ebc8       0x38 ./Libs/TinyUSB/device/usbd_control.o
 .text.tud_control_status
                0x000000000800ec00       0x40 ./Libs/TinyUSB/device/usbd_control.o
                0x000000000800ec00                tud_control_status
 .text._data_stage_xact
                0x000000000800ec40       0xa4 ./Libs/TinyUSB/device/usbd_control.o
 .text.tud_control_xfer
                0x000000000800ece4       0xe0 ./Libs/TinyUSB/device/usbd_control.o
                0x000000000800ece4                tud_control_xfer
 .text.dcd_event_sof
                0x000000000800edc4       0x3e ./Libs/TinyUSB/portable/synopsys/dwc2/dcd_dwc2.o
 .text.calc_grxfsiz
                0x000000000800ee02       0x32 ./Libs/TinyUSB/portable/synopsys/dwc2/dcd_dwc2.o
 .text.update_grxfsiz
                0x000000000800ee34       0x84 ./Libs/TinyUSB/portable/synopsys/dwc2/dcd_dwc2.o
 .text.bus_reset
                0x000000000800eeb8      0x120 ./Libs/TinyUSB/portable/synopsys/dwc2/dcd_dwc2.o
 .text.edpt_schedule_packets
                0x000000000800efd8      0x1f4 ./Libs/TinyUSB/portable/synopsys/dwc2/dcd_dwc2.o
 .text.dcd_edpt_open
                0x000000000800f1cc      0x27c ./Libs/TinyUSB/portable/synopsys/dwc2/dcd_dwc2.o
                0x000000000800f1cc                dcd_edpt_open
 .text.dcd_edpt_xfer
                0x000000000800f448       0xd0 ./Libs/TinyUSB/portable/synopsys/dwc2/dcd_dwc2.o
                0x000000000800f448                dcd_edpt_xfer
 .text.dcd_edpt_disable
                0x000000000800f518      0x1d8 ./Libs/TinyUSB/portable/synopsys/dwc2/dcd_dwc2.o
 .text.dcd_edpt_stall
                0x000000000800f6f0       0x24 ./Libs/TinyUSB/portable/synopsys/dwc2/dcd_dwc2.o
                0x000000000800f6f0                dcd_edpt_stall
 .text.read_fifo_packet
                0x000000000800f714       0xb4 ./Libs/TinyUSB/portable/synopsys/dwc2/dcd_dwc2.o
 .text.write_fifo_packet
                0x000000000800f7c8       0xac ./Libs/TinyUSB/portable/synopsys/dwc2/dcd_dwc2.o
 .text.handle_rxflvl_irq
                0x000000000800f874      0x19c ./Libs/TinyUSB/portable/synopsys/dwc2/dcd_dwc2.o
 .text.handle_epout_irq
                0x000000000800fa10      0x1a4 ./Libs/TinyUSB/portable/synopsys/dwc2/dcd_dwc2.o
 .text.handle_epin_irq
                0x000000000800fbb4      0x240 ./Libs/TinyUSB/portable/synopsys/dwc2/dcd_dwc2.o
 .text.dcd_int_handler
                0x000000000800fdf4      0x2c4 ./Libs/TinyUSB/portable/synopsys/dwc2/dcd_dwc2.o
                0x000000000800fdf4                dcd_int_handler
 .text.tu_edpt_claim
                0x00000000080100b8       0x74 ./Libs/TinyUSB/tusb.o
                0x00000000080100b8                tu_edpt_claim
 .text.tu_edpt_release
                0x000000000801012c       0x54 ./Libs/TinyUSB/tusb.o
                0x000000000801012c                tu_edpt_release
 .text.tu_edpt_validate
                0x0000000008010180       0xf8 ./Libs/TinyUSB/tusb.o
                0x0000000008010180                tu_edpt_validate
 .text.main     0x0000000008010278       0x44 ./Src/main.o
                0x0000000008010278                main
 .text.Reset_Handler
                0x00000000080102bc       0x50 ./Startup/startup_stm32h747bgtx.o
                0x00000000080102bc                Reset_Handler
 .text.Default_Handler
                0x000000000801030c        0x2 ./Startup/startup_stm32h747bgtx.o
                0x000000000801030c                RTC_Alarm_IRQHandler
                0x000000000801030c                EXTI2_IRQHandler
                0x000000000801030c                TIM8_CC_IRQHandler
                0x000000000801030c                HRTIM1_Master_IRQHandler
                0x000000000801030c                UART8_IRQHandler
                0x000000000801030c                SPI4_IRQHandler
                0x000000000801030c                TIM1_CC_IRQHandler
                0x000000000801030c                HRTIM1_FLT_IRQHandler
                0x000000000801030c                JPEG_IRQHandler
                0x000000000801030c                HRTIM1_TIMD_IRQHandler
                0x000000000801030c                TAMP_STAMP_IRQHandler
                0x000000000801030c                EXTI3_IRQHandler
                0x000000000801030c                LPTIM4_IRQHandler
                0x000000000801030c                TIM8_TRG_COM_TIM14_IRQHandler
                0x000000000801030c                LPTIM2_IRQHandler
                0x000000000801030c                DFSDM1_FLT1_IRQHandler
                0x000000000801030c                DMAMUX2_OVR_IRQHandler
                0x000000000801030c                TIM8_UP_TIM13_IRQHandler
                0x000000000801030c                I2C3_ER_IRQHandler
                0x000000000801030c                DFSDM1_FLT2_IRQHandler
                0x000000000801030c                MDMA_IRQHandler
                0x000000000801030c                LPTIM3_IRQHandler
                0x000000000801030c                HSEM1_IRQHandler
                0x000000000801030c                EXTI0_IRQHandler
                0x000000000801030c                I2C2_EV_IRQHandler
                0x000000000801030c                FPU_IRQHandler
                0x000000000801030c                OTG_HS_WKUP_IRQHandler
                0x000000000801030c                FDCAN1_IT1_IRQHandler
                0x000000000801030c                LTDC_ER_IRQHandler
                0x000000000801030c                HRTIM1_TIME_IRQHandler
                0x000000000801030c                SPI1_IRQHandler
                0x000000000801030c                TIM6_DAC_IRQHandler
                0x000000000801030c                DCMI_IRQHandler
                0x000000000801030c                HRTIM1_TIMC_IRQHandler
                0x000000000801030c                SAI2_IRQHandler
                0x000000000801030c                DFSDM1_FLT3_IRQHandler
                0x000000000801030c                USART6_IRQHandler
                0x000000000801030c                TIM17_IRQHandler
                0x000000000801030c                USART3_IRQHandler
                0x000000000801030c                LPTIM5_IRQHandler
                0x000000000801030c                UART5_IRQHandler
                0x000000000801030c                ADC3_IRQHandler
                0x000000000801030c                TIM4_IRQHandler
                0x000000000801030c                QUADSPI_IRQHandler
                0x000000000801030c                DMAMUX1_OVR_IRQHandler
                0x000000000801030c                TIM16_IRQHandler
                0x000000000801030c                UART4_IRQHandler
                0x000000000801030c                TIM3_IRQHandler
                0x000000000801030c                RCC_IRQHandler
                0x000000000801030c                TIM8_BRK_TIM12_IRQHandler
                0x000000000801030c                TIM1_TRG_COM_IRQHandler
                0x000000000801030c                Default_Handler
                0x000000000801030c                ECC_IRQHandler
                0x000000000801030c                CEC_IRQHandler
                0x000000000801030c                ADC_IRQHandler
                0x000000000801030c                HRTIM1_TIMA_IRQHandler
                0x000000000801030c                SPI5_IRQHandler
                0x000000000801030c                TIM7_IRQHandler
                0x000000000801030c                SDMMC1_IRQHandler
                0x000000000801030c                TIM5_IRQHandler
                0x000000000801030c                TIM15_IRQHandler
                0x000000000801030c                PVD_AVD_IRQHandler
                0x000000000801030c                I2C3_EV_IRQHandler
                0x000000000801030c                RTC_WKUP_IRQHandler
                0x000000000801030c                SAI3_IRQHandler
                0x000000000801030c                ETH_WKUP_IRQHandler
                0x000000000801030c                SPDIF_RX_IRQHandler
                0x000000000801030c                SPI2_IRQHandler
                0x000000000801030c                OTG_HS_EP1_IN_IRQHandler
                0x000000000801030c                CRS_IRQHandler
                0x000000000801030c                CM7_SEV_IRQHandler
                0x000000000801030c                EXTI4_IRQHandler
                0x000000000801030c                RNG_IRQHandler
                0x000000000801030c                CM4_SEV_IRQHandler
                0x000000000801030c                HRTIM1_TIMB_IRQHandler
                0x000000000801030c                FDCAN2_IT1_IRQHandler
                0x000000000801030c                DSI_IRQHandler
                0x000000000801030c                ETH_IRQHandler
                0x000000000801030c                TIM1_UP_IRQHandler
                0x000000000801030c                WWDG_RST_IRQHandler
                0x000000000801030c                OTG_HS_EP1_OUT_IRQHandler
                0x000000000801030c                WWDG_IRQHandler
                0x000000000801030c                SPI6_IRQHandler
                0x000000000801030c                MDIOS_IRQHandler
                0x000000000801030c                FDCAN2_IT0_IRQHandler
                0x000000000801030c                LPUART1_IRQHandler
                0x000000000801030c                FDCAN1_IT0_IRQHandler
                0x000000000801030c                OTG_FS_WKUP_IRQHandler
                0x000000000801030c                OTG_HS_IRQHandler
                0x000000000801030c                HSEM2_IRQHandler
                0x000000000801030c                TIM1_BRK_IRQHandler
                0x000000000801030c                EXTI1_IRQHandler
                0x000000000801030c                SDMMC2_IRQHandler
                0x000000000801030c                OTG_FS_EP1_OUT_IRQHandler
                0x000000000801030c                HOLD_CORE_IRQHandler
                0x000000000801030c                UART7_IRQHandler
                0x000000000801030c                MDIOS_WKUP_IRQHandler
                0x000000000801030c                DFSDM1_FLT0_IRQHandler
                0x000000000801030c                SAI4_IRQHandler
                0x000000000801030c                I2C2_ER_IRQHandler
                0x000000000801030c                FLASH_IRQHandler
                0x000000000801030c                USART1_IRQHandler
                0x000000000801030c                WAKEUP_PIN_IRQHandler
                0x000000000801030c                OTG_FS_EP1_IN_IRQHandler
                0x000000000801030c                I2C1_ER_IRQHandler
                0x000000000801030c                FMC_IRQHandler
                0x000000000801030c                FDCAN_CAL_IRQHandler
                0x000000000801030c                SWPMI1_IRQHandler
                0x000000000801030c                COMP1_IRQHandler
                0x000000000801030c                LPTIM1_IRQHandler
                0x000000000801030c                I2C4_ER_IRQHandler
                0x000000000801030c                SAI1_IRQHandler
 .text.memmove  0x000000000801030e       0x34 C:/ST/STM32CubeIDE_1.11.0/STM32CubeIDE/plugins/com.st.stm32cube.ide.mcu.externaltools.gnu-tools-for-stm32.11.3.rel1.win32_1.1.100.202309141235/tools/bin/../lib/gcc/arm-none-eabi/11.3.1/../../../../arm-none-eabi/lib/thumb/v7e-m+dp/hard\libc_nano.a(libc_a-memmove.o)
                0x000000000801030e                memmove
 .text.memset   0x0000000008010342       0x10 C:/ST/STM32CubeIDE_1.11.0/STM32CubeIDE/plugins/com.st.stm32cube.ide.mcu.externaltools.gnu-tools-for-stm32.11.3.rel1.win32_1.1.100.202309141235/tools/bin/../lib/gcc/arm-none-eabi/11.3.1/../../../../arm-none-eabi/lib/thumb/v7e-m+dp/hard\libc_nano.a(libc_a-memset.o)
                0x0000000008010342                memset
 *fill*         0x0000000008010352        0x2 
 .text.__libc_init_array
                0x0000000008010354       0x48 C:/ST/STM32CubeIDE_1.11.0/STM32CubeIDE/plugins/com.st.stm32cube.ide.mcu.externaltools.gnu-tools-for-stm32.11.3.rel1.win32_1.1.100.202309141235/tools/bin/../lib/gcc/arm-none-eabi/11.3.1/../../../../arm-none-eabi/lib/thumb/v7e-m+dp/hard\libc_nano.a(libc_a-init.o)
                0x0000000008010354                __libc_init_array
 .text.memcpy   0x000000000801039c       0x1c C:/ST/STM32CubeIDE_1.11.0/STM32CubeIDE/plugins/com.st.stm32cube.ide.mcu.externaltools.gnu-tools-for-stm32.11.3.rel1.win32_1.1.100.202309141235/tools/bin/../lib/gcc/arm-none-eabi/11.3.1/../../../../arm-none-eabi/lib/thumb/v7e-m+dp/hard\libc_nano.a(libc_a-memcpy-stub.o)
                0x000000000801039c                memcpy
 .text.atan2f   0x00000000080103b8        0x4 C:/ST/STM32CubeIDE_1.11.0/STM32CubeIDE/plugins/com.st.stm32cube.ide.mcu.externaltools.gnu-tools-for-stm32.11.3.rel1.win32_1.1.100.202309141235/tools/bin/../lib/gcc/arm-none-eabi/11.3.1/../../../../arm-none-eabi/lib/thumb/v7e-m+dp/hard\libm.a(libm_a-wf_atan2.o)
                0x00000000080103b8                atan2f
 .text.round    0x00000000080103bc       0x88 C:/ST/STM32CubeIDE_1.11.0/STM32CubeIDE/plugins/com.st.stm32cube.ide.mcu.externaltools.gnu-tools-for-stm32.11.3.rel1.win32_1.1.100.202309141235/tools/bin/../lib/gcc/arm-none-eabi/11.3.1/../../../../arm-none-eabi/lib/thumb/v7e-m+dp/hard\libm.a(libm_a-s_round.o)
                0x00000000080103bc                round
 .text.__ieee754_atan2f
                0x0000000008010444      0x13c C:/ST/STM32CubeIDE_1.11.0/STM32CubeIDE/plugins/com.st.stm32cube.ide.mcu.externaltools.gnu-tools-for-stm32.11.3.rel1.win32_1.1.100.202309141235/tools/bin/../lib/gcc/arm-none-eabi/11.3.1/../../../../arm-none-eabi/lib/thumb/v7e-m+dp/hard\libm.a(libm_a-ef_atan2.o)
                0x0000000008010444                __ieee754_atan2f
 .text.atanf    0x0000000008010580      0x1a8 C:/ST/STM32CubeIDE_1.11.0/STM32CubeIDE/plugins/com.st.stm32cube.ide.mcu.externaltools.gnu-tools-for-stm32.11.3.rel1.win32_1.1.100.202309141235/tools/bin/../lib/gcc/arm-none-eabi/11.3.1/../../../../arm-none-eabi/lib/thumb/v7e-m+dp/hard\libm.a(libm_a-sf_atan.o)
                0x0000000008010580                atanf
 .text.fabsf    0x0000000008010728        0xe C:/ST/STM32CubeIDE_1.11.0/STM32CubeIDE/plugins/com.st.stm32cube.ide.mcu.externaltools.gnu-tools-for-stm32.11.3.rel1.win32_1.1.100.202309141235/tools/bin/../lib/gcc/arm-none-eabi/11.3.1/../../../../arm-none-eabi/lib/thumb/v7e-m+dp/hard\libm.a(libm_a-sf_fabs.o)
                0x0000000008010728                fabsf
 *(.glue_7)
 .glue_7        0x0000000008010736        0x0 linker stubs
 *(.glue_7t)
 .glue_7t       0x0000000008010736        0x0 linker stubs
 *(.eh_frame)
 *fill*         0x0000000008010736        0x2 
 .eh_frame      0x0000000008010738        0x0 C:/ST/STM32CubeIDE_1.11.0/STM32CubeIDE/plugins/com.st.stm32cube.ide.mcu.externaltools.gnu-tools-for-stm32.11.3.rel1.win32_1.1.100.202309141235/tools/bin/../lib/gcc/arm-none-eabi/11.3.1/thumb/v7e-m+dp/hard/crtbegin.o
 *(.init)
 .init          0x0000000008010738        0x4 C:/ST/STM32CubeIDE_1.11.0/STM32CubeIDE/plugins/com.st.stm32cube.ide.mcu.externaltools.gnu-tools-for-stm32.11.3.rel1.win32_1.1.100.202309141235/tools/bin/../lib/gcc/arm-none-eabi/11.3.1/thumb/v7e-m+dp/hard/crti.o
                0x0000000008010738                _init
 .init          0x000000000801073c        0x8 C:/ST/STM32CubeIDE_1.11.0/STM32CubeIDE/plugins/com.st.stm32cube.ide.mcu.externaltools.gnu-tools-for-stm32.11.3.rel1.win32_1.1.100.202309141235/tools/bin/../lib/gcc/arm-none-eabi/11.3.1/thumb/v7e-m+dp/hard/crtn.o
 *(.fini)
 .fini          0x0000000008010744        0x4 C:/ST/STM32CubeIDE_1.11.0/STM32CubeIDE/plugins/com.st.stm32cube.ide.mcu.externaltools.gnu-tools-for-stm32.11.3.rel1.win32_1.1.100.202309141235/tools/bin/../lib/gcc/arm-none-eabi/11.3.1/thumb/v7e-m+dp/hard/crti.o
                0x0000000008010744                _fini
 .fini          0x0000000008010748        0x8 C:/ST/STM32CubeIDE_1.11.0/STM32CubeIDE/plugins/com.st.stm32cube.ide.mcu.externaltools.gnu-tools-for-stm32.11.3.rel1.win32_1.1.100.202309141235/tools/bin/../lib/gcc/arm-none-eabi/11.3.1/thumb/v7e-m+dp/hard/crtn.o
                0x0000000008010750                . = ALIGN (0x4)
                0x0000000008010750                _etext = .

.vfp11_veneer   0x0000000008010750        0x0
 .vfp11_veneer  0x0000000008010750        0x0 linker stubs

.v4_bx          0x0000000008010750        0x0
 .v4_bx         0x0000000008010750        0x0 linker stubs

.iplt           0x0000000008010750        0x0
 .iplt          0x0000000008010750        0x0 C:/ST/STM32CubeIDE_1.11.0/STM32CubeIDE/plugins/com.st.stm32cube.ide.mcu.externaltools.gnu-tools-for-stm32.11.3.rel1.win32_1.1.100.202309141235/tools/bin/../lib/gcc/arm-none-eabi/11.3.1/thumb/v7e-m+dp/hard/crtbegin.o

.rodata         0x0000000008010750      0x4dc
                0x0000000008010750                . = ALIGN (0x4)
 *(.rodata)
 .rodata        0x0000000008010750       0x3b ./Libs/BSP/Core_CM7/BSP_USB.o
 *(.rodata*)
 *fill*         0x000000000801078b        0x1 
 .rodata.C_LUT_COLOR
                0x000000000801078c      0x400 ./Libs/BSP/Core_CM7/BSP_LCD.o
                0x000000000801078c                C_LUT_COLOR
 .rodata.flagBitshiftOffset.0
                0x0000000008010b8c        0x8 ./Libs/BSP/STM32H7/BSP_STM32_DMA.o
 .rodata.D1CorePrescTable
                0x0000000008010b94       0x10 ./Libs/ST/system_stm32h7xx_dualcore_boot_cm4_cm7.o
                0x0000000008010b94                D1CorePrescTable
 .rodata._usbd_driver
                0x0000000008010ba4       0x30 ./Libs/TinyUSB/device/usbd.o
 .rodata._dwc2_controller
                0x0000000008010bd4       0x20 ./Libs/TinyUSB/portable/synopsys/dwc2/dcd_dwc2.o
 .rodata.CSWTCH.8
                0x0000000008010bf4        0xc C:/ST/STM32CubeIDE_1.11.0/STM32CubeIDE/plugins/com.st.stm32cube.ide.mcu.externaltools.gnu-tools-for-stm32.11.3.rel1.win32_1.1.100.202309141235/tools/bin/../lib/gcc/arm-none-eabi/11.3.1/../../../../arm-none-eabi/lib/thumb/v7e-m+dp/hard\libm.a(libm_a-ef_atan2.o)
 .rodata.CSWTCH.9
                0x0000000008010c00        0xc C:/ST/STM32CubeIDE_1.11.0/STM32CubeIDE/plugins/com.st.stm32cube.ide.mcu.externaltools.gnu-tools-for-stm32.11.3.rel1.win32_1.1.100.202309141235/tools/bin/../lib/gcc/arm-none-eabi/11.3.1/../../../../arm-none-eabi/lib/thumb/v7e-m+dp/hard\libm.a(libm_a-ef_atan2.o)
 .rodata.atanhi
                0x0000000008010c0c       0x10 C:/ST/STM32CubeIDE_1.11.0/STM32CubeIDE/plugins/com.st.stm32cube.ide.mcu.externaltools.gnu-tools-for-stm32.11.3.rel1.win32_1.1.100.202309141235/tools/bin/../lib/gcc/arm-none-eabi/11.3.1/../../../../arm-none-eabi/lib/thumb/v7e-m+dp/hard\libm.a(libm_a-sf_atan.o)
 .rodata.atanlo
                0x0000000008010c1c       0x10 C:/ST/STM32CubeIDE_1.11.0/STM32CubeIDE/plugins/com.st.stm32cube.ide.mcu.externaltools.gnu-tools-for-stm32.11.3.rel1.win32_1.1.100.202309141235/tools/bin/../lib/gcc/arm-none-eabi/11.3.1/../../../../arm-none-eabi/lib/thumb/v7e-m+dp/hard\libm.a(libm_a-sf_atan.o)
                0x0000000008010c2c                . = ALIGN (0x4)

.rel.dyn        0x0000000008010c2c        0x0
 .rel.iplt      0x0000000008010c2c        0x0 C:/ST/STM32CubeIDE_1.11.0/STM32CubeIDE/plugins/com.st.stm32cube.ide.mcu.externaltools.gnu-tools-for-stm32.11.3.rel1.win32_1.1.100.202309141235/tools/bin/../lib/gcc/arm-none-eabi/11.3.1/thumb/v7e-m+dp/hard/crtbegin.o

.ARM.extab      0x0000000008010c2c        0x0
                0x0000000008010c2c                . = ALIGN (0x4)
 *(.ARM.extab* .gnu.linkonce.armextab.*)
                0x0000000008010c2c                . = ALIGN (0x4)

.ARM            0x0000000008010c2c        0x0
                0x0000000008010c2c                . = ALIGN (0x4)
                0x0000000008010c2c                __exidx_start = .
 *(.ARM.exidx*)
                0x0000000008010c2c                __exidx_end = .
                0x0000000008010c2c                . = ALIGN (0x4)

.preinit_array  0x0000000008010c2c        0x0
                0x0000000008010c2c                . = ALIGN (0x4)
                0x0000000008010c2c                PROVIDE (__preinit_array_start = .)
 *(.preinit_array*)
                0x0000000008010c2c                PROVIDE (__preinit_array_end = .)
                0x0000000008010c2c                . = ALIGN (0x4)

.init_array     0x0000000008010c2c        0x4
                0x0000000008010c2c                . = ALIGN (0x4)
                0x0000000008010c2c                PROVIDE (__init_array_start = .)
 *(SORT_BY_NAME(.init_array.*))
 *(.init_array*)
 .init_array    0x0000000008010c2c        0x4 C:/ST/STM32CubeIDE_1.11.0/STM32CubeIDE/plugins/com.st.stm32cube.ide.mcu.externaltools.gnu-tools-for-stm32.11.3.rel1.win32_1.1.100.202309141235/tools/bin/../lib/gcc/arm-none-eabi/11.3.1/thumb/v7e-m+dp/hard/crtbegin.o
                0x0000000008010c30                PROVIDE (__init_array_end = .)
                0x0000000008010c30                . = ALIGN (0x4)

.fini_array     0x0000000008010c30        0x4
                0x0000000008010c30                . = ALIGN (0x4)
                [!provide]                        PROVIDE (__fini_array_start = .)
 *(SORT_BY_NAME(.fini_array.*))
 *(.fini_array*)
 .fini_array    0x0000000008010c30        0x4 C:/ST/STM32CubeIDE_1.11.0/STM32CubeIDE/plugins/com.st.stm32cube.ide.mcu.externaltools.gnu-tools-for-stm32.11.3.rel1.win32_1.1.100.202309141235/tools/bin/../lib/gcc/arm-none-eabi/11.3.1/thumb/v7e-m+dp/hard/crtbegin.o
                [!provide]                        PROVIDE (__fini_array_end = .)
                0x0000000008010c34                . = ALIGN (0x4)
                0x0000000008010c34                _sidata = LOADADDR (.data)

.data           0x0000000024000000       0x10 load address 0x0000000008010c34
                0x0000000024000000                . = ALIGN (0x4)
                0x0000000024000000                _sdata = .
 *(.data)
 *(.data*)
 .data.tickfrequency
                0x0000000024000000        0x4 ./Libs/BSP/Core_CM7/BSP_STM32.o
 .data.SystemCoreClock
                0x0000000024000004        0x4 ./Libs/ST/system_stm32h7xx_dualcore_boot_cm4_cm7.o
                0x0000000024000004                SystemCoreClock
 .data.SystemD2Clock
                0x0000000024000008        0x4 ./Libs/ST/system_stm32h7xx_dualcore_boot_cm4_cm7.o
                0x0000000024000008                SystemD2Clock
 .data._usbd_rhport
                0x000000002400000c        0x1 ./Libs/TinyUSB/device/usbd.o
 *(.RamFunc)
 *(.RamFunc*)
                0x0000000024000010                . = ALIGN (0x4)
 *fill*         0x000000002400000d        0x3 
                0x0000000024000010                _edata = .

.igot.plt       0x0000000024000010        0x0 load address 0x0000000008010c44
 .igot.plt      0x0000000024000010        0x0 C:/ST/STM32CubeIDE_1.11.0/STM32CubeIDE/plugins/com.st.stm32cube.ide.mcu.externaltools.gnu-tools-for-stm32.11.3.rel1.win32_1.1.100.202309141235/tools/bin/../lib/gcc/arm-none-eabi/11.3.1/thumb/v7e-m+dp/hard/crtbegin.o
                0x0000000024000010                . = ALIGN (0x4)

.bss            0x0000000024000010     0x27c8 load address 0x0000000008010c44
                0x0000000024000010                _sbss = .
                0x0000000024000010                __bss_start__ = _sbss
 *(.bss)
 .bss           0x0000000024000010       0x1c C:/ST/STM32CubeIDE_1.11.0/STM32CubeIDE/plugins/com.st.stm32cube.ide.mcu.externaltools.gnu-tools-for-stm32.11.3.rel1.win32_1.1.100.202309141235/tools/bin/../lib/gcc/arm-none-eabi/11.3.1/thumb/v7e-m+dp/hard/crtbegin.o
 *(.bss*)
 .bss.KALMAN_pitch
                0x000000002400002c       0x3c ./Libs/BSP/Components/MPU6050.o
                0x000000002400002c                KALMAN_pitch
 .bss.KALMAN_roll
                0x0000000024000068       0x3c ./Libs/BSP/Components/MPU6050.o
                0x0000000024000068                KALMAN_roll
 .bss.KALMAN_yaw
                0x00000000240000a4       0x3c ./Libs/BSP/Components/MPU6050.o
                0x00000000240000a4                KALMAN_yaw
 .bss.BSP_haudio_ctx
                0x00000000240000e0       0x68 ./Libs/BSP/Core_CM7/BSP_Audio.o
                0x00000000240000e0                BSP_haudio_ctx
 .bss.BSP_himu_ctx
                0x0000000024000148       0x68 ./Libs/BSP/Core_CM7/BSP_IMU.o
                0x0000000024000148                BSP_himu_ctx
 .bss.BSP_hinputs_ctx