C:/Projects/STM32/Mini-Console-3-Firmware/Libs/BSP/Core_CM4/BSP.c:16:9:BSP_BOARD_Init_CM4	8	static
C:/Projects/STM32/Mini-Console-3-Firmware/Libs/BSP/Core_CM4/BSP.c:38:6:NMI_Handler	4	static
C:/Projects/STM32/Mini-Console-3-Firmware/Libs/BSP/Core_CM4/BSP.c:44:6:HardFault_Handler	4	static
C:/Projects/STM32/Mini-Console-3-Firmware/Libs/BSP/Core_CM4/BSP.c:50:6:MemManage_Handler	4	static
C:/Projects/STM32/Mini-Console-3-Firmware/Libs/BSP/Core_CM4/BSP.c:56:6:BusFault_Handler	4	static
C:/Projects/STM32/Mini-Console-3-Firmware/Libs/BSP/Core_CM4/BSP.c:62:6:UsageFault_Handler	4	static
C:/Projects/STM32/Mini-Console-3-Firmware/Libs/BSP/Core_CM4/BSP.c:68:6:SVC_Handler	4	static
C:/Projects/STM32/Mini-Console-3-Firmware/Libs/BSP/Core_CM4/BSP.c:72:6:DebugMon_Handler	4	static
C:/Projects/STM32/Mini-Console-3-Firmware/Libs/BSP/Core_CM4/BSP.c:76:6:PendSV_Handler	4	static
C:/Projects/STM32/Mini-Console-3-Firmware/Libs/BSP/Core_CM4/BSP.c:80:6:SysTick_Handler	8	static
