C:/Projects/STM32/Mini-Console-3-Firmware/Libs/CMSIS/core_cm4.h:1809:22:__NVIC_SetPriority	16	static
C:/Projects/STM32/Mini-Console-3-Firmware/Libs/CMSIS/core_cm4.h:2017:26:SysTick_Config	16	static
C:/Projects/STM32/Mini-Console-3-Firmware/Libs/BSP/Core_CM4/BSP_STM32.c:18:9:BSP_STM32_MPU_Init	24	static
C:/Projects/STM32/Mini-Console-3-Firmware/Libs/BSP/Core_CM4/BSP_STM32.c:130:9:BSP_STM32_Init_PeriphClocks	24	static
C:/Projects/STM32/Mini-Console-3-Firmware/Libs/BSP/Core_CM4/BSP_STM32.c:146:9:BSP_STM32_Init_NVIC	16	static
C:/Projects/STM32/Mini-Console-3-Firmware/Libs/BSP/Core_CM4/BSP_STM32.c:184:9:BSP_STM32_Init_GPIO	24	static
C:/Projects/STM32/Mini-Console-3-Firmware/Libs/BSP/Core_CM4/BSP_STM32.c:207:9:BSP_TickInit	24	static
C:/Projects/STM32/Mini-Console-3-Firmware/Libs/BSP/Core_CM4/BSP_STM32.c:223:6:BSP_IncTick	4	static
C:/Projects/STM32/Mini-Console-3-Firmware/Libs/BSP/Core_CM4/BSP_STM32.c:229:10:BSP_GetTick	4	static
C:/Projects/STM32/Mini-Console-3-Firmware/Libs/BSP/Core_CM4/BSP_STM32.c:234:6:BSP_Delay	24	static
