Archive member included to satisfy reference by file (symbol)

C:/ST/STM32CubeIDE_1.11.0/STM32CubeIDE/plugins/com.st.stm32cube.ide.mcu.externaltools.gnu-tools-for-stm32.11.3.rel1.win32_1.1.100.202309141235/tools/bin/../lib/gcc/arm-none-eabi/11.3.1/../../../../arm-none-eabi/lib/thumb/v7e-m+fp/hard\libc_nano.a(libc_a-exit.o)
                              C:/ST/STM32CubeIDE_1.11.0/STM32CubeIDE/plugins/com.st.stm32cube.ide.mcu.externaltools.gnu-tools-for-stm32.11.3.rel1.win32_1.1.100.202309141235/tools/bin/../lib/gcc/arm-none-eabi/11.3.1/../../../../arm-none-eabi/lib/thumb/v7e-m+fp/hard/crt0.o (exit)
C:/ST/STM32CubeIDE_1.11.0/STM32CubeIDE/plugins/com.st.stm32cube.ide.mcu.externaltools.gnu-tools-for-stm32.11.3.rel1.win32_1.1.100.202309141235/tools/bin/../lib/gcc/arm-none-eabi/11.3.1/../../../../arm-none-eabi/lib/thumb/v7e-m+fp/hard\libc_nano.a(libc_a-findfp.o)
                              C:/ST/STM32CubeIDE_1.11.0/STM32CubeIDE/plugins/com.st.stm32cube.ide.mcu.externaltools.gnu-tools-for-stm32.11.3.rel1.win32_1.1.100.202309141235/tools/bin/../lib/gcc/arm-none-eabi/11.3.1/../../../../arm-none-eabi/lib/thumb/v7e-m+fp/hard\libc_nano.a(libc_a-exit.o) (__stdio_exit_handler)
C:/ST/STM32CubeIDE_1.11.0/STM32CubeIDE/plugins/com.st.stm32cube.ide.mcu.externaltools.gnu-tools-for-stm32.11.3.rel1.win32_1.1.100.202309141235/tools/bin/../lib/gcc/arm-none-eabi/11.3.1/../../../../arm-none-eabi/lib/thumb/v7e-m+fp/hard\libc_nano.a(libc_a-fwalk.o)
                              C:/ST/STM32CubeIDE_1.11.0/STM32CubeIDE/plugins/com.st.stm32cube.ide.mcu.externaltools.gnu-tools-for-stm32.11.3.rel1.win32_1.1.100.202309141235/tools/bin/../lib/gcc/arm-none-eabi/11.3.1/../../../../arm-none-eabi/lib/thumb/v7e-m+fp/hard\libc_nano.a(libc_a-findfp.o) (_fwalk_sglue)
C:/ST/STM32CubeIDE_1.11.0/STM32CubeIDE/plugins/com.st.stm32cube.ide.mcu.externaltools.gnu-tools-for-stm32.11.3.rel1.win32_1.1.100.202309141235/tools/bin/../lib/gcc/arm-none-eabi/11.3.1/../../../../arm-none-eabi/lib/thumb/v7e-m+fp/hard\libc_nano.a(libc_a-stdio.o)
                              C:/ST/STM32CubeIDE_1.11.0/STM32CubeIDE/plugins/com.st.stm32cube.ide.mcu.externaltools.gnu-tools-for-stm32.11.3.rel1.win32_1.1.100.202309141235/tools/bin/../lib/gcc/arm-none-eabi/11.3.1/../../../../arm-none-eabi/lib/thumb/v7e-m+fp/hard\libc_nano.a(libc_a-findfp.o) (__sread)
C:/ST/STM32CubeIDE_1.11.0/STM32CubeIDE/plugins/com.st.stm32cube.ide.mcu.externaltools.gnu-tools-for-stm32.11.3.rel1.win32_1.1.100.202309141235/tools/bin/../lib/gcc/arm-none-eabi/11.3.1/../../../../arm-none-eabi/lib/thumb/v7e-m+fp/hard\libc_nano.a(libc_a-memset.o)
                              C:/ST/STM32CubeIDE_1.11.0/STM32CubeIDE/plugins/com.st.stm32cube.ide.mcu.externaltools.gnu-tools-for-stm32.11.3.rel1.win32_1.1.100.202309141235/tools/bin/../lib/gcc/arm-none-eabi/11.3.1/../../../../arm-none-eabi/lib/thumb/v7e-m+fp/hard/crt0.o (memset)
C:/ST/STM32CubeIDE_1.11.0/STM32CubeIDE/plugins/com.st.stm32cube.ide.mcu.externaltools.gnu-tools-for-stm32.11.3.rel1.win32_1.1.100.202309141235/tools/bin/../lib/gcc/arm-none-eabi/11.3.1/../../../../arm-none-eabi/lib/thumb/v7e-m+fp/hard\libc_nano.a(libc_a-closer.o)
                              C:/ST/STM32CubeIDE_1.11.0/STM32CubeIDE/plugins/com.st.stm32cube.ide.mcu.externaltools.gnu-tools-for-stm32.11.3.rel1.win32_1.1.100.202309141235/tools/bin/../lib/gcc/arm-none-eabi/11.3.1/../../../../arm-none-eabi/lib/thumb/v7e-m+fp/hard\libc_nano.a(libc_a-stdio.o) (_close_r)
C:/ST/STM32CubeIDE_1.11.0/STM32CubeIDE/plugins/com.st.stm32cube.ide.mcu.externaltools.gnu-tools-for-stm32.11.3.rel1.win32_1.1.100.202309141235/tools/bin/../lib/gcc/arm-none-eabi/11.3.1/../../../../arm-none-eabi/lib/thumb/v7e-m+fp/hard\libc_nano.a(libc_a-reent.o)
                              C:/ST/STM32CubeIDE_1.11.0/STM32CubeIDE/plugins/com.st.stm32cube.ide.mcu.externaltools.gnu-tools-for-stm32.11.3.rel1.win32_1.1.100.202309141235/tools/bin/../lib/gcc/arm-none-eabi/11.3.1/../../../../arm-none-eabi/lib/thumb/v7e-m+fp/hard\libc_nano.a(libc_a-closer.o) (errno)
C:/ST/STM32CubeIDE_1.11.0/STM32CubeIDE/plugins/com.st.stm32cube.ide.mcu.externaltools.gnu-tools-for-stm32.11.3.rel1.win32_1.1.100.202309141235/tools/bin/../lib/gcc/arm-none-eabi/11.3.1/../../../../arm-none-eabi/lib/thumb/v7e-m+fp/hard\libc_nano.a(libc_a-impure.o)
                              C:/ST/STM32CubeIDE_1.11.0/STM32CubeIDE/plugins/com.st.stm32cube.ide.mcu.externaltools.gnu-tools-for-stm32.11.3.rel1.win32_1.1.100.202309141235/tools/bin/../lib/gcc/arm-none-eabi/11.3.1/../../../../arm-none-eabi/lib/thumb/v7e-m+fp/hard\libc_nano.a(libc_a-reent.o) (_impure_ptr)
C:/ST/STM32CubeIDE_1.11.0/STM32CubeIDE/plugins/com.st.stm32cube.ide.mcu.externaltools.gnu-tools-for-stm32.11.3.rel1.win32_1.1.100.202309141235/tools/bin/../lib/gcc/arm-none-eabi/11.3.1/../../../../arm-none-eabi/lib/thumb/v7e-m+fp/hard\libc_nano.a(libc_a-lseekr.o)
[...]
Memory Configuration

Name             Origin             Length             Attributes
SND_FLASH        0x0000000008100000 0x0000000000080000 xr
SND_RAM          0x0000000010000000 0x0000000000040000 xrw
SH0_RAM          0x0000000010040000 0x0000000000008000 xrw
*default*        0x0000000000000000 0xffffffffffffffff

Linker script and memory map

LOAD C:/ST/STM32CubeIDE_1.11.0/STM32CubeIDE/plugins/com.st.stm32cube.ide.mcu.externaltools.gnu-tools-for-stm32.11.3.rel1.win32_1.1.100.202309141235/tools/bin/../lib/gcc/arm-none-eabi/11.3.1/thumb/v7e-m+fp/hard/crti.o
LOAD C:/ST/STM32CubeIDE_1.11.0/STM32CubeIDE/plugins/com.st.stm32cube.ide.mcu.externaltools.gnu-tools-for-stm32.11.3.rel1.win32_1.1.100.202309141235/tools/bin/../lib/gcc/arm-none-eabi/11.3.1/thumb/v7e-m+fp/hard/crtbegin.o
LOAD C:/ST/STM32CubeIDE_1.11.0/STM32CubeIDE/plugins/com.st.stm32cube.ide.mcu.externaltools.gnu-tools-for-stm32.11.3.rel1.win32_1.1.100.202309141235/tools/bin/../lib/gcc/arm-none-eabi/11.3.1/../../../../arm-none-eabi/lib/thumb/v7e-m+fp/hard/crt0.o
LOAD ./Libs/BSP/Components/IS25LP128F.o
LOAD ./Libs/BSP/Components/IS42S32160F.o
LOAD ./Libs/BSP/Components/MAX98357A.o
LOAD ./Libs/BSP/Components/MDBT42Q512KV2.o
LOAD ./Libs/BSP/Components/MPU6050.o
LOAD ./Libs/BSP/Components/RVT50AQTNWC00.o
LOAD ./Libs/BSP/Core_CM4/BSP.o
LOAD ./Libs/BSP/Core_CM4/BSP_Audio.o
LOAD ./Libs/BSP/Core_CM4/BSP_Audio_Tables.o
LOAD ./Libs/BSP/Core_CM4/BSP_STM32.o
LOAD ./Libs/BSP/Libs/graph2d.o
LOAD ./Libs/BSP/Libs/hxcmod.o
LOAD ./Libs/BSP/Libs/kalman.o
LOAD ./Libs/BSP/STM32H7/BSP_Common.o
LOAD ./Libs/BSP/STM32H7/BSP_STM32_ADC.o
LOAD ./Libs/BSP/STM32H7/BSP_STM32_BDMA.o
LOAD ./Libs/BSP/STM32H7/BSP_STM32_CORE.o
LOAD ./Libs/BSP/STM32H7/BSP_STM32_DMA.o
LOAD ./Libs/BSP/STM32H7/BSP_STM32_DMA2D.o
LOAD ./Libs/BSP/STM32H7/BSP_STM32_FMC.o
LOAD ./Libs/BSP/STM32H7/BSP_STM32_GPIO.o
LOAD ./Libs/BSP/STM32H7/BSP_STM32_HSEM.o
LOAD ./Libs/BSP/STM32H7/BSP_STM32_I2C.o
LOAD ./Libs/BSP/STM32H7/BSP_STM32_I2S.o
LOAD ./Libs/BSP/STM32H7/BSP_STM32_JPEG.o
LOAD ./Libs/BSP/STM32H7/BSP_STM32_LTDC.o
LOAD ./Libs/BSP/STM32H7/BSP_STM32_PCD.o
LOAD ./Libs/BSP/STM32H7/BSP_STM32_PWR.o
LOAD ./Libs/BSP/STM32H7/BSP_STM32_QUADSPI.o
LOAD ./Libs/BSP/STM32H7/BSP_STM32_RCC.o
LOAD ./Libs/BSP/STM32H7/BSP_STM32_RTC.o
LOAD ./Libs/BSP/STM32H7/BSP_STM32_SDMMC.o
LOAD ./Libs/BSP/STM32H7/BSP_STM32_SDMMC_ll.o
LOAD ./Libs/BSP/STM32H7/BSP_STM32_TIM.o
LOAD ./Libs/BSP/STM32H7/BSP_STM32_UART.o
LOAD ./Libs/ST/system_stm32h7xx_dualcore_boot_cm4_cm7.o
LOAD ./Src/main.o
LOAD ./Src/syscalls.o
LOAD ./Src/sysmem.o
LOAD ./Startup/startup_stm32h747bgtx.o
START GROUP
LOAD C:/ST/STM32CubeIDE_1.11.0/STM32CubeIDE/plugins/com.st.stm32cube.ide.mcu.externaltools.gnu-tools-for-stm32.11.3.rel1.win32_1.1.100.202309141235/tools/bin/../lib/gcc/arm-none-eabi/11.3.1/../../../../arm-none-eabi/lib/thumb/v7e-m+fp/hard\libc_nano.a
LOAD C:/ST/STM32CubeIDE_1.11.0/STM32CubeIDE/plugins/com.st.stm32cube.ide.mcu.externaltools.gnu-tools-for-stm32.11.3.rel1.win32_1.1.100.202309141235/tools/bin/../lib/gcc/arm-none-eabi/11.3.1/../../../../arm-none-eabi/lib/thumb/v7e-m+fp/hard\libm.a
END GROUP
START GROUP
LOAD C:/ST/STM32CubeIDE_1.11.0/STM32CubeIDE/plugins/com.st.stm32cube.ide.mcu.externaltools.gnu-tools-for-stm32.11.3.rel1.win32_1.1.100.202309141235/tools/bin/../lib/gcc/arm-none-eabi/11.3.1/thumb/v7e-m+fp/hard\libgcc.a
LOAD C:/ST/STM32CubeIDE_1.11.0/STM32CubeIDE/plugins/com.st.stm32cube.ide.mcu.externaltools.gnu-tools-for-stm32.11.3.rel1.win32_1.1.100.202309141235/tools/bin/../lib/gcc/arm-none-eabi/11.3.1/../../../../arm-none-eabi/lib/thumb/v7e-m+fp/hard\libc_nano.a
END GROUP
START GROUP
LOAD C:/ST/STM32CubeIDE_1.11.0/STM32CubeIDE/plugins/com.st.stm32cube.ide.mcu.externaltools.gnu-tools-for-stm32.11.3.rel1.win32_1.1.100.202309141235/tools/bin/../lib/gcc/arm-none-eabi/11.3.1/thumb/v7e-m+fp/hard\libgcc.a
LOAD C:/ST/STM32CubeIDE_1.11.0/STM32CubeIDE/plugins/com.st.stm32cube.ide.mcu.externaltools.gnu-tools-for-stm32.11.3.rel1.win32_1.1.100.202309141235/tools/bin/../lib/gcc/arm-none-eabi/11.3.1/../../../../arm-none-eabi/lib/thumb/v7e-m+fp/hard\libc_nano.a
LOAD C:/ST/STM32CubeIDE_1.11.0/STM32CubeIDE/plugins/com.st.stm32cube.ide.mcu.externaltools.gnu-tools-for-stm32.11.3.rel1.win32_1.1.100.202309141235/tools/bin/../lib/gcc/arm-none-eabi/11.3.1/../../../../arm-none-eabi/lib/thumb/v7e-m+fp/hard\libnosys.a
END GROUP
START GROUP
LOAD C:/ST/STM32CubeIDE_1.11.0/STM32CubeIDE/plugins/com.st.stm32cube.ide.mcu.externaltools.gnu-tools-for-stm32.11.3.rel1.win32_1.1.100.202309141235/tools/bin/../lib/gcc/arm-none-eabi/11.3.1/thumb/v7e-m+fp/hard\libgcc.a
LOAD C:/ST/STM32CubeIDE_1.11.0/STM32CubeIDE/plugins/com.st.stm32cube.ide.mcu.externaltools.gnu-tools-for-stm32.11.3.rel1.win32_1.1.100.202309141235/tools/bin/../lib/gcc/arm-none-eabi/11.3.1/../../../../arm-none-eabi/lib/thumb/v7e-m+fp/hard\libc_nano.a
LOAD C:/ST/STM32CubeIDE_1.11.0/STM32CubeIDE/plugins/com.st.stm32cube.ide.mcu.externaltools.gnu-tools-for-stm32.11.3.rel1.win32_1.1.100.202309141235/tools/bin/../lib/gcc/arm-none-eabi/11.3.1/../../../../arm-none-eabi/lib/thumb/v7e-m+fp/hard\libnosys.a
END GROUP
LOAD C:/ST/STM32CubeIDE_1.11.0/STM32CubeIDE/plugins/com.st.stm32cube.ide.mcu.externaltools.gnu-tools-for-stm32.11.3.rel1.win32_1.1.100.202309141235/tools/bin/../lib/gcc/arm-none-eabi/11.3.1/thumb/v7e-m+fp/hard/crtend.o
LOAD C:/ST/STM32CubeIDE_1.11.0/STM32CubeIDE/plugins/com.st.stm32cube.ide.mcu.externaltools.gnu-tools-for-stm32.11.3.rel1.win32_1.1.100.202309141235/tools/bin/../lib/gcc/arm-none-eabi/11.3.1/thumb/v7e-m+fp/hard/crtn.o
                0x0000000010040000                _estack = (ORIGIN (SND_RAM) + LENGTH (SND_RAM))
                0x0000000000000200                _Min_Heap_Size = 0x200
                0x0000000000000400                _Min_Stack_Size = 0x400

.isr_vector     0x0000000008100000      0x298
                0x0000000008100000                . = ALIGN (0x4)
 *(.isr_vector)
 .isr_vector    0x0000000008100000      0x298 ./Startup/startup_stm32h747bgtx.o
                0x0000000008100000                g_pfnVectors
                0x0000000008100298                . = ALIGN (0x4)

.text           0x0000000008100298     0x38f4
                0x0000000008100298                . = ALIGN (0x4)
 *(.text)
 .text          0x0000000008100298       0x40 C:/ST/STM32CubeIDE_1.11.0/STM32CubeIDE/plugins/com.st.stm32cube.ide.mcu.externaltools.gnu-tools-for-stm32.11.3.rel1.win32_1.1.100.202309141235/tools/bin/../lib/gcc/arm-none-eabi/11.3.1/thumb/v7e-m+fp/hard/crtbegin.o
 *(.text*)
 .text.BSP_DRV_Audio_Enable
                0x00000000081002d8       0x18 ./Libs/BSP/Components/MAX98357A.o
                0x00000000081002d8                BSP_DRV_Audio_Enable
 .text.BSP_BOARD_Init_CM4
                0x00000000081002f0       0x46 ./Libs/BSP/Core_CM4/BSP.o
                0x00000000081002f0                BSP_BOARD_Init_CM4
 .text.NMI_Handler
                0x0000000008100336        0x6 ./Libs/BSP/Core_CM4/BSP.o
                0x0000000008100336                NMI_Handler
 .text.HardFault_Handler
                0x000000000810033c        0x6 ./Libs/BSP/Core_CM4/BSP.o
                0x000000000810033c                HardFault_Handler
 .text.MemManage_Handler
                0x0000000008100342        0x6 ./Libs/BSP/Core_CM4/BSP.o
                0x0000000008100342                MemManage_Handler
 .text.BusFault_Handler
                0x0000000008100348        0x6 ./Libs/BSP/Core_CM4/BSP.o
                0x0000000008100348                BusFault_Handler
 .text.UsageFault_Handler
                0x000000000810034e        0x6 ./Libs/BSP/Core_CM4/BSP.o
                0x000000000810034e                UsageFault_Handler
 .text.SVC_Handler
                0x0000000008100354        0xe ./Libs/BSP/Core_CM4/BSP.o
                0x0000000008100354                SVC_Handler
 .text.DebugMon_Handler
                0x0000000008100362        0xe ./Libs/BSP/Core_CM4/BSP.o
                0x0000000008100362                DebugMon_Handler
 .text.PendSV_Handler
                0x0000000008100370        0xe ./Libs/BSP/Core_CM4/BSP.o
                0x0000000008100370                PendSV_Handler
 .text.SysTick_Handler
                0x000000000810037e        0xc ./Libs/BSP/Core_CM4/BSP.o
                0x000000000810037e                SysTick_Handler
 *fill*         0x000000000810038a        0x2 
 .text.SPI3_IRQHandler
                0x000000000810038c       0x18 ./Libs/BSP/Core_CM4/BSP_Audio.o
                0x000000000810038c                SPI3_IRQHandler
 .text.CM7_SEV_IRQHandler
                0x00000000081003a4        0xe ./Libs/BSP/Core_CM4/BSP_Audio.o
                0x00000000081003a4                CM7_SEV_IRQHandler
 *fill*         0x00000000081003b2        0x2 
 .text._AudioCallbackTC
                0x00000000081003b4       0x64 ./Libs/BSP/Core_CM4/BSP_Audio.o
                0x00000000081003b4                _AudioCallbackTC
 .text._AudioCallbackHT
                0x0000000008100418       0x58 ./Libs/BSP/Core_CM4/BSP_Audio.o
                0x0000000008100418                _AudioCallbackHT
 .text._AudioCallbackTE
                0x0000000008100470       0x14 ./Libs/BSP/Core_CM4/BSP_Audio.o
                0x0000000008100470                _AudioCallbackTE
 .text.BSP_Audio_Init
                0x0000000008100484       0x80 ./Libs/BSP/Core_CM4/BSP_Audio.o
                0x0000000008100484                BSP_Audio_Init
 .text.__NVIC_SetPriority
                0x0000000008100504       0x54 ./Libs/BSP/Core_CM4/BSP_STM32.o
 .text.SysTick_Config
                0x0000000008100558       0x44 ./Libs/BSP/Core_CM4/BSP_STM32.o
 .text.BSP_STM32_MPU_Init
                0x000000000810059c      0x1a0 ./Libs/BSP/Core_CM4/BSP_STM32.o
                0x000000000810059c                BSP_STM32_MPU_Init
 .text.BSP_STM32_Init_PeriphClocks
                0x000000000810073c       0x7c ./Libs/BSP/Core_CM4/BSP_STM32.o
                0x000000000810073c                BSP_STM32_Init_PeriphClocks
 .text.BSP_STM32_Init_NVIC
                0x00000000081007b8       0x68 ./Libs/BSP/Core_CM4/BSP_STM32.o
                0x00000000081007b8                BSP_STM32_Init_NVIC
 .text.BSP_STM32_Init_GPIO
                0x0000000008100820       0x74 ./Libs/BSP/Core_CM4/BSP_STM32.o
                0x0000000008100820                BSP_STM32_Init_GPIO
 .text.BSP_TickInit
                0x0000000008100894       0x60 ./Libs/BSP/Core_CM4/BSP_STM32.o
                0x0000000008100894                BSP_TickInit
 .text.BSP_IncTick
                0x00000000081008f4       0x24 ./Libs/BSP/Core_CM4/BSP_STM32.o
                0x00000000081008f4                BSP_IncTick
 .text.BSP_GetTick
                0x0000000008100918       0x18 ./Libs/BSP/Core_CM4/BSP_STM32.o
                0x0000000008100918                BSP_GetTick
 .text.BSP_Delay
                0x0000000008100930       0x38 ./Libs/BSP/Core_CM4/BSP_STM32.o
                0x0000000008100930                BSP_Delay
 .text.memcopy  0x0000000008100968       0x46 ./Libs/BSP/Libs/hxcmod.o
 .text.memclear
                0x00000000081009ae       0x3e ./Libs/BSP/Libs/hxcmod.o
 .text.getnote  0x00000000081009ec       0x4c ./Libs/BSP/Libs/hxcmod.o
 .text.doFunk   0x0000000008100a38       0xc4 ./Libs/BSP/Libs/hxcmod.o
 .text.worknote
                0x0000000008100afc      0xab8 ./Libs/BSP/Libs/hxcmod.o
 .text.workeffect
                0x00000000081015b4      0x514 ./Libs/BSP/Libs/hxcmod.o
 .text.hxcmod_fillbuffer
                0x0000000008101ac8      0x928 ./Libs/BSP/Libs/hxcmod.o
                0x0000000008101ac8                hxcmod_fillbuffer
 .text.BDMA_Stream_IRQHandler
                0x00000000081023f0       0xf4 ./Libs/BSP/STM32H7/BSP_STM32_BDMA.o
                0x00000000081023f0                BDMA_Stream_IRQHandler
 .text.BDMA_Channel0_IRQHandler
                0x00000000081024e4       0x20 ./Libs/BSP/STM32H7/BSP_STM32_BDMA.o
                0x00000000081024e4                BDMA_Channel0_IRQHandler
 .text.BDMA_Channel1_IRQHandler
                0x0000000008102504       0x20 ./Libs/BSP/STM32H7/BSP_STM32_BDMA.o
                0x0000000008102504                BDMA_Channel1_IRQHandler
 .text.BDMA_Channel2_IRQHandler
                0x0000000008102524       0x20 ./Libs/BSP/STM32H7/BSP_STM32_BDMA.o
                0x0000000008102524                BDMA_Channel2_IRQHandler
 .text.BDMA_Channel3_IRQHandler
                0x0000000008102544       0x20 ./Libs/BSP/STM32H7/BSP_STM32_BDMA.o
                0x0000000008102544                BDMA_Channel3_IRQHandler
 .text.BDMA_Channel4_IRQHandler
                0x0000000008102564       0x20 ./Libs/BSP/STM32H7/BSP_STM32_BDMA.o
                0x0000000008102564                BDMA_Channel4_IRQHandler
 .text.BDMA_Channel5_IRQHandler
                0x0000000008102584       0x20 ./Libs/BSP/STM32H7/BSP_STM32_BDMA.o
                0x0000000008102584                BDMA_Channel5_IRQHandler
 .text.BDMA_Channel6_IRQHandler
                0x00000000081025a4       0x20 ./Libs/BSP/STM32H7/BSP_STM32_BDMA.o
                0x00000000081025a4                BDMA_Channel6_IRQHandler
 .text.BDMA_Channel7_IRQHandler
                0x00000000081025c4       0x20 ./Libs/BSP/STM32H7/BSP_STM32_BDMA.o
                0x00000000081025c4                BDMA_Channel7_IRQHandler
 .text.__NVIC_SetPriorityGrouping
                0x00000000081025e4       0x48 ./Libs/BSP/STM32H7/BSP_STM32_CORE.o
 .text.__NVIC_GetPriorityGrouping
                0x000000000810262c       0x1c ./Libs/BSP/STM32H7/BSP_STM32_CORE.o
 .text.__NVIC_EnableIRQ
                0x0000000008102648       0x3c ./Libs/BSP/STM32H7/BSP_STM32_CORE.o
 .text.__NVIC_SetPriority
                0x0000000008102684       0x54 ./Libs/BSP/STM32H7/BSP_STM32_CORE.o
 .text.NVIC_EncodePriority
                0x00000000081026d8       0x66 ./Libs/BSP/STM32H7/BSP_STM32_CORE.o
 .text.BSP_STM32_NVIC_EnableIRQ
                0x000000000810273e       0x1e ./Libs/BSP/STM32H7/BSP_STM32_CORE.o
                0x000000000810273e                BSP_STM32_NVIC_EnableIRQ
 .text.BSP_STM32_NVIC_SetPriority
                0x000000000810275c       0x36 ./Libs/BSP/STM32H7/BSP_STM32_CORE.o
                0x000000000810275c                BSP_STM32_NVIC_SetPriority
 .text.BSP_STM32_NVIC_SetPriorityGrouping
                0x0000000008102792       0x18 ./Libs/BSP/STM32H7/BSP_STM32_CORE.o
                0x0000000008102792                BSP_STM32_NVIC_SetPriorityGrouping
 *fill*         0x00000000081027aa        0x2 
 .text.BSP_STM32_MPU_Enable
                0x00000000081027ac       0x40 ./Libs/BSP/STM32H7/BSP_STM32_CORE.o
                0x00000000081027ac                BSP_STM32_MPU_Enable
 .text.BSP_STM32_MPU_Disable
                0x00000000081027ec       0x30 ./Libs/BSP/STM32H7/BSP_STM32_CORE.o
                0x00000000081027ec                BSP_STM32_MPU_Disable
 .text.BSP_STM32_MPU_ConfigRegion
                0x000000000810281c       0x8c ./Libs/BSP/STM32H7/BSP_STM32_CORE.o
                0x000000000810281c                BSP_STM32_MPU_ConfigRegion
 .text.BSP_STM32_DMA_Init
                0x00000000081028a8       0x98 ./Libs/BSP/STM32H7/BSP_STM32_DMA.o
                0x00000000081028a8                BSP_STM32_DMA_Init
 .text.BSP_STM32_DMA_CtxLink
                0x0000000008102940      0x100 ./Libs/BSP/STM32H7/BSP_STM32_DMA.o
                0x0000000008102940                BSP_STM32_DMA_CtxLink
 .text.DMA_Stream_IRQHandler
                0x0000000008102a40      0x1d8 ./Libs/BSP/STM32H7/BSP_STM32_DMA.o
                0x0000000008102a40                DMA_Stream_IRQHandler
 .text.DMA1_Stream0_IRQHandler
                0x0000000008102c18       0x20 ./Libs/BSP/STM32H7/BSP_STM32_DMA.o
                0x0000000008102c18                DMA1_Stream0_IRQHandler
 .text.DMA1_Stream1_IRQHandler
                0x0000000008102c38       0x20 ./Libs/BSP/STM32H7/BSP_STM32_DMA.o
                0x0000000008102c38                DMA1_Stream1_IRQHandler
 .text.DMA1_Stream2_IRQHandler
                0x0000000008102c58       0x20 ./Libs/BSP/STM32H7/BSP_STM32_DMA.o
                0x0000000008102c58                DMA1_Stream2_IRQHandler
 .text.DMA1_Stream3_IRQHandler
                0x0000000008102c78       0x20 ./Libs/BSP/STM32H7/BSP_STM32_DMA.o
                0x0000000008102c78                DMA1_Stream3_IRQHandler
 .text.DMA1_Stream4_IRQHandler
                0x0000000008102c98       0x20 ./Libs/BSP/STM32H7/BSP_STM32_DMA.o
                0x0000000008102c98                DMA1_Stream4_IRQHandler
 .text.DMA1_Stream5_IRQHandler
                0x0000000008102cb8       0x20 ./Libs/BSP/STM32H7/BSP_STM32_DMA.o
                0x0000000008102cb8                DMA1_Stream5_IRQHandler
 .text.DMA1_Stream6_IRQHandler
                0x0000000008102cd8       0x20 ./Libs/BSP/STM32H7/BSP_STM32_DMA.o
                0x0000000008102cd8                DMA1_Stream6_IRQHandler
 .text.DMA1_Stream7_IRQHandler
                0x0000000008102cf8       0x20 ./Libs/BSP/STM32H7/BSP_STM32_DMA.o
                0x0000000008102cf8                DMA1_Stream7_IRQHandler
 .text.DMA2_Stream0_IRQHandler
                0x0000000008102d18       0x20 ./Libs/BSP/STM32H7/BSP_STM32_DMA.o
                0x0000000008102d18                DMA2_Stream0_IRQHandler
 .text.DMA2_Stream1_IRQHandler
                0x0000000008102d38       0x20 ./Libs/BSP/STM32H7/BSP_STM32_DMA.o
                0x0000000008102d38                DMA2_Stream1_IRQHandler
 .text.DMA2_Stream2_IRQHandler
                0x0000000008102d58       0x20 ./Libs/BSP/STM32H7/BSP_STM32_DMA.o
                0x0000000008102d58                DMA2_Stream2_IRQHandler
 .text.DMA2_Stream3_IRQHandler
                0x0000000008102d78       0x20 ./Libs/BSP/STM32H7/BSP_STM32_DMA.o
                0x0000000008102d78                DMA2_Stream3_IRQHandler
 .text.DMA2_Stream4_IRQHandler
                0x0000000008102d98       0x20 ./Libs/BSP/STM32H7/BSP_STM32_DMA.o
                0x0000000008102d98                DMA2_Stream4_IRQHandler
 .text.DMA2_Stream5_IRQHandler
                0x0000000008102db8       0x20 ./Libs/BSP/STM32H7/BSP_STM32_DMA.o
                0x0000000008102db8                DMA2_Stream5_IRQHandler
 .text.DMA2_Stream6_IRQHandler
                0x0000000008102dd8       0x20 ./Libs/BSP/STM32H7/BSP_STM32_DMA.o
                0x0000000008102dd8                DMA2_Stream6_IRQHandler
 .text.DMA2_Stream7_IRQHandler
                0x0000000008102df8       0x20 ./Libs/BSP/STM32H7/BSP_STM32_DMA.o
                0x0000000008102df8                DMA2_Stream7_IRQHandler
 .text.BSP_STM32_GPIO_Init
                0x0000000008102e18      0x324 ./Libs/BSP/STM32H7/BSP_STM32_GPIO.o
                0x0000000008102e18                BSP_STM32_GPIO_Init
 .text.BSP_STM32_GPIO_WritePin
                0x000000000810313c       0x2c ./Libs/BSP/STM32H7/BSP_STM32_GPIO.o
                0x000000000810313c                BSP_STM32_GPIO_WritePin
 .text.BSP_STM32_HSEM_ActivateNotification
                0x0000000008103168       0x38 ./Libs/BSP/STM32H7/BSP_STM32_HSEM.o
                0x0000000008103168                BSP_STM32_HSEM_ActivateNotification
 .text.BSP_STM32_HSEM_ClearFlag
                0x00000000081031a0       0x38 ./Libs/BSP/STM32H7/BSP_STM32_HSEM.o
                0x00000000081031a0                BSP_STM32_HSEM_ClearFlag
 .text.BSP_STM32_I2S_Init
                0x00000000081031d8      0x1b0 ./Libs/BSP/STM32H7/BSP_STM32_I2S.o
                0x00000000081031d8                BSP_STM32_I2S_Init
 .text.BSP_STM32_I2S_IRQHandler
                0x0000000008103388       0xfc ./Libs/BSP/STM32H7/BSP_STM32_I2S.o
                0x0000000008103388                BSP_STM32_I2S_IRQHandler
 .text.BSP_STM32_PWR_ClearPendingEvent
                0x0000000008103484       0x14 ./Libs/BSP/STM32H7/BSP_STM32_PWR.o
                0x0000000008103484                BSP_STM32_PWR_ClearPendingEvent
 .text.BSP_STM32_PWR_EnterSTOPMode
                0x0000000008103498       0xb8 ./Libs/BSP/STM32H7/BSP_STM32_PWR.o
                0x0000000008103498                BSP_STM32_PWR_EnterSTOPMode
 .text.BSP_STM32_RCC_CLKConfig_I2S3
                0x0000000008103550      0x154 ./Libs/BSP/STM32H7/BSP_STM32_RCC.o
                0x0000000008103550                BSP_STM32_RCC_CLKConfig_I2S3
 .text.BSP_STM32_RCC_GetSysClockFreq
                0x00000000081036a4      0x2f4 ./Libs/BSP/STM32H7/BSP_STM32_RCC.o
                0x00000000081036a4                BSP_STM32_RCC_GetSysClockFreq
 .text.SystemInit
                0x0000000008103998       0x30 ./Libs/ST/system_stm32h7xx_dualcore_boot_cm4_cm7.o
                0x0000000008103998                SystemInit
 .text.main     0x00000000081039c8      0x110 ./Src/main.o
                0x00000000081039c8                main
 .text.Reset_Handler
                0x0000000008103ad8       0x50 ./Startup/startup_stm32h747bgtx.o
                0x0000000008103ad8                Reset_Handler
 .text.Default_Handler
                0x0000000008103b28        0x2 ./Startup/startup_stm32h747bgtx.o
                0x0000000008103b28                RTC_Alarm_IRQHandler
                0x0000000008103b28                EXTI2_IRQHandler
                0x0000000008103b28                TIM8_CC_IRQHandler
                0x0000000008103b28                HRTIM1_Master_IRQHandler
                0x0000000008103b28                UART8_IRQHandler
                0x0000000008103b28                SPI4_IRQHandler
                0x0000000008103b28                TIM1_CC_IRQHandler
                0x0000000008103b28                HRTIM1_FLT_IRQHandler
                0x0000000008103b28                JPEG_IRQHandler
                0x0000000008103b28                HRTIM1_TIMD_IRQHandler
                0x0000000008103b28                TAMP_STAMP_IRQHandler
                0x0000000008103b28                EXTI3_IRQHandler
                0x0000000008103b28                LPTIM4_IRQHandler
                0x0000000008103b28                TIM8_TRG_COM_TIM14_IRQHandler
                0x0000000008103b28                LPTIM2_IRQHandler
                0x0000000008103b28                DFSDM1_FLT1_IRQHandler
                0x0000000008103b28                DMAMUX2_OVR_IRQHandler
                0x0000000008103b28                TIM8_UP_TIM13_IRQHandler
                0x0000000008103b28                I2C3_ER_IRQHandler
                0x0000000008103b28                DFSDM1_FLT2_IRQHandler
                0x0000000008103b28                MDMA_IRQHandler
                0x0000000008103b28                LPTIM3_IRQHandler
                0x0000000008103b28                HSEM1_IRQHandler
                0x0000000008103b28                EXTI0_IRQHandler
                0x0000000008103b28                I2C2_EV_IRQHandler
                0x0000000008103b28                FPU_IRQHandler
                0x0000000008103b28                OTG_HS_WKUP_IRQHandler
                0x0000000008103b28                FDCAN1_IT1_IRQHandler
                0x0000000008103b28                LTDC_ER_IRQHandler
                0x0000000008103b28                HRTIM1_TIME_IRQHandler
                0x0000000008103b28                SPI1_IRQHandler
                0x0000000008103b28                TIM6_DAC_IRQHandler
                0x0000000008103b28                DCMI_IRQHandler
                0x0000000008103b28                HRTIM1_TIMC_IRQHandler
                0x0000000008103b28                SAI2_IRQHandler
                0x0000000008103b28                DFSDM1_FLT3_IRQHandler
                0x0000000008103b28                USART6_IRQHandler
                0x0000000008103b28                TIM17_IRQHandler
                0x0000000008103b28                USART3_IRQHandler
                0x0000000008103b28                LPTIM5_IRQHandler
                0x0000000008103b28                UART5_IRQHandler
                0x0000000008103b28                ADC3_IRQHandler
                0x0000000008103b28                TIM4_IRQHandler
                0x0000000008103b28                QUADSPI_IRQHandler
                0x0000000008103b28                I2C1_EV_IRQHandler
                0x0000000008103b28                DMAMUX1_OVR_IRQHandler
                0x0000000008103b28                TIM16_IRQHandler
                0x0000000008103b28                UART4_IRQHandler
                0x0000000008103b28                TIM3_IRQHandler
                0x0000000008103b28                RCC_IRQHandler
                0x0000000008103b28                TIM8_BRK_TIM12_IRQHandler
                0x0000000008103b28                TIM1_TRG_COM_IRQHandler
                0x0000000008103b28                Default_Handler
                0x0000000008103b28                ECC_IRQHandler
                0x0000000008103b28                CEC_IRQHandler
                0x0000000008103b28                EXTI15_10_IRQHandler
                0x0000000008103b28                ADC_IRQHandler
                0x0000000008103b28                HRTIM1_TIMA_IRQHandler
                0x0000000008103b28                SPI5_IRQHandler
                0x0000000008103b28                TIM7_IRQHandler
                0x0000000008103b28                SDMMC1_IRQHandler
                0x0000000008103b28                TIM5_IRQHandler
                0x0000000008103b28                TIM15_IRQHandler
                0x0000000008103b28                PVD_AVD_IRQHandler
                0x0000000008103b28                I2C3_EV_IRQHandler
                0x0000000008103b28                EXTI9_5_IRQHandler
                0x0000000008103b28                RTC_WKUP_IRQHandler
                0x0000000008103b28                LTDC_IRQHandler
                0x0000000008103b28                SAI3_IRQHandler
                0x0000000008103b28                ETH_WKUP_IRQHandler
                0x0000000008103b28                SPDIF_RX_IRQHandler
                0x0000000008103b28                SPI2_IRQHandler
                0x0000000008103b28                OTG_HS_EP1_IN_IRQHandler
                0x0000000008103b28                CRS_IRQHandler
                0x0000000008103b28                EXTI4_IRQHandler
                0x0000000008103b28                RNG_IRQHandler
                0x0000000008103b28                CM4_SEV_IRQHandler
                0x0000000008103b28                HRTIM1_TIMB_IRQHandler
                0x0000000008103b28                FDCAN2_IT1_IRQHandler
                0x0000000008103b28                DSI_IRQHandler
                0x0000000008103b28                ETH_IRQHandler
                0x0000000008103b28                TIM1_UP_IRQHandler
                0x0000000008103b28                WWDG_RST_IRQHandler
                0x0000000008103b28                OTG_HS_EP1_OUT_IRQHandler
                0x0000000008103b28                WWDG_IRQHandler
                0x0000000008103b28                SPI6_IRQHandler
                0x0000000008103b28                MDIOS_IRQHandler
                0x0000000008103b28                I2C4_EV_IRQHandler
                0x0000000008103b28                FDCAN2_IT0_IRQHandler
                0x0000000008103b28                LPUART1_IRQHandler
                0x0000000008103b28                FDCAN1_IT0_IRQHandler
                0x0000000008103b28                TIM2_IRQHandler
                0x0000000008103b28                OTG_FS_WKUP_IRQHandler
                0x0000000008103b28                OTG_HS_IRQHandler
                0x0000000008103b28                HSEM2_IRQHandler
                0x0000000008103b28                DMA2D_IRQHandler
                0x0000000008103b28                TIM1_BRK_IRQHandler
                0x0000000008103b28                EXTI1_IRQHandler
                0x0000000008103b28                SDMMC2_IRQHandler
                0x0000000008103b28                OTG_FS_EP1_OUT_IRQHandler
                0x0000000008103b28                HOLD_CORE_IRQHandler
                0x0000000008103b28                UART7_IRQHandler
                0x0000000008103b28                MDIOS_WKUP_IRQHandler
                0x0000000008103b28                USART2_IRQHandler
                0x0000000008103b28                DFSDM1_FLT0_IRQHandler
                0x0000000008103b28                SAI4_IRQHandler
                0x0000000008103b28                I2C2_ER_IRQHandler
                0x0000000008103b28                FLASH_IRQHandler
                0x0000000008103b28                USART1_IRQHandler
                0x0000000008103b28                OTG_FS_IRQHandler
                0x0000000008103b28                WAKEUP_PIN_IRQHandler
                0x0000000008103b28                OTG_FS_EP1_IN_IRQHandler
                0x0000000008103b28                I2C1_ER_IRQHandler
                0x0000000008103b28                FMC_IRQHandler
                0x0000000008103b28                FDCAN_CAL_IRQHandler
                0x0000000008103b28                SWPMI1_IRQHandler
                0x0000000008103b28                COMP1_IRQHandler
                0x0000000008103b28                LPTIM1_IRQHandler
                0x0000000008103b28                I2C4_ER_IRQHandler
                0x0000000008103b28                SAI1_IRQHandler
 *fill*         0x0000000008103b2a        0x2 
 .text.__libc_init_array
                0x0000000008103b2c       0x48 C:/ST/STM32CubeIDE_1.11.0/STM32CubeIDE/plugins/com.st.stm32cube.ide.mcu.externaltools.gnu-tools-for-stm32.11.3.rel1.win32_1.1.100.202309141235/tools/bin/../lib/gcc/arm-none-eabi/11.3.1/../../../../arm-none-eabi/lib/thumb/v7e-m+fp/hard\libc_nano.a(libc_a-init.o)
                0x0000000008103b2c                __libc_init_array
 *(.glue_7)
 .glue_7        0x0000000008103b74        0x0 linker stubs
 *(.glue_7t)
 .glue_7t       0x0000000008103b74        0x0 linker stubs
 *(.eh_frame)
 .eh_frame      0x0000000008103b74        0x0 C:/ST/STM32CubeIDE_1.11.0/STM32CubeIDE/plugins/com.st.stm32cube.ide.mcu.externaltools.gnu-tools-for-stm32.11.3.rel1.win32_1.1.100.202309141235/tools/bin/../lib/gcc/arm-none-eabi/11.3.1/thumb/v7e-m+fp/hard/crtbegin.o
 *(.init)
 .init          0x0000000008103b74        0x4 C:/ST/STM32CubeIDE_1.11.0/STM32CubeIDE/plugins/com.st.stm32cube.ide.mcu.externaltools.gnu-tools-for-stm32.11.3.rel1.win32_1.1.100.202309141235/tools/bin/../lib/gcc/arm-none-eabi/11.3.1/thumb/v7e-m+fp/hard/crti.o
                0x0000000008103b74                _init
 .init          0x0000000008103b78        0x8 C:/ST/STM32CubeIDE_1.11.0/STM32CubeIDE/plugins/com.st.stm32cube.ide.mcu.externaltools.gnu-tools-for-stm32.11.3.rel1.win32_1.1.100.202309141235/tools/bin/../lib/gcc/arm-none-eabi/11.3.1/thumb/v7e-m+fp/hard/crtn.o
 *(.fini)
 .fini          0x0000000008103b80        0x4 C:/ST/STM32CubeIDE_1.11.0/STM32CubeIDE/plugins/com.st.stm32cube.ide.mcu.externaltools.gnu-tools-for-stm32.11.3.rel1.win32_1.1.100.202309141235/tools/bin/../lib/gcc/arm-none-eabi/11.3.1/thumb/v7e-m+fp/hard/crti.o
                0x0000000008103b80                _fini
 .fini          0x0000000008103b84        0x8 C:/ST/STM32CubeIDE_1.11.0/STM32CubeIDE/plugins/com.st.stm32cube.ide.mcu.externaltools.gnu-tools-for-stm32.11.3.rel1.win32_1.1.100.202309141235/tools/bin/../lib/gcc/arm-none-eabi/11.3.1/thumb/v7e-m+fp/hard/crtn.o
                0x0000000008103b8c                . = ALIGN (0x4)
                0x0000000008103b8c                _etext = .

.vfp11_veneer   0x0000000008103b8c        0x0
 .vfp11_veneer  0x0000000008103b8c        0x0 linker stubs

.v4_bx          0x0000000008103b8c        0x0
 .v4_bx         0x0000000008103b8c        0x0 linker stubs

.iplt           0x0000000008103b8c        0x0
 .iplt          0x0000000008103b8c        0x0 C:/ST/STM32CubeIDE_1.11.0/STM32CubeIDE/plugins/com.st.stm32cube.ide.mcu.externaltools.gnu-tools-for-stm32.11.3.rel1.win32_1.1.100.202309141235/tools/bin/../lib/gcc/arm-none-eabi/11.3.1/thumb/v7e-m+fp/hard/crtbegin.o

.rodata         0x0000000008103b8c     0x1268
                0x0000000008103b8c                . = ALIGN (0x4)
 *(.rodata)
 *(.rodata*)
 .rodata.periodtable
                0x0000000008103b8c     0x1200 ./Libs/BSP/Libs/hxcmod.o
 .rodata.sintable
                0x0000000008104d8c       0x40 ./Libs/BSP/Libs/hxcmod.o
 .rodata.InvertLoopTable
                0x0000000008104dcc       0x10 ./Libs/BSP/Libs/hxcmod.o
 .rodata.flagBitshiftOffset.0
                0x0000000008104ddc        0x8 ./Libs/BSP/STM32H7/BSP_STM32_DMA.o
 .rodata.D1CorePrescTable
                0x0000000008104de4       0x10 ./Libs/ST/system_stm32h7xx_dualcore_boot_cm4_cm7.o
                0x0000000008104de4                D1CorePrescTable
                0x0000000008104df4                . = ALIGN (0x4)

.rel.dyn        0x0000000008104df4        0x0
 .rel.iplt      0x0000000008104df4        0x0 C:/ST/STM32CubeIDE_1.11.0/STM32CubeIDE/plugins/com.st.stm32cube.ide.mcu.externaltools.gnu-tools-for-stm32.11.3.rel1.win32_1.1.100.202309141235/tools/bin/../lib/gcc/arm-none-eabi/11.3.1/thumb/v7e-m+fp/hard/crtbegin.o

.ARM.extab
 *(.ARM.extab* .gnu.linkonce.armextab.*)

.ARM            0x0000000008104df4        0x0
                0x0000000008104df4                __exidx_start = .
 *(.ARM.exidx*)
                0x0000000008104df4                __exidx_end = .

.preinit_array  0x0000000008104df4        0x0
                0x0000000008104df4                PROVIDE (__preinit_array_start = .)
 *(.preinit_array*)
                0x0000000008104df4                PROVIDE (__preinit_array_end = .)

.init_array     0x0000000008104df4        0x4
                0x0000000008104df4                PROVIDE (__init_array_start = .)
 *(SORT_BY_NAME(.init_array.*))
 *(.init_array*)
 .init_array    0x0000000008104df4        0x4 C:/ST/STM32CubeIDE_1.11.0/STM32CubeIDE/plugins/com.st.stm32cube.ide.mcu.externaltools.gnu-tools-for-stm32.11.3.rel1.win32_1.1.100.202309141235/tools/bin/../lib/gcc/arm-none-eabi/11.3.1/thumb/v7e-m+fp/hard/crtbegin.o
                0x0000000008104df8                PROVIDE (__init_array_end = .)

.fini_array     0x0000000008104df8        0x4
                [!provide]                        PROVIDE (__fini_array_start = .)
 *(SORT_BY_NAME(.fini_array.*))
 *(.fini_array*)
 .fini_array    0x0000000008104df8        0x4 C:/ST/STM32CubeIDE_1.11.0/STM32CubeIDE/plugins/com.st.stm32cube.ide.mcu.externaltools.gnu-tools-for-stm32.11.3.rel1.win32_1.1.100.202309141235/tools/bin/../lib/gcc/arm-none-eabi/11.3.1/thumb/v7e-m+fp/hard/crtbegin.o
                [!provide]                        PROVIDE (__fini_array_end = .)
                0x0000000008104dfc                _sidata = LOADADDR (.data)

.data           0x0000000010000000       0x4c load address 0x0000000008104dfc
                0x0000000010000000                . = ALIGN (0x4)
                0x0000000010000000                _sdata = .
 *(.data)
 *(.data*)
 .data.tickfrequency
                0x0000000010000000        0x4 ./Libs/BSP/Core_CM4/BSP_STM32.o
 .data.periodtable_finetune_ptr
                0x0000000010000004       0x40 ./Libs/BSP/Libs/hxcmod.o
 .data.SystemCoreClock
                0x0000000010000044        0x4 ./Libs/ST/system_stm32h7xx_dualcore_boot_cm4_cm7.o
                0x0000000010000044                SystemCoreClock
 .data.SystemD2Clock
                0x0000000010000048        0x4 ./Libs/ST/system_stm32h7xx_dualcore_boot_cm4_cm7.o
                0x0000000010000048                SystemD2Clock
 *(.RamFunc)
 *(.RamFunc*)
                0x000000001000004c                . = ALIGN (0x4)
                0x000000001000004c                _edata = .

.igot.plt       0x000000001000004c        0x0 load address 0x0000000008104e48
 .igot.plt      0x000000001000004c        0x0 C:/ST/STM32CubeIDE_1.11.0/STM32CubeIDE/plugins/com.st.stm32cube.ide.mcu.externaltools.gnu-tools-for-stm32.11.3.rel1.win32_1.1.100.202309141235/tools/bin/../lib/gcc/arm-none-eabi/11.3.1/thumb/v7e-m+fp/hard/crtbegin.o
                0x000000001000004c                . = ALIGN (0x4)

.bss            0x000000001000004c     0x3458 load address 0x0000000008104e48
                0x000000001000004c                _sbss = .
                0x000000001000004c                __bss_start__ = _sbss
 *(.bss)
 .bss           0x000000001000004c       0x1c C:/ST/STM32CubeIDE_1.11.0/STM32CubeIDE/plugins/com.st.stm32cube.ide.mcu.externaltools.gnu-tools-for-stm32.11.3.rel1.win32_1.1.100.202309141235/tools/bin/../lib/gcc/arm-none-eabi/11.3.1/thumb/v7e-m+fp/hard/crtbegin.o
 *(.bss*)
 .bss.BSP_haudio_ctx
                0x0000000010000068       0x68 ./Libs/BSP/Core_CM4/BSP_Audio.o
                0x0000000010000068                BSP_haudio_ctx
 .bss.AudioBuf  0x00000000100000d0     0x2000 ./Libs/BSP/Core_CM4/BSP_Audio.o
 .bss.modctx    0x00000000100020d0     0x1370 ./Libs/BSP/Core_CM4/BSP_Audio.o
 .bss.tickvalue
                0x0000000010003440        0x4 ./Libs/BSP/Core_CM4/BSP_STM32.o
 .bss.BDMACTXvectors
                0x0000000010003444       0x20 ./Libs/BSP/STM32H7/BSP_STM32_BDMA.o
                0x0000000010003444                BDMACTXvectors
 .bss.DMACTXvectors
                0x0000000010003464       0x40 ./Libs/BSP/STM32H7/BSP_STM32_DMA.o
                0x0000000010003464                DMACTXvectors
 *(COMMON)
                0x00000000100034a4                . = ALIGN (0x4)
                0x00000000100034a4                _ebss = .
                0x00000000100034a4                __bss_end__ = _ebss

._user_heap_stack
                0x00000000100034a4      0x604 load address 0x0000000008104e48
                0x00000000100034a8                . = ALIGN (0x8)
 *fill*         0x00000000100034a4        0x4 
                [!provide]                        PROVIDE (end = .)
                0x00000000100034a8                PROVIDE (_end = .)
                0x00000000100036a8                . = (. + _Min_Heap_Size)
 *fill*         0x00000000100034a8      0x200 
                0x0000000010003aa8                . = (. + _Min_Stack_Size)
 *fill*         0x00000000100036a8      0x400 
                0x0000000010003aa8                . = ALIGN (0x8)

.sh0_ram        0x0000000010040000        0x0
                0x0000000010040000                . = ALIGN (0x4)
 *(.sh0_ram)
 *(.sh0_ram*)
                0x0000000010040000                . = ALIGN (0x4)

/DISCARD/
 libc.a(*)
 libm.a(*)
 libgcc.a(*)

.ARM.attributes
                0x0000000000000000       0x30
 *(.ARM.attributes)
 .ARM.attributes
                0x0000000000000000       0x1e C:/ST/STM32CubeIDE_1.11.0/STM32CubeIDE/plugins/com.st.stm32cube.ide.mcu.externaltools.gnu-tools-for-stm32.11.3.rel1.win32_1.1.100.202309141235/tools/bin/../lib/gcc/arm-none-eabi/11.3.1/thumb/v7e-m+fp/hard/crti.o
 .ARM.attributes
                0x000000000000001e       0x34 C:/ST/STM32CubeIDE_1.11.0/STM32CubeIDE/plugins/com.st.stm32cube.ide.mcu.externaltools.gnu-tools-for-stm32.11.3.rel1.win32_1.1.100.202309141235/tools/bin/../lib/gcc/arm-none-eabi/11.3.1/thumb/v7e-m+fp/hard/crtbegin.o
 .ARM.attributes
                0x0000000000000052       0x34 ./Libs/BSP/Components/MAX98357A.o
 .ARM.attributes
                0x0000000000000086       0x34 ./Libs/BSP/Core_CM4/BSP.o
 .ARM.attributes
                0x00000000000000ba       0x34 ./Libs/BSP/Core_CM4/BSP_Audio.o
 .ARM.attributes
                0x00000000000000ee       0x34 ./Libs/BSP/Core_CM4/BSP_STM32.o
 .ARM.attributes
                0x0000000000000122       0x34 ./Libs/BSP/Libs/hxcmod.o
 .ARM.attributes
                0x0000000000000156       0x34 ./Libs/BSP/STM32H7/BSP_STM32_BDMA.o
 .ARM.attributes
                0x000000000000018a       0x34 ./Libs/BSP/STM32H7/BSP_STM32_CORE.o
 .ARM.attributes
                0x00000000000001be       0x34 ./Libs/BSP/STM32H7/BSP_STM32_DMA.o
 .ARM.attributes
                0x00000000000001f2       0x34 ./Libs/BSP/STM32H7/BSP_STM32_GPIO.o
 .ARM.attributes
                0x0000000000000226       0x34 ./Libs/BSP/STM32H7/BSP_STM32_HSEM.o
 .ARM.attributes
                0x000000000000025a       0x34 ./Libs/BSP/STM32H7/BSP_STM32_I2S.o
 .ARM.attributes
                0x000000000000028e       0x34 ./Libs/BSP/STM32H7/BSP_STM32_PWR.o
 .ARM.attributes
                0x00000000000002c2       0x34 ./Libs/BSP/STM32H7/BSP_STM32_RCC.o
 .ARM.attributes
                0x00000000000002f6       0x34 ./Libs/ST/system_stm32h7xx_dualcore_boot_cm4_cm7.o
 .ARM.attributes
                0x000000000000032a       0x34 ./Src/main.o
 .ARM.attributes
                0x000000000000035e       0x21 ./Startup/startup_stm32h747bgtx.o
 .ARM.attributes
                0x000000000000037f       0x34 C:/ST/STM32CubeIDE_1.11.0/STM32CubeIDE/plugins/com.st.stm32cube.ide.mcu.externaltools.gnu-tools-for-stm32.11.3.rel1.win32_1.1.100.202309141235/tools/bin/../lib/gcc/arm-none-eabi/11.3.1/../../../../arm-none-eabi/lib/thumb/v7e-m+fp/hard\libc_nano.a(libc_a-init.o)
 .ARM.attributes
                0x00000000000003b3       0x1e C:/ST/STM32CubeIDE_1.11.0/STM32CubeIDE/plugins/com.st.stm32cube.ide.mcu.externaltools.gnu-tools-for-stm32.11.3.rel1.win32_1.1.100.202309141235/tools/bin/../lib/gcc/arm-none-eabi/11.3.1/thumb/v7e-m+fp/hard/crtn.o
OUTPUT(Mini-Console-3-Firmware_CM4.elf elf32-littlearm)
LOAD linker stubs
LOAD C:/ST/STM32CubeIDE_1.11.0/STM32CubeIDE/plugins/com.st.stm32cube.ide.mcu.externaltools.gnu-tools-for-stm32.11.3.rel1.win32_1.1.100.202309141235/tools/bin/../lib/gcc/arm-none-eabi/11.3.1/../../../../arm-none-eabi/lib/thumb/v7e-m+fp/hard\libc.a
LOAD C:/ST/STM32CubeIDE_1.11.0/STM32CubeIDE/plugins/com.st.stm32cube.ide.mcu.externaltools.gnu-tools-for-stm32.11.3.rel1.win32_1.1.100.202309141235/tools/bin/../lib/gcc/arm-none-eabi/11.3.1/../../../../arm-none-eabi/lib/thumb/v7e-m+fp/hard\libm.a
LOAD C:/ST/STM32CubeIDE_1.11.0/STM32CubeIDE/plugins/com.st.stm32cube.ide.mcu.externaltools.gnu-tools-for-stm32.11.3.rel1.win32_1.1.100.202309141235/tools/bin/../lib/gcc/arm-none-eabi/11.3.1/thumb/v7e-m+fp/hard\libgcc.a

.comment        0x0000000000000000       0x43
 .comment       0x0000000000000000       0x43 C:/ST/STM32CubeIDE_1.11.0/STM32CubeIDE/plugins/com.st.stm32cube.ide.mcu.externaltools.gnu-tools-for-stm32.11.3.rel1.win32_1.1.100.202309141235/tools/bin/../lib/gcc/arm-none-eabi/11.3.1/thumb/v7e-m+fp/hard/crtbegin.o
                                         0x44 (size before relaxing)
 .comment       0x0000000000000043       0x44 ./Libs/BSP/Components/MAX98357A.o
 .comment       0x0000000000000043       0x44 ./Libs/BSP/Core_CM4/BSP.o
 .comment       0x0000000000000043       0x44 ./Libs/BSP/Core_CM4/BSP_Audio.o
 .comment       0x0000000000000043       0x44 ./Libs/BSP/Core_CM4/BSP_STM32.o
 .comment       0x0000000000000043       0x44 ./Libs/BSP/Libs/hxcmod.o
 .comment       0x0000000000000043       0x44 ./Libs/BSP/STM32H7/BSP_STM32_BDMA.o
 .comment       0x0000000000000043       0x44 ./Libs/BSP/STM32H7/BSP_STM32_CORE.o
 .comment       0x0000000000000043       0x44 ./Libs/BSP/STM32H7/BSP_STM32_DMA.o
 .comment       0x0000000000000043       0x44 ./Libs/BSP/STM32H7/BSP_STM32_GPIO.o
 .comment       0x0000000000000043       0x44 ./Libs/BSP/STM32H7/BSP_STM32_HSEM.o
 .comment       0x0000000000000043       0x44 ./Libs/BSP/STM32H7/BSP_STM32_I2S.o
 .comment       0x0000000000000043       0x44 ./Libs/BSP/STM32H7/BSP_STM32_PWR.o
 .comment       0x0000000000000043       0x44 ./Libs/BSP/STM32H7/BSP_STM32_RCC.o
 .comment       0x0000000000000043       0x44 ./Libs/ST/system_stm32h7xx_dualcore_boot_cm4_cm7.o
 .comment       0x0000000000000043       0x44 ./Src/main.o

.debug_info     0x0000000000000000     0x7ab9
 .debug_info    0x0000000000000000      0x1c1 ./Libs/BSP/Components/MAX98357A.o
 .debug_info    0x00000000000001c1      0x1aa ./Libs/BSP/Core_CM4/BSP.o
 .debug_info    0x000000000000036b      0xda9 ./Libs/BSP/Core_CM4/BSP_Audio.o
 .debug_info    0x0000000000001114      0xfd8 ./Libs/BSP/Core_CM4/BSP_STM32.o
 .debug_info    0x00000000000020ec      0xd9c ./Libs/BSP/Libs/hxcmod.o
 .debug_info    0x0000000000002e88      0x4ef ./Libs/BSP/STM32H7/BSP_STM32_BDMA.o
 .debug_info    0x0000000000003377      0xad5 ./Libs/BSP/STM32H7/BSP_STM32_CORE.o
 .debug_info    0x0000000000003e4c      0x665 ./Libs/BSP/STM32H7/BSP_STM32_DMA.o
 .debug_info    0x00000000000044b1      0x7d2 ./Libs/BSP/STM32H7/BSP_STM32_GPIO.o
 .debug_info    0x0000000000004c83      0x363 ./Libs/BSP/STM32H7/BSP_STM32_HSEM.o
 .debug_info    0x0000000000004fe6      0xa1d ./Libs/BSP/STM32H7/BSP_STM32_I2S.o
 .debug_info    0x0000000000005a03      0x652 ./Libs/BSP/STM32H7/BSP_STM32_PWR.o
 .debug_info    0x0000000000006055      0xd03 ./Libs/BSP/STM32H7/BSP_STM32_RCC.o
 .debug_info    0x0000000000006d58      0x761 ./Libs/ST/system_stm32h7xx_dualcore_boot_cm4_cm7.o
 .debug_info    0x00000000000074b9      0x5dd ./Src/main.o
 .debug_info    0x0000000000007a96       0x23 ./Startup/startup_stm32h747bgtx.o

.debug_abbrev   0x0000000000000000     0x19dd
 .debug_abbrev  0x0000000000000000       0xda ./Libs/BSP/Components/MAX98357A.o
 .debug_abbrev  0x00000000000000da       0xb6 ./Libs/BSP/Core_CM4/BSP.o
 .debug_abbrev  0x0000000000000190      0x2f9 ./Libs/BSP/Core_CM4/BSP_Audio.o
 .debug_abbrev  0x0000000000000489      0x28e ./Libs/BSP/Core_CM4/BSP_STM32.o
 .debug_abbrev  0x0000000000000717      0x26a ./Libs/BSP/Libs/hxcmod.o
 .debug_abbrev  0x0000000000000981      0x1b2 ./Libs/BSP/STM32H7/BSP_STM32_BDMA.o
 .debug_abbrev  0x0000000000000b33      0x244 ./Libs/BSP/STM32H7/BSP_STM32_CORE.o
 .debug_abbrev  0x0000000000000d77      0x1e1 ./Libs/BSP/STM32H7/BSP_STM32_DMA.o
 .debug_abbrev  0x0000000000000f58      0x12a ./Libs/BSP/STM32H7/BSP_STM32_GPIO.o
 .debug_abbrev  0x0000000000001082      0x13b ./Libs/BSP/STM32H7/BSP_STM32_HSEM.o
 .debug_abbrev  0x00000000000011bd      0x1b1 ./Libs/BSP/STM32H7/BSP_STM32_I2S.o
 .debug_abbrev  0x000000000000136e      0x18c ./Libs/BSP/STM32H7/BSP_STM32_PWR.o
 .debug_abbrev  0x00000000000014fa      0x20d ./Libs/BSP/STM32H7/BSP_STM32_RCC.o
 .debug_abbrev  0x0000000000001707      0x138 ./Libs/ST/system_stm32h7xx_dualcore_boot_cm4_cm7.o
 .debug_abbrev  0x000000000000183f      0x18c ./Src/main.o
 .debug_abbrev  0x00000000000019cb       0x12 ./Startup/startup_stm32h747bgtx.o

.debug_aranges  0x0000000000000000      0x5f0
 .debug_aranges
                0x0000000000000000       0x28 ./Libs/BSP/Components/MAX98357A.o
 .debug_aranges
                0x0000000000000028       0x68 ./Libs/BSP/Core_CM4/BSP.o
 .debug_aranges
                0x0000000000000090       0x70 ./Libs/BSP/Core_CM4/BSP_Audio.o
 .debug_aranges
                0x0000000000000100       0x68 ./Libs/BSP/Core_CM4/BSP_STM32.o
 .debug_aranges
                0x0000000000000168       0x70 ./Libs/BSP/Libs/hxcmod.o
 .debug_aranges
                0x00000000000001d8       0x78 ./Libs/BSP/STM32H7/BSP_STM32_BDMA.o
 .debug_aranges
                0x0000000000000250       0x70 ./Libs/BSP/STM32H7/BSP_STM32_CORE.o
 .debug_aranges
                0x00000000000002c0       0xc8 ./Libs/BSP/STM32H7/BSP_STM32_DMA.o
 .debug_aranges
                0x0000000000000388       0x38 ./Libs/BSP/STM32H7/BSP_STM32_GPIO.o
 .debug_aranges
                0x00000000000003c0       0x58 ./Libs/BSP/STM32H7/BSP_STM32_HSEM.o
 .debug_aranges
                0x0000000000000418       0x58 ./Libs/BSP/STM32H7/BSP_STM32_I2S.o
 .debug_aranges
                0x0000000000000470       0x48 ./Libs/BSP/STM32H7/BSP_STM32_PWR.o
 .debug_aranges
                0x00000000000004b8       0xc8 ./Libs/BSP/STM32H7/BSP_STM32_RCC.o
 .debug_aranges
                0x0000000000000580       0x28 ./Libs/ST/system_stm32h7xx_dualcore_boot_cm4_cm7.o
 .debug_aranges
                0x00000000000005a8       0x20 ./Src/main.o
 .debug_aranges
                0x00000000000005c8       0x28 ./Startup/startup_stm32h747bgtx.o

.debug_rnglists
                0x0000000000000000      0x447
 .debug_rnglists
                0x0000000000000000       0x19 ./Libs/BSP/Components/MAX98357A.o
 .debug_rnglists
                0x0000000000000019       0x49 ./Libs/BSP/Core_CM4/BSP.o
 .debug_rnglists
                0x0000000000000062       0x50 ./Libs/BSP/Core_CM4/BSP_Audio.o
 .debug_rnglists
                0x00000000000000b2       0x4a ./Libs/BSP/Core_CM4/BSP_STM32.o
 .debug_rnglists
                0x00000000000000fc       0x55 ./Libs/BSP/Libs/hxcmod.o
 .debug_rnglists
                0x0000000000000151       0x59 ./Libs/BSP/STM32H7/BSP_STM32_BDMA.o
 .debug_rnglists
                0x00000000000001aa       0x50 ./Libs/BSP/STM32H7/BSP_STM32_CORE.o
 .debug_rnglists
                0x00000000000001fa       0x95 ./Libs/BSP/STM32H7/BSP_STM32_DMA.o
 .debug_rnglists
                0x000000000000028f       0x26 ./Libs/BSP/STM32H7/BSP_STM32_GPIO.o
 .debug_rnglists
                0x00000000000002b5       0x3d ./Libs/BSP/STM32H7/BSP_STM32_HSEM.o
 .debug_rnglists
                0x00000000000002f2       0x40 ./Libs/BSP/STM32H7/BSP_STM32_I2S.o
 .debug_rnglists
                0x0000000000000332       0x34 ./Libs/BSP/STM32H7/BSP_STM32_PWR.o
 .debug_rnglists
                0x0000000000000366       0x9a ./Libs/BSP/STM32H7/BSP_STM32_RCC.o
 .debug_rnglists
                0x0000000000000400       0x1a ./Libs/ST/system_stm32h7xx_dualcore_boot_cm4_cm7.o
 .debug_rnglists
                0x000000000000041a       0x14 ./Src/main.o
 .debug_rnglists
                0x000000000000042e       0x19 ./Startup/startup_stm32h747bgtx.o

.debug_macro    0x0000000000000000     0x3482
 .debug_macro   0x0000000000000000      0x2b6 ./Libs/BSP/Components/MAX98357A.o
 .debug_macro   0x00000000000002b6       0x10 ./Libs/BSP/Components/MAX98357A.o
 .debug_macro   0x00000000000002c6      0x2dc ./Libs/BSP/Core_CM4/BSP.o
 .debug_macro   0x00000000000005a2       0x16 ./Libs/BSP/Core_CM4/BSP.o
 .debug_macro   0x00000000000005b8       0x2e ./Libs/BSP/Core_CM4/BSP.o
 .debug_macro   0x00000000000005e6       0x82 ./Libs/BSP/Core_CM4/BSP.o
 .debug_macro   0x0000000000000668      0x2d2 ./Libs/BSP/Core_CM4/BSP_Audio.o
 .debug_macro   0x000000000000093a      0x2a7 ./Libs/BSP/Core_CM4/BSP_STM32.o
 .debug_macro   0x0000000000000be1       0xe7 ./Libs/BSP/Libs/hxcmod.o
 .debug_macro   0x0000000000000cc8      0x2b1 ./Libs/BSP/STM32H7/BSP_STM32_BDMA.o
 .debug_macro   0x0000000000000f79      0x1a2 ./Libs/BSP/STM32H7/BSP_STM32_BDMA.o
 .debug_macro   0x000000000000111b      0x1ce ./Libs/BSP/STM32H7/BSP_STM32_CORE.o
 .debug_macro   0x00000000000012e9      0x1c9 ./Libs/BSP/STM32H7/BSP_STM32_CORE.o
 .debug_macro   0x00000000000014b2      0x2b1 ./Libs/BSP/STM32H7/BSP_STM32_DMA.o
 .debug_macro   0x0000000000001763      0x1e0 ./Libs/BSP/STM32H7/BSP_STM32_GPIO.o
 .debug_macro   0x0000000000001943      0x46a ./Libs/BSP/STM32H7/BSP_STM32_GPIO.o
 .debug_macro   0x0000000000001dad      0x1c9 ./Libs/BSP/STM32H7/BSP_STM32_HSEM.o
 .debug_macro   0x0000000000001f76      0x2bb ./Libs/BSP/STM32H7/BSP_STM32_I2S.o
 .debug_macro   0x0000000000002231      0x12a ./Libs/BSP/STM32H7/BSP_STM32_I2S.o
 .debug_macro   0x000000000000235b      0x2b1 ./Libs/BSP/STM32H7/BSP_STM32_PWR.o
 .debug_macro   0x000000000000260c      0x2b1 ./Libs/BSP/STM32H7/BSP_STM32_RCC.o
 .debug_macro   0x00000000000028bd      0x609 ./Libs/BSP/STM32H7/BSP_STM32_RCC.o
 .debug_macro   0x0000000000002ec6      0x190 ./Libs/ST/system_stm32h7xx_dualcore_boot_cm4_cm7.o
 .debug_macro   0x0000000000003056       0x8e ./Libs/ST/system_stm32h7xx_dualcore_boot_cm4_cm7.o
 .debug_macro   0x00000000000030e4       0x51 ./Libs/ST/system_stm32h7xx_dualcore_boot_cm4_cm7.o
 .debug_macro   0x0000000000003135       0x61 ./Libs/ST/system_stm32h7xx_dualcore_boot_cm4_cm7.o
 .debug_macro   0x0000000000003196      0x2ec ./Src/main.o

.debug_line     0x0000000000000000     0xaaf6
 .debug_line    0x0000000000000000      0x902 ./Libs/BSP/Components/MAX98357A.o
 .debug_line    0x0000000000000902      0xa6f ./Libs/BSP/Core_CM4/BSP.o
 .debug_line    0x0000000000001371      0xab1 ./Libs/BSP/Core_CM4/BSP_Audio.o
 .debug_line    0x0000000000001e22      0xb3a ./Libs/BSP/Core_CM4/BSP_STM32.o
 .debug_line    0x000000000000295c     0x1142 ./Libs/BSP/Libs/hxcmod.o
 .debug_line    0x0000000000003a9e      0xbd3 ./Libs/BSP/STM32H7/BSP_STM32_BDMA.o
 .debug_line    0x0000000000004671      0x942 ./Libs/BSP/STM32H7/BSP_STM32_CORE.o
 .debug_line    0x0000000000004fb3      0xeed ./Libs/BSP/STM32H7/BSP_STM32_DMA.o
 .debug_line    0x0000000000005ea0      0x97e ./Libs/BSP/STM32H7/BSP_STM32_GPIO.o
 .debug_line    0x000000000000681e      0x83e ./Libs/BSP/STM32H7/BSP_STM32_HSEM.o
 .debug_line    0x000000000000705c      0xb63 ./Libs/BSP/STM32H7/BSP_STM32_I2S.o
 .debug_line    0x0000000000007bbf      0xa8c ./Libs/BSP/STM32H7/BSP_STM32_PWR.o
 .debug_line    0x000000000000864b     0x12d6 ./Libs/BSP/STM32H7/BSP_STM32_RCC.o
 .debug_line    0x0000000000009921      0x7a1 ./Libs/ST/system_stm32h7xx_dualcore_boot_cm4_cm7.o
 .debug_line    0x000000000000a0c2      0x9ba ./Src/main.o
 .debug_line    0x000000000000aa7c       0x7a ./Startup/startup_stm32h747bgtx.o

.debug_str      0x0000000000000000   0x11e506
 .debug_str     0x0000000000000000   0x11b396 ./Libs/BSP/Components/MAX98357A.o
                                     0x11b726 (size before relaxing)
 .debug_str     0x000000000011b396      0x420 ./Libs/BSP/Core_CM4/BSP.o
                                     0x11ba5f (size before relaxing)
 .debug_str     0x000000000011b7b6      0x7cf ./Libs/BSP/Core_CM4/BSP_Audio.o
                                     0x11c199 (size before relaxing)
 .debug_str     0x000000000011bf85      0xcbb ./Libs/BSP/Core_CM4/BSP_STM32.o
                                     0x11c462 (size before relaxing)
 .debug_str     0x000000000011cc40      0x58a ./Libs/BSP/Libs/hxcmod.o
                                       0x39b0 (size before relaxing)
 .debug_str     0x000000000011d1ca      0x267 ./Libs/BSP/STM32H7/BSP_STM32_BDMA.o
                                     0x11b95f (size before relaxing)
 .debug_str     0x000000000011d431      0x15b ./Libs/BSP/STM32H7/BSP_STM32_CORE.o
                                     0x10d8fc (size before relaxing)
 .debug_str     0x000000000011d58c      0x27e ./Libs/BSP/STM32H7/BSP_STM32_DMA.o
                                     0x11ba7c (size before relaxing)
 .debug_str     0x000000000011d80a      0x259 ./Libs/BSP/STM32H7/BSP_STM32_GPIO.o
                                     0x10dbee (size before relaxing)
 .debug_str     0x000000000011da63      0x199 ./Libs/BSP/STM32H7/BSP_STM32_HSEM.o
                                     0x10c305 (size before relaxing)
 .debug_str     0x000000000011dbfc      0x12c ./Libs/BSP/STM32H7/BSP_STM32_I2S.o
                                     0x11bb7a (size before relaxing)
 .debug_str     0x000000000011dd28      0x176 ./Libs/BSP/STM32H7/BSP_STM32_PWR.o
                                     0x11b894 (size before relaxing)
 .debug_str     0x000000000011de9e      0x4ef ./Libs/BSP/STM32H7/BSP_STM32_RCC.o
                                     0x11bdc7 (size before relaxing)
 .debug_str     0x000000000011e38d      0x11b ./Libs/ST/system_stm32h7xx_dualcore_boot_cm4_cm7.o
                                     0x10c10c (size before relaxing)
 .debug_str     0x000000000011e4a8       0x2f ./Src/main.o
                                     0x11bca1 (size before relaxing)
 .debug_str     0x000000000011e4d7       0x2f ./Startup/startup_stm32h747bgtx.o
                                         0x63 (size before relaxing)

.debug_frame    0x0000000000000000     0x13f4
 .debug_frame   0x0000000000000000       0x48 ./Libs/BSP/Components/MAX98357A.o
 .debug_frame   0x0000000000000048      0x120 ./Libs/BSP/Core_CM4/BSP.o
 .debug_frame   0x0000000000000168      0x178 ./Libs/BSP/Core_CM4/BSP_Audio.o
 .debug_frame   0x00000000000002e0      0x174 ./Libs/BSP/Core_CM4/BSP_STM32.o
 .debug_frame   0x0000000000000454      0x1c0 ./Libs/BSP/Libs/hxcmod.o
 .debug_frame   0x0000000000000614      0x18c ./Libs/BSP/STM32H7/BSP_STM32_BDMA.o
 .debug_frame   0x00000000000007a0      0x1ac ./Libs/BSP/STM32H7/BSP_STM32_CORE.o
 .debug_frame   0x000000000000094c      0x2b8 ./Libs/BSP/STM32H7/BSP_STM32_DMA.o
 .debug_frame   0x0000000000000c04       0xb0 ./Libs/BSP/STM32H7/BSP_STM32_GPIO.o
 .debug_frame   0x0000000000000cb4      0x150 ./Libs/BSP/STM32H7/BSP_STM32_HSEM.o
 .debug_frame   0x0000000000000e04      0x144 ./Libs/BSP/STM32H7/BSP_STM32_I2S.o
 .debug_frame   0x0000000000000f48       0xe8 ./Libs/BSP/STM32H7/BSP_STM32_PWR.o
 .debug_frame   0x0000000000001030      0x310 ./Libs/BSP/STM32H7/BSP_STM32_RCC.o
 .debug_frame   0x0000000000001340       0x58 ./Libs/ST/system_stm32h7xx_dualcore_boot_cm4_cm7.o
 .debug_frame   0x0000000000001398       0x30 ./Src/main.o
 .debug_frame   0x00000000000013c8       0x2c C:/ST/STM32CubeIDE_1.11.0/STM32CubeIDE/plugins/com.st.stm32cube.ide.mcu.externaltools.gnu-tools-for-stm32.11.3.rel1.win32_1.1.100.202309141235/tools/bin/../lib/gcc/arm-none-eabi/11.3.1/../../../../arm-none-eabi/lib/thumb/v7e-m+fp/hard\libc_nano.a(libc_a-init.o)

.debug_line_str
                0x0000000000000000       0x57
 .debug_line_str
                0x0000000000000000       0x57 ./Startup/startup_stm32h747bgtx.o
                                         0x6f (size before relaxing)
