C:/Projects/STM32/Mini-Console-3-Firmware/Libs/TinyUSB/device/usbd.c:246:43:get_driver	16	static
C:/Projects/STM32/Mini-Console-3-Firmware/Libs/TinyUSB/device/usbd.c:334:14:tud_speed_get	4	static
C:/Projects/STM32/Mini-Console-3-Firmware/Libs/TinyUSB/device/usbd.c:339:6:tud_connected	4	static
C:/Projects/STM32/Mini-Console-3-Firmware/Libs/TinyUSB/device/usbd.c:344:6:tud_mounted	4	static
C:/Projects/STM32/Mini-Console-3-Firmware/Libs/TinyUSB/device/usbd.c:349:6:tud_suspended	4	static
C:/Projects/STM32/Mini-Console-3-Firmware/Libs/TinyUSB/device/usbd.c:354:6:tud_remote_wakeup	8	static
C:/Projects/STM32/Mini-Console-3-Firmware/Libs/TinyUSB/device/usbd.c:362:6:tud_disconnect	8	static
C:/Projects/STM32/Mini-Console-3-Firmware/Libs/TinyUSB/device/usbd.c:369:6:tud_connect	8	static
C:/Projects/STM32/Mini-Console-3-Firmware/Libs/TinyUSB/device/usbd.c:379:6:tud_inited	4	static
C:/Projects/STM32/Mini-Console-3-Firmware/Libs/TinyUSB/device/usbd.c:384:6:tud_init	40	static,ignoring_inline_asm
C:/Projects/STM32/Mini-Console-3-Firmware/Libs/TinyUSB/device/usbd.c:430:13:configuration_reset	32	static,ignoring_inline_asm
C:/Projects/STM32/Mini-Console-3-Firmware/Libs/TinyUSB/device/usbd.c:444:13:usbd_reset	16	static
C:/Projects/STM32/Mini-Console-3-Firmware/Libs/TinyUSB/device/usbd.c:450:6:tud_task_event_ready	16	static
C:/Projects/STM32/Mini-Console-3-Firmware/Libs/TinyUSB/device/usbd.c:476:6:tud_task_ext	80	static,ignoring_inline_asm
C:/Projects/STM32/Mini-Console-3-Firmware/Libs/TinyUSB/device/usbd.c:609:13:invoke_class_control	24	static
C:/Projects/STM32/Mini-Console-3-Firmware/Libs/TinyUSB/device/usbd.c:618:13:process_control_request	88	static,ignoring_inline_asm
C:/Projects/STM32/Mini-Console-3-Firmware/Libs/TinyUSB/device/usbd.c:870:13:process_set_config	88	static,ignoring_inline_asm
C:/Projects/STM32/Mini-Console-3-Firmware/Libs/TinyUSB/device/usbd.c:966:13:process_get_descriptor	88	static,ignoring_inline_asm
C:/Projects/STM32/Mini-Console-3-Firmware/Libs/TinyUSB/device/usbd.c:1074:24:dcd_event_handler	176	static,ignoring_inline_asm
C:/Projects/STM32/Mini-Console-3-Firmware/Libs/TinyUSB/device/usbd.c:1141:6:usbd_int_set	16	static
C:/Projects/STM32/Mini-Console-3-Firmware/Libs/TinyUSB/device/usbd.c:1153:6:usbd_open_edpt_pair	48	static,ignoring_inline_asm
C:/Projects/STM32/Mini-Console-3-Firmware/Libs/TinyUSB/device/usbd.c:1177:6:usbd_defer_func	40	static
C:/Projects/STM32/Mini-Console-3-Firmware/Libs/TinyUSB/device/usbd.c:1195:6:usbd_edpt_open	32	static,ignoring_inline_asm
C:/Projects/STM32/Mini-Console-3-Firmware/Libs/TinyUSB/device/usbd.c:1205:6:usbd_edpt_claim	32	static
C:/Projects/STM32/Mini-Console-3-Firmware/Libs/TinyUSB/device/usbd.c:1219:6:usbd_edpt_release	32	static
C:/Projects/STM32/Mini-Console-3-Firmware/Libs/TinyUSB/device/usbd.c:1230:6:usbd_edpt_xfer	32	static,ignoring_inline_asm
C:/Projects/STM32/Mini-Console-3-Firmware/Libs/TinyUSB/device/usbd.c:1267:6:usbd_edpt_xfer_fifo	32	static,ignoring_inline_asm
C:/Projects/STM32/Mini-Console-3-Firmware/Libs/TinyUSB/device/usbd.c:1298:6:usbd_edpt_busy	24	static
C:/Projects/STM32/Mini-Console-3-Firmware/Libs/TinyUSB/device/usbd.c:1308:6:usbd_edpt_stall	24	static
C:/Projects/STM32/Mini-Console-3-Firmware/Libs/TinyUSB/device/usbd.c:1325:6:usbd_edpt_clear_stall	24	static
C:/Projects/STM32/Mini-Console-3-Firmware/Libs/TinyUSB/device/usbd.c:1342:6:usbd_edpt_stalled	24	static
C:/Projects/STM32/Mini-Console-3-Firmware/Libs/TinyUSB/device/usbd.c:1358:6:usbd_edpt_close	32	static,ignoring_inline_asm
C:/Projects/STM32/Mini-Console-3-Firmware/Libs/TinyUSB/device/usbd.c:1376:6:usbd_sof_enable	16	static
C:/Projects/STM32/Mini-Console-3-Firmware/Libs/TinyUSB/device/usbd.c:1385:6:usbd_edpt_iso_alloc	32	static,ignoring_inline_asm
C:/Projects/STM32/Mini-Console-3-Firmware/Libs/TinyUSB/device/usbd.c:1395:6:usbd_edpt_iso_activate	40	static,ignoring_inline_asm
