C:/Projects/STM32/Mini-Console-3-Firmware/Libs/TinyUSB/portable/synopsys/dwc2/dcd_dwc2.c:560:6:dcd_int_enable	0	static,ignoring_inline_asm
C:/Projects/STM32/Mini-Console-3-Firmware/Libs/TinyUSB/portable/synopsys/dwc2/dcd_dwc2.c:565:6:dcd_int_disable	0	static,ignoring_inline_asm
C:/Projects/STM32/Mini-Console-3-Firmware/Libs/TinyUSB/portable/synopsys/dwc2/dcd_dwc2.c:570:6:dcd_set_address	8	static
C:/Projects/STM32/Mini-Console-3-Firmware/Libs/TinyUSB/portable/synopsys/dwc2/dcd_dwc2.c:579:6:dcd_remote_wakeup	8	static,ignoring_inline_asm
C:/Projects/STM32/Mini-Console-3-Firmware/Libs/TinyUSB/portable/synopsys/dwc2/dcd_dwc2.c:598:6:dcd_connect	0	static
C:/Projects/STM32/Mini-Console-3-Firmware/Libs/TinyUSB/portable/synopsys/dwc2/dcd_dwc2.c:605:6:dcd_disconnect	0	static
C:/Projects/STM32/Mini-Console-3-Firmware/Libs/TinyUSB/portable/synopsys/dwc2/dcd_dwc2.c:487:6:dcd_init	16	static,ignoring_inline_asm
C:/Projects/STM32/Mini-Console-3-Firmware/Libs/TinyUSB/portable/synopsys/dwc2/dcd_dwc2.c:613:6:dcd_sof_enable	0	static
C:/Projects/STM32/Mini-Console-3-Firmware/Libs/TinyUSB/portable/synopsys/dwc2/dcd_dwc2.c:635:6:dcd_edpt_open	28	static,ignoring_inline_asm
C:/Projects/STM32/Mini-Console-3-Firmware/Libs/TinyUSB/portable/synopsys/dwc2/dcd_dwc2.c:721:6:dcd_edpt_close_all	0	static
C:/Projects/STM32/Mini-Console-3-Firmware/Libs/TinyUSB/portable/synopsys/dwc2/dcd_dwc2.c:744:6:dcd_edpt_xfer	16	static
C:/Projects/STM32/Mini-Console-3-Firmware/Libs/TinyUSB/portable/synopsys/dwc2/dcd_dwc2.c:781:6:dcd_edpt_xfer_fifo	16	static,ignoring_inline_asm
C:/Projects/STM32/Mini-Console-3-Firmware/Libs/TinyUSB/portable/synopsys/dwc2/dcd_dwc2.c:874:6:dcd_edpt_close	12	static,ignoring_inline_asm
C:/Projects/STM32/Mini-Console-3-Firmware/Libs/TinyUSB/portable/synopsys/dwc2/dcd_dwc2.c:901:6:dcd_edpt_stall	4	static
C:/Projects/STM32/Mini-Console-3-Firmware/Libs/TinyUSB/portable/synopsys/dwc2/dcd_dwc2.c:906:6:dcd_edpt_clear_stall	0	static
C:/Projects/STM32/Mini-Console-3-Firmware/Libs/TinyUSB/portable/synopsys/dwc2/dcd_dwc2.c:1223:6:dcd_int_handler	72	static,ignoring_inline_asm
