C:/Projects/STM32/Mini-Console-3-Firmware/Libs/BSP/Libs/graph2d.c:154:17:_getbufpixel_ARGB8888	0	static
C:/Projects/STM32/Mini-Console-3-Firmware/Libs/BSP/Libs/graph2d.c:160:17:_getbufpixel_ARGB1555	0	static
C:/Projects/STM32/Mini-Console-3-Firmware/Libs/BSP/Libs/graph2d.c:172:17:_getbufpixel_RGB888	0	static
C:/Projects/STM32/Mini-Console-3-Firmware/Libs/BSP/Libs/graph2d.c:185:17:_getbufpixel_L8	0	static
C:/Projects/STM32/Mini-Console-3-Firmware/Libs/BSP/Libs/graph2d.c:179:17:_getbufpixel_AL88	0	static
C:/Projects/STM32/Mini-Console-3-Firmware/Libs/BSP/Libs/graph2d.c:166:17:_getbufpixel_ARGB4444	0	static
C:/Projects/STM32/Mini-Console-3-Firmware/Libs/BSP/Libs/graph2d.c:191:6:G2D_ClearFrame	16	static
C:/Projects/STM32/Mini-Console-3-Firmware/Libs/BSP/Libs/graph2d.c:196:6:G2D_FillFrame	16	static
C:/Projects/STM32/Mini-Console-3-Firmware/Libs/BSP/Libs/graph2d.c:201:6:G2D_CopyPrevFrame	24	static
C:/Projects/STM32/Mini-Console-3-Firmware/Libs/BSP/Libs/graph2d.c:208:6:G2D_CopyScrollPrevFrame	56	static
C:/Projects/STM32/Mini-Console-3-Firmware/Libs/BSP/Libs/graph2d.c:225:6:G2D_DrawPixel	32	static
C:/Projects/STM32/Mini-Console-3-Firmware/Libs/BSP/Libs/graph2d.c:233:6:G2D_DrawHLine	16	static
C:/Projects/STM32/Mini-Console-3-Firmware/Libs/BSP/Libs/graph2d.c:248:6:G2D_DrawHLineBlend	16	static
C:/Projects/STM32/Mini-Console-3-Firmware/Libs/BSP/Libs/graph2d.c:263:6:G2D_DrawVLine	24	static
C:/Projects/STM32/Mini-Console-3-Firmware/Libs/BSP/Libs/graph2d.c:279:6:G2D_DrawVLineBlend	24	static
C:/Projects/STM32/Mini-Console-3-Firmware/Libs/BSP/Libs/graph2d.c:295:6:G2D_DrawLine	72	static
C:/Projects/STM32/Mini-Console-3-Firmware/Libs/BSP/Libs/graph2d.c:355:6:G2D_DrawRect	72	static
C:/Projects/STM32/Mini-Console-3-Firmware/Libs/BSP/Libs/graph2d.c:372:6:G2D_DrawFillRect	16	static
C:/Projects/STM32/Mini-Console-3-Firmware/Libs/BSP/Libs/graph2d.c:384:6:G2D_DrawFillRectBlend	16	static
C:/Projects/STM32/Mini-Console-3-Firmware/Libs/BSP/Libs/graph2d.c:396:6:G2D_DrawCircle	80	static
C:/Projects/STM32/Mini-Console-3-Firmware/Libs/BSP/Libs/graph2d.c:430:6:G2D_DrawFillCircle	64	static
C:/Projects/STM32/Mini-Console-3-Firmware/Libs/BSP/Libs/graph2d.c:460:6:G2D_DrawFillCircleBlend	64	static
C:/Projects/STM32/Mini-Console-3-Firmware/Libs/BSP/Libs/graph2d.c:490:6:G2D_DrawRoundRect	88	static
C:/Projects/STM32/Mini-Console-3-Firmware/Libs/BSP/Libs/graph2d.c:545:6:G2D_DrawFillRoundRect	96	static
C:/Projects/STM32/Mini-Console-3-Firmware/Libs/BSP/Libs/graph2d.c:590:6:G2D_DrawFillRoundRectBlend	96	static
C:/Projects/STM32/Mini-Console-3-Firmware/Libs/BSP/Libs/graph2d.c:635:10:G2D_Text	104	static
C:/Projects/STM32/Mini-Console-3-Firmware/Libs/BSP/Libs/graph2d.c:725:10:G2D_TextBlend	104	static
C:/Projects/STM32/Mini-Console-3-Firmware/Libs/BSP/Libs/graph2d.c:791:6:G2D_DrawBitmapBlend	64	static
C:/Projects/STM32/Mini-Console-3-Firmware/Libs/BSP/Libs/graph2d.c:814:6:G2D_DrawBitmapBlendC	64	static
C:/Projects/STM32/Mini-Console-3-Firmware/Libs/BSP/Libs/graph2d.c:820:6:G2D_DrawBitmap	56	static
C:/Projects/STM32/Mini-Console-3-Firmware/Libs/BSP/Libs/graph2d.c:844:6:G2D_DrawBitmapC	64	static
C:/Projects/STM32/Mini-Console-3-Firmware/Libs/BSP/Libs/graph2d.c:851:6:G2D_DrawBitmapRotate	96	static
C:/Projects/STM32/Mini-Console-3-Firmware/Libs/BSP/Libs/graph2d.c:927:6:G2D_DrawBitmapRotateC	4	static
C:/Projects/STM32/Mini-Console-3-Firmware/Libs/BSP/Libs/graph2d.c:934:6:G2D_DrawIcon	80	static
C:/Projects/STM32/Mini-Console-3-Firmware/Libs/BSP/Libs/graph2d.c:1027:6:G2D_DrawIconC	4	static
C:/Projects/STM32/Mini-Console-3-Firmware/Libs/BSP/Libs/graph2d.c:1041:6:G2D_DrawIconBlend	80	static
C:/Projects/STM32/Mini-Console-3-Firmware/Libs/BSP/Libs/graph2d.c:1112:6:G2D_DrawIconBlendC	4	static
C:/Projects/STM32/Mini-Console-3-Firmware/Libs/BSP/Libs/graph2d.c:1126:6:G2D_DrawJPEG	16	static
C:/Projects/STM32/Mini-Console-3-Firmware/Libs/BSP/Libs/graph2d.c:1133:6:G2D_DrawJPEGC	16	static
C:/Projects/STM32/Mini-Console-3-Firmware/Libs/BSP/Libs/graph2d.c:1144:6:G2D_DrawLastJPEG	0	static
C:/Projects/STM32/Mini-Console-3-Firmware/Libs/BSP/Libs/graph2d.c:1149:6:G2D_DrawLastJPEGC	16	static
C:/Projects/STM32/Mini-Console-3-Firmware/Libs/BSP/Libs/graph2d.c:1159:6:G2D_DecodeJPEG	0	static
C:/Projects/STM32/Mini-Console-3-Firmware/Libs/BSP/Libs/graph2d.c:1165:6:G2D_DrawTile	40	static
C:/Projects/STM32/Mini-Console-3-Firmware/Libs/BSP/Libs/graph2d.c:1192:6:G2D_DrawTileC	64	static
C:/Projects/STM32/Mini-Console-3-Firmware/Libs/BSP/Libs/graph2d.c:1199:6:G2D_DrawTileBlend	40	static
C:/Projects/STM32/Mini-Console-3-Firmware/Libs/BSP/Libs/graph2d.c:1226:6:G2D_DrawTileBlendC	64	static
