C:/Projects/STM32/Mini-Console-3-Firmware/Libs/BSP/Libs/graph2d.c:26:23:_charw	32	static
C:/Projects/STM32/Mini-Console-3-Firmware/Libs/BSP/Libs/graph2d.c:49:23:_char	72	static
C:/Projects/STM32/Mini-Console-3-Firmware/Libs/BSP/Libs/graph2d.c:102:23:_charblend	72	static
C:/Projects/STM32/Mini-Console-3-Firmware/Libs/BSP/Libs/graph2d.c:155:17:_getbufpixel_ARGB8888	32	static
C:/Projects/STM32/Mini-Console-3-Firmware/Libs/BSP/Libs/graph2d.c:161:17:_getbufpixel_ARGB1555	32	static
C:/Projects/STM32/Mini-Console-3-Firmware/Libs/BSP/Libs/graph2d.c:167:17:_getbufpixel_ARGB4444	32	static
C:/Projects/STM32/Mini-Console-3-Firmware/Libs/BSP/Libs/graph2d.c:173:17:_getbufpixel_RGB888	32	static
C:/Projects/STM32/Mini-Console-3-Firmware/Libs/BSP/Libs/graph2d.c:180:17:_getbufpixel_AL88	32	static
C:/Projects/STM32/Mini-Console-3-Firmware/Libs/BSP/Libs/graph2d.c:186:17:_getbufpixel_L8	32	static
C:/Projects/STM32/Mini-Console-3-Firmware/Libs/BSP/Libs/graph2d.c:192:6:G2D_ClearFrame	40	static
C:/Projects/STM32/Mini-Console-3-Firmware/Libs/BSP/Libs/graph2d.c:197:6:G2D_FillFrame	48	static
C:/Projects/STM32/Mini-Console-3-Firmware/Libs/BSP/Libs/graph2d.c:202:6:G2D_CopyPrevFrame	56	static
C:/Projects/STM32/Mini-Console-3-Firmware/Libs/BSP/Libs/graph2d.c:210:6:G2D_CopyScrollPrevFrame	88	static
C:/Projects/STM32/Mini-Console-3-Firmware/Libs/BSP/Libs/graph2d.c:228:6:G2D_CopyLayer0to1	56	static
C:/Projects/STM32/Mini-Console-3-Firmware/Libs/BSP/Libs/graph2d.c:235:6:G2D_CopyLayer1to0	56	static
C:/Projects/STM32/Mini-Console-3-Firmware/Libs/BSP/Libs/graph2d.c:242:6:G2D_DrawPixel	48	static
C:/Projects/STM32/Mini-Console-3-Firmware/Libs/BSP/Libs/graph2d.c:251:6:G2D_DrawHLine	56	static
C:/Projects/STM32/Mini-Console-3-Firmware/Libs/BSP/Libs/graph2d.c:266:6:G2D_DrawHLineBlend	56	static
C:/Projects/STM32/Mini-Console-3-Firmware/Libs/BSP/Libs/graph2d.c:281:6:G2D_DrawVLine	56	static
C:/Projects/STM32/Mini-Console-3-Firmware/Libs/BSP/Libs/graph2d.c:297:6:G2D_DrawVLineBlend	56	static
C:/Projects/STM32/Mini-Console-3-Firmware/Libs/BSP/Libs/graph2d.c:313:6:G2D_DrawLine	72	static
C:/Projects/STM32/Mini-Console-3-Firmware/Libs/BSP/Libs/graph2d.c:374:6:G2D_DrawRect	56	static
C:/Projects/STM32/Mini-Console-3-Firmware/Libs/BSP/Libs/graph2d.c:391:6:G2D_DrawFillRect	64	static
C:/Projects/STM32/Mini-Console-3-Firmware/Libs/BSP/Libs/graph2d.c:403:6:G2D_DrawFillRectBlend	64	static
C:/Projects/STM32/Mini-Console-3-Firmware/Libs/BSP/Libs/graph2d.c:415:6:G2D_DrawCircle	64	static
C:/Projects/STM32/Mini-Console-3-Firmware/Libs/BSP/Libs/graph2d.c:450:6:G2D_DrawFillCircle	56	static
C:/Projects/STM32/Mini-Console-3-Firmware/Libs/BSP/Libs/graph2d.c:480:6:G2D_DrawFillCircleBlend	56	static
C:/Projects/STM32/Mini-Console-3-Firmware/Libs/BSP/Libs/graph2d.c:510:6:G2D_DrawRoundRect	72	static
C:/Projects/STM32/Mini-Console-3-Firmware/Libs/BSP/Libs/graph2d.c:566:6:G2D_DrawFillRoundRect	72	static
C:/Projects/STM32/Mini-Console-3-Firmware/Libs/BSP/Libs/graph2d.c:611:6:G2D_DrawFillRoundRectBlend	72	static
C:/Projects/STM32/Mini-Console-3-Firmware/Libs/BSP/Libs/graph2d.c:656:10:G2D_Text	104	static
C:/Projects/STM32/Mini-Console-3-Firmware/Libs/BSP/Libs/graph2d.c:746:10:G2D_TextBlend	80	static
C:/Projects/STM32/Mini-Console-3-Firmware/Libs/BSP/Libs/graph2d.c:818:6:G2D_DrawBitmapBlend	80	static
C:/Projects/STM32/Mini-Console-3-Firmware/Libs/BSP/Libs/graph2d.c:841:6:G2D_DrawBitmapBlendC	40	static
C:/Projects/STM32/Mini-Console-3-Firmware/Libs/BSP/Libs/graph2d.c:847:6:G2D_DrawBitmap	80	static
C:/Projects/STM32/Mini-Console-3-Firmware/Libs/BSP/Libs/graph2d.c:871:6:G2D_DrawBitmapC	40	static
C:/Projects/STM32/Mini-Console-3-Firmware/Libs/BSP/Libs/graph2d.c:878:6:G2D_DrawBitmapRotate	120	static
C:/Projects/STM32/Mini-Console-3-Firmware/Libs/BSP/Libs/graph2d.c:955:6:G2D_DrawBitmapRotateC	40	static
C:/Projects/STM32/Mini-Console-3-Firmware/Libs/BSP/Libs/graph2d.c:962:6:G2D_DrawIcon	120	static
C:/Projects/STM32/Mini-Console-3-Firmware/Libs/BSP/Libs/graph2d.c:1056:6:G2D_DrawIconC	48	static
C:/Projects/STM32/Mini-Console-3-Firmware/Libs/BSP/Libs/graph2d.c:1070:6:G2D_DrawIconBlend	88	static
C:/Projects/STM32/Mini-Console-3-Firmware/Libs/BSP/Libs/graph2d.c:1149:6:G2D_DrawIconBlendC	40	static
C:/Projects/STM32/Mini-Console-3-Firmware/Libs/BSP/Libs/graph2d.c:1163:6:G2D_DrawJPEG	32	static
C:/Projects/STM32/Mini-Console-3-Firmware/Libs/BSP/Libs/graph2d.c:1170:6:G2D_DrawJPEGC	32	static
C:/Projects/STM32/Mini-Console-3-Firmware/Libs/BSP/Libs/graph2d.c:1181:6:G2D_DrawLastJPEG	32	static
C:/Projects/STM32/Mini-Console-3-Firmware/Libs/BSP/Libs/graph2d.c:1186:6:G2D_DrawLastJPEGC	32	static
C:/Projects/STM32/Mini-Console-3-Firmware/Libs/BSP/Libs/graph2d.c:1196:6:G2D_DecodeJPEG	24	static
C:/Projects/STM32/Mini-Console-3-Firmware/Libs/BSP/Libs/graph2d.c:1202:6:G2D_DrawTile	80	static
C:/Projects/STM32/Mini-Console-3-Firmware/Libs/BSP/Libs/graph2d.c:1229:6:G2D_DrawTileC	48	static
C:/Projects/STM32/Mini-Console-3-Firmware/Libs/BSP/Libs/graph2d.c:1236:6:G2D_DrawTileBlend	80	static
C:/Projects/STM32/Mini-Console-3-Firmware/Libs/BSP/Libs/graph2d.c:1263:6:G2D_DrawTileBlendC	48	static
