C:/Projects/STM32/Mini-Console-3-Firmware/Libs/BSP/Libs/hxcmod.c:435:13:doFunk	4	static
C:/Projects/STM32/Mini-Console-3-Firmware/Libs/BSP/Libs/hxcmod.c:1347:5:hxcmod_init	8	static
C:/Projects/STM32/Mini-Console-3-Firmware/Libs/BSP/Libs/hxcmod.c:1382:5:hxcmod_setcfg	0	static
C:/Projects/STM32/Mini-Console-3-Firmware/Libs/BSP/Libs/hxcmod.c:1404:5:hxcmod_load	48	static
C:/Projects/STM32/Mini-Console-3-Firmware/Libs/BSP/Libs/hxcmod.c:1576:6:hxcmod_fillbuffer	120	static
C:/Projects/STM32/Mini-Console-3-Firmware/Libs/BSP/Libs/hxcmod.c:2011:6:hxcmod_unload	16	static
