C:/Projects/STM32/Mini-Console-3-Firmware/Libs/TinyUSB/class/msc/msc_device.c:828:13:proc_read10_cmd.constprop	40	static,ignoring_inline_asm
C:/Projects/STM32/Mini-Console-3-Firmware/Libs/TinyUSB/class/msc/msc_device.c:866:13:proc_write10_cmd.constprop	16	static,ignoring_inline_asm
C:/Projects/STM32/Mini-Console-3-Firmware/Libs/TinyUSB/class/msc/msc_device.c:158:9:rdwr10_validate_cmd	0	static
C:/Projects/STM32/Mini-Console-3-Firmware/Libs/TinyUSB/class/msc/msc_device.c:231:6:tud_msc_set_sense	4	static
C:/Projects/STM32/Mini-Console-3-Firmware/Libs/TinyUSB/class/msc/msc_device.c:251:6:mscd_init	0	static
C:/Projects/STM32/Mini-Console-3-Firmware/Libs/TinyUSB/class/msc/msc_device.c:256:6:mscd_reset	0	static
C:/Projects/STM32/Mini-Console-3-Firmware/Libs/TinyUSB/class/msc/msc_device.c:262:10:mscd_open	24	static,ignoring_inline_asm
C:/Projects/STM32/Mini-Console-3-Firmware/Libs/TinyUSB/class/msc/msc_device.c:301:6:mscd_control_xfer_cb	32	static,ignoring_inline_asm
C:/Projects/STM32/Mini-Console-3-Firmware/Libs/TinyUSB/class/msc/msc_device.c:386:6:mscd_xfer_cb	80	static,ignoring_inline_asm
