C:/Projects/STM32/Mini-Console-3-Firmware/Libs/TinyUSB/class/msc/msc_device.c:91:20:send_csw	16	static
C:/Projects/STM32/Mini-Console-3-Firmware/Libs/TinyUSB/class/msc/msc_device.c:100:20:prepare_cbw	16	static
C:/Projects/STM32/Mini-Console-3-Firmware/Libs/TinyUSB/class/msc/msc_device.c:106:13:fail_scsi_op	40	static
C:/Projects/STM32/Mini-Console-3-Firmware/Libs/TinyUSB/class/msc/msc_device.c:132:24:rdwr10_get_lba	24	static
C:/Projects/STM32/Mini-Console-3-Firmware/Libs/TinyUSB/class/msc/msc_device.c:141:24:rdwr10_get_blockcount	24	static
C:/Projects/STM32/Mini-Console-3-Firmware/Libs/TinyUSB/class/msc/msc_device.c:147:24:rdwr10_get_blocksize	24	static
C:/Projects/STM32/Mini-Console-3-Firmware/Libs/TinyUSB/class/msc/msc_device.c:158:9:rdwr10_validate_cmd	40	static
C:/Projects/STM32/Mini-Console-3-Firmware/Libs/TinyUSB/class/msc/msc_device.c:231:6:tud_msc_set_sense	16	static
C:/Projects/STM32/Mini-Console-3-Firmware/Libs/TinyUSB/class/msc/msc_device.c:242:20:set_sense_medium_not_present	16	static
C:/Projects/STM32/Mini-Console-3-Firmware/Libs/TinyUSB/class/msc/msc_device.c:251:6:mscd_init	8	static
C:/Projects/STM32/Mini-Console-3-Firmware/Libs/TinyUSB/class/msc/msc_device.c:256:6:mscd_reset	16	static
C:/Projects/STM32/Mini-Console-3-Firmware/Libs/TinyUSB/class/msc/msc_device.c:262:10:mscd_open	56	static,ignoring_inline_asm
C:/Projects/STM32/Mini-Console-3-Firmware/Libs/TinyUSB/class/msc/msc_device.c:287:13:proc_bot_reset	16	static
C:/Projects/STM32/Mini-Console-3-Firmware/Libs/TinyUSB/class/msc/msc_device.c:301:6:mscd_control_xfer_cb	40	static,ignoring_inline_asm
C:/Projects/STM32/Mini-Console-3-Firmware/Libs/TinyUSB/class/msc/msc_device.c:386:6:mscd_xfer_cb	104	static,ignoring_inline_asm
C:/Projects/STM32/Mini-Console-3-Firmware/Libs/TinyUSB/class/msc/msc_device.c:647:16:proc_builtin_scsi	232	static
C:/Projects/STM32/Mini-Console-3-Firmware/Libs/TinyUSB/class/msc/msc_device.c:828:13:proc_read10_cmd	80	static,ignoring_inline_asm
C:/Projects/STM32/Mini-Console-3-Firmware/Libs/TinyUSB/class/msc/msc_device.c:866:13:proc_write10_cmd	40	static,ignoring_inline_asm
C:/Projects/STM32/Mini-Console-3-Firmware/Libs/TinyUSB/class/msc/msc_device.c:893:13:proc_write10_new_data	80	static
