C:/Projects/STM32/Mini-Console-3-Firmware/Libs/TinyUSB/class/cdc/cdc_device.h:188:24:tud_cdc_available	8	static
C:/Projects/STM32/Mini-Console-3-Firmware/Libs/TinyUSB/class/cdc/cdc_device.h:198:24:tud_cdc_read	16	static
C:/Projects/STM32/Mini-Console-3-Firmware/Libs/TinyUSB/class/cdc/cdc_device.h:218:24:tud_cdc_write	16	static
C:/Projects/STM32/Mini-Console-3-Firmware/Libs/TinyUSB/class/cdc/cdc_device.h:228:24:tud_cdc_write_flush	8	static
C:/Projects/STM32/Mini-Console-3-Firmware/Libs/BSP/Core_CM7/BSP_USB.c:22:9:BSP_USB_Init_MSC	8	static
C:/Projects/STM32/Mini-Console-3-Firmware/Libs/BSP/Core_CM7/BSP_USB.c:29:9:BSP_USB_Init_CDC	8	static
C:/Projects/STM32/Mini-Console-3-Firmware/Libs/BSP/Core_CM7/BSP_USB.c:36:9:BSP_USB_Disconnect	8	static
C:/Projects/STM32/Mini-Console-3-Firmware/Libs/BSP/Core_CM7/BSP_USB.c:43:6:BSP_USB_Task	8	static
C:/Projects/STM32/Mini-Console-3-Firmware/Libs/BSP/Core_CM7/BSP_USB.c:65:6:OTG_FS_IRQHandler	8	static
C:/Projects/STM32/Mini-Console-3-Firmware/Libs/BSP/Core_CM7/BSP_USB.c:145:6:tud_mount_cb	4	static
C:/Projects/STM32/Mini-Console-3-Firmware/Libs/BSP/Core_CM7/BSP_USB.c:148:6:tud_umount_cb	4	static
C:/Projects/STM32/Mini-Console-3-Firmware/Libs/BSP/Core_CM7/BSP_USB.c:153:6:tud_suspend_cb	16	static
C:/Projects/STM32/Mini-Console-3-Firmware/Libs/BSP/Core_CM7/BSP_USB.c:158:6:tud_resume_cb	4	static
C:/Projects/STM32/Mini-Console-3-Firmware/Libs/BSP/Core_CM7/BSP_USB.c:162:17:tud_descriptor_device_cb	4	static
C:/Projects/STM32/Mini-Console-3-Firmware/Libs/BSP/Core_CM7/BSP_USB.c:175:17:tud_descriptor_configuration_cb	16	static
C:/Projects/STM32/Mini-Console-3-Firmware/Libs/BSP/Core_CM7/BSP_USB.c:188:17:tud_descriptor_string_cb	24	static
C:/Projects/STM32/Mini-Console-3-Firmware/Libs/BSP/Core_CM7/BSP_USB.c:224:9:tud_msc_read10_cb	32	static
C:/Projects/STM32/Mini-Console-3-Firmware/Libs/BSP/Core_CM7/BSP_USB.c:238:9:tud_msc_write10_cb	32	static
C:/Projects/STM32/Mini-Console-3-Firmware/Libs/BSP/Core_CM7/BSP_USB.c:252:6:tud_msc_inquiry_cb	64	static
C:/Projects/STM32/Mini-Console-3-Firmware/Libs/BSP/Core_CM7/BSP_USB.c:267:6:tud_msc_test_unit_ready_cb	16	static
C:/Projects/STM32/Mini-Console-3-Firmware/Libs/BSP/Core_CM7/BSP_USB.c:274:6:tud_msc_capacity_cb	24	static
C:/Projects/STM32/Mini-Console-3-Firmware/Libs/BSP/Core_CM7/BSP_USB.c:285:9:tud_msc_scsi_cb	40	static
C:/Projects/STM32/Mini-Console-3-Firmware/Libs/BSP/Core_CM7/BSP_USB.c:320:6:tud_msc_start_stop_cb	16	static
C:/Projects/STM32/Mini-Console-3-Firmware/Libs/BSP/Core_CM7/BSP_USB.c:337:9:tud_msc_request_sense_cb	16	static
C:/Projects/STM32/Mini-Console-3-Firmware/Libs/BSP/Core_CM7/BSP_USB.c:345:6:tud_msc_is_writable_cb	16	static
C:/Projects/STM32/Mini-Console-3-Firmware/Libs/BSP/Core_CM7/BSP_USB.c:356:6:cdc_task	80	static
