C:/Projects/STM32/Mini-Console-3-Firmware/Libs/BSP/Core_CM7/BSP_LCD.c:37:24:_color_dist	32	static
C:/Projects/STM32/Mini-Console-3-Firmware/Libs/BSP/Core_CM7/BSP_LCD.c:68:17:_ARGB8888_color	16	static
C:/Projects/STM32/Mini-Console-3-Firmware/Libs/BSP/Core_CM7/BSP_LCD.c:74:17:_ARGB8888_alpha	16	static
C:/Projects/STM32/Mini-Console-3-Firmware/Libs/BSP/Core_CM7/BSP_LCD.c:80:13:_ARGB8888_dma2dwait	4	static
C:/Projects/STM32/Mini-Console-3-Firmware/Libs/BSP/Core_CM7/BSP_LCD.c:86:13:_ARGB8888_updatepixel	32	static
C:/Projects/STM32/Mini-Console-3-Firmware/Libs/BSP/Core_CM7/BSP_LCD.c:98:17:_ARGB8888_getpixel	32	static
C:/Projects/STM32/Mini-Console-3-Firmware/Libs/BSP/Core_CM7/BSP_LCD.c:110:13:_ARGB8888_fillbuf	48	static
C:/Projects/STM32/Mini-Console-3-Firmware/Libs/BSP/Core_CM7/BSP_LCD.c:124:13:_ARGB8888_copybuf	48	static
C:/Projects/STM32/Mini-Console-3-Firmware/Libs/BSP/Core_CM7/BSP_LCD.c:138:13:_ARGB8888_copybufblend	56	static
C:/Projects/STM32/Mini-Console-3-Firmware/Libs/BSP/Core_CM7/BSP_LCD.c:152:13:_ARGB8888_copybufJPEG	80	static
C:/Projects/STM32/Mini-Console-3-Firmware/Libs/BSP/Core_CM7/BSP_LCD.c:191:17:_ARGB1555_color	32	static
C:/Projects/STM32/Mini-Console-3-Firmware/Libs/BSP/Core_CM7/BSP_LCD.c:201:17:_ARGB1555_alpha	24	static
C:/Projects/STM32/Mini-Console-3-Firmware/Libs/BSP/Core_CM7/BSP_LCD.c:209:13:_ARGB1555_dma2dwait	4	static
C:/Projects/STM32/Mini-Console-3-Firmware/Libs/BSP/Core_CM7/BSP_LCD.c:215:13:_ARGB1555_updatepixel	32	static
C:/Projects/STM32/Mini-Console-3-Firmware/Libs/BSP/Core_CM7/BSP_LCD.c:227:17:_ARGB1555_getpixel	32	static
C:/Projects/STM32/Mini-Console-3-Firmware/Libs/BSP/Core_CM7/BSP_LCD.c:239:13:_ARGB1555_fillbuf	48	static
C:/Projects/STM32/Mini-Console-3-Firmware/Libs/BSP/Core_CM7/BSP_LCD.c:253:13:_ARGB1555_copybuf	48	static
C:/Projects/STM32/Mini-Console-3-Firmware/Libs/BSP/Core_CM7/BSP_LCD.c:267:13:_ARGB1555_copybufblend	56	static
C:/Projects/STM32/Mini-Console-3-Firmware/Libs/BSP/Core_CM7/BSP_LCD.c:281:13:_ARGB1555_copybufJPEG	80	static
C:/Projects/STM32/Mini-Console-3-Firmware/Libs/BSP/Core_CM7/BSP_LCD.c:321:17:_ARGB4444_color	32	static
C:/Projects/STM32/Mini-Console-3-Firmware/Libs/BSP/Core_CM7/BSP_LCD.c:331:17:_ARGB4444_alpha	24	static
C:/Projects/STM32/Mini-Console-3-Firmware/Libs/BSP/Core_CM7/BSP_LCD.c:339:13:_ARGB4444_dma2dwait	4	static
C:/Projects/STM32/Mini-Console-3-Firmware/Libs/BSP/Core_CM7/BSP_LCD.c:345:13:_ARGB4444_updatepixel	32	static
C:/Projects/STM32/Mini-Console-3-Firmware/Libs/BSP/Core_CM7/BSP_LCD.c:357:17:_ARGB4444_getpixel	32	static
C:/Projects/STM32/Mini-Console-3-Firmware/Libs/BSP/Core_CM7/BSP_LCD.c:369:13:_ARGB4444_fillbuf	48	static
C:/Projects/STM32/Mini-Console-3-Firmware/Libs/BSP/Core_CM7/BSP_LCD.c:383:13:_ARGB4444_copybuf	48	static
C:/Projects/STM32/Mini-Console-3-Firmware/Libs/BSP/Core_CM7/BSP_LCD.c:397:13:_ARGB4444_copybufblend	56	static
C:/Projects/STM32/Mini-Console-3-Firmware/Libs/BSP/Core_CM7/BSP_LCD.c:411:13:_ARGB4444_copybufJPEG	80	static
C:/Projects/STM32/Mini-Console-3-Firmware/Libs/BSP/Core_CM7/BSP_LCD.c:452:17:_RGB888_color	16	static
C:/Projects/STM32/Mini-Console-3-Firmware/Libs/BSP/Core_CM7/BSP_LCD.c:459:17:_RGB888_alpha	16	static
C:/Projects/STM32/Mini-Console-3-Firmware/Libs/BSP/Core_CM7/BSP_LCD.c:466:13:_RGB888_dma2dwait	4	static
C:/Projects/STM32/Mini-Console-3-Firmware/Libs/BSP/Core_CM7/BSP_LCD.c:472:13:_RGB888_updatepixel	32	static
C:/Projects/STM32/Mini-Console-3-Firmware/Libs/BSP/Core_CM7/BSP_LCD.c:488:17:_RGB888_getpixel	32	static
C:/Projects/STM32/Mini-Console-3-Firmware/Libs/BSP/Core_CM7/BSP_LCD.c:502:13:_RGB888_fillbuf	48	static
C:/Projects/STM32/Mini-Console-3-Firmware/Libs/BSP/Core_CM7/BSP_LCD.c:516:13:_RGB888_copybuf	48	static
C:/Projects/STM32/Mini-Console-3-Firmware/Libs/BSP/Core_CM7/BSP_LCD.c:530:13:_RGB888_copybufblend	48	static
C:/Projects/STM32/Mini-Console-3-Firmware/Libs/BSP/Core_CM7/BSP_LCD.c:538:13:_RGB888_copybufJPEG	80	static
C:/Projects/STM32/Mini-Console-3-Firmware/Libs/BSP/Core_CM7/BSP_LCD.c:578:17:_AL88_color	32	static
C:/Projects/STM32/Mini-Console-3-Firmware/Libs/BSP/Core_CM7/BSP_LCD.c:596:17:_AL88_alpha	16	static
C:/Projects/STM32/Mini-Console-3-Firmware/Libs/BSP/Core_CM7/BSP_LCD.c:602:13:_AL88_dma2dwait	4	static
C:/Projects/STM32/Mini-Console-3-Firmware/Libs/BSP/Core_CM7/BSP_LCD.c:608:13:_AL88_updatepixel	32	static
C:/Projects/STM32/Mini-Console-3-Firmware/Libs/BSP/Core_CM7/BSP_LCD.c:620:17:_AL88_getpixel	32	static
C:/Projects/STM32/Mini-Console-3-Firmware/Libs/BSP/Core_CM7/BSP_LCD.c:632:13:_AL88_fillbuf	48	static
C:/Projects/STM32/Mini-Console-3-Firmware/Libs/BSP/Core_CM7/BSP_LCD.c:649:13:_AL88_copybuf	56	static
C:/Projects/STM32/Mini-Console-3-Firmware/Libs/BSP/Core_CM7/BSP_LCD.c:665:13:_AL88_copybufblend	48	static
C:/Projects/STM32/Mini-Console-3-Firmware/Libs/BSP/Core_CM7/BSP_LCD.c:672:13:_AL88_copybufJPEG	64	static
C:/Projects/STM32/Mini-Console-3-Firmware/Libs/BSP/Core_CM7/BSP_LCD.c:682:17:_L8_color	32	static
C:/Projects/STM32/Mini-Console-3-Firmware/Libs/BSP/Core_CM7/BSP_LCD.c:702:17:_L8_alpha	16	static
C:/Projects/STM32/Mini-Console-3-Firmware/Libs/BSP/Core_CM7/BSP_LCD.c:710:13:_L8_dma2dwait	4	static
C:/Projects/STM32/Mini-Console-3-Firmware/Libs/BSP/Core_CM7/BSP_LCD.c:716:13:_L8_updatepixel	32	static
C:/Projects/STM32/Mini-Console-3-Firmware/Libs/BSP/Core_CM7/BSP_LCD.c:729:17:_L8_getpixel	32	static
C:/Projects/STM32/Mini-Console-3-Firmware/Libs/BSP/Core_CM7/BSP_LCD.c:741:13:_L8_fillbuf	88	static
C:/Projects/STM32/Mini-Console-3-Firmware/Libs/BSP/Core_CM7/BSP_LCD.c:791:13:_L8_copybuf	80	static
C:/Projects/STM32/Mini-Console-3-Firmware/Libs/BSP/Core_CM7/BSP_LCD.c:845:13:_L8_copybufblend	48	static
C:/Projects/STM32/Mini-Console-3-Firmware/Libs/BSP/Core_CM7/BSP_LCD.c:852:13:_L8_copybufJPEG	64	static
C:/Projects/STM32/Mini-Console-3-Firmware/Libs/BSP/Core_CM7/BSP_LCD.c:865:13:_config_triplebuf	16	static
C:/Projects/STM32/Mini-Console-3-Firmware/Libs/BSP/Core_CM7/BSP_LCD.c:905:13:_config_doublebuf	16	static
C:/Projects/STM32/Mini-Console-3-Firmware/Libs/BSP/Core_CM7/BSP_LCD.c:945:13:_ARGB8888_config	16	static
C:/Projects/STM32/Mini-Console-3-Firmware/Libs/BSP/Core_CM7/BSP_LCD.c:962:13:_ARGB8888_config_layer	64	static
C:/Projects/STM32/Mini-Console-3-Firmware/Libs/BSP/Core_CM7/BSP_LCD.c:983:13:_ARGB1555_config	16	static
C:/Projects/STM32/Mini-Console-3-Firmware/Libs/BSP/Core_CM7/BSP_LCD.c:1000:13:_ARGB1555_config_layer	64	static
C:/Projects/STM32/Mini-Console-3-Firmware/Libs/BSP/Core_CM7/BSP_LCD.c:1022:13:_ARGB4444_config	16	static
C:/Projects/STM32/Mini-Console-3-Firmware/Libs/BSP/Core_CM7/BSP_LCD.c:1039:13:_ARGB4444_config_layer	64	static
C:/Projects/STM32/Mini-Console-3-Firmware/Libs/BSP/Core_CM7/BSP_LCD.c:1060:13:_RGB888_config	16	static
C:/Projects/STM32/Mini-Console-3-Firmware/Libs/BSP/Core_CM7/BSP_LCD.c:1077:13:_RGB888_config_layer	64	static
C:/Projects/STM32/Mini-Console-3-Firmware/Libs/BSP/Core_CM7/BSP_LCD.c:1101:13:_AL88_config	16	static
C:/Projects/STM32/Mini-Console-3-Firmware/Libs/BSP/Core_CM7/BSP_LCD.c:1118:13:_AL88_config_layer	72	static
C:/Projects/STM32/Mini-Console-3-Firmware/Libs/BSP/Core_CM7/BSP_LCD.c:1141:13:_L8_config	16	static
C:/Projects/STM32/Mini-Console-3-Firmware/Libs/BSP/Core_CM7/BSP_LCD.c:1158:13:_L8_config_layer	72	static
C:/Projects/STM32/Mini-Console-3-Firmware/Libs/BSP/Core_CM7/BSP_LCD.c:1188:6:BSP_LCD_Init	40	static
C:/Projects/STM32/Mini-Console-3-Firmware/Libs/BSP/Core_CM7/BSP_LCD.c:1286:6:BSP_LCD_FrameReady	32	static
C:/Projects/STM32/Mini-Console-3-Firmware/Libs/BSP/Core_CM7/BSP_LCD.c:1309:9:BSP_LCD_GetEditPermission	16	static
C:/Projects/STM32/Mini-Console-3-Firmware/Libs/BSP/Core_CM7/BSP_LCD.c:1314:6:BSP_LCD_SetLayerAlpha	24	static
C:/Projects/STM32/Mini-Console-3-Firmware/Libs/BSP/Core_CM7/BSP_LCD.c:1325:9:BSP_LCD_GetLayerAlpha	24	static
C:/Projects/STM32/Mini-Console-3-Firmware/Libs/BSP/Core_CM7/BSP_LCD.c:1332:6:BSP_LCD_InitBackLight	24	static
C:/Projects/STM32/Mini-Console-3-Firmware/Libs/BSP/Core_CM7/BSP_LCD.c:1349:6:BSP_LCD_SetBackLight	16	static
C:/Projects/STM32/Mini-Console-3-Firmware/Libs/BSP/Core_CM7/BSP_LCD.c:1358:9:LCD_GetBackLight	24	static
C:/Projects/STM32/Mini-Console-3-Firmware/Libs/BSP/Core_CM7/BSP_LCD.c:1369:6:BSP_LCD_DecodeJPEG	32	static
C:/Projects/STM32/Mini-Console-3-Firmware/Libs/BSP/Core_CM7/BSP_LCD.c:1380:6:LTDC_IRQHandler	32	static
C:/Projects/STM32/Mini-Console-3-Firmware/Libs/BSP/Core_CM7/BSP_LCD.c:1437:6:DMA2D_IRQHandler	8	static
