C:/Projects/STM32/Mini-Console-3-Firmware/Libs/BSP/Core_CM7/BSP_IMU.c:17:9:BSP_IMU_Init	24	static
C:/Projects/STM32/Mini-Console-3-Firmware/Libs/BSP/Core_CM7/BSP_IMU.c:35:9:BSP_IMU_Calibrate	8	static
C:/Projects/STM32/Mini-Console-3-Firmware/Libs/BSP/Core_CM7/BSP_IMU.c:41:9:BSP_IMU_Reset	4	static
C:/Projects/STM32/Mini-Console-3-Firmware/Libs/BSP/Core_CM7/BSP_IMU.c:46:6:BSP_IMU_INTHandler	16	static
C:/Projects/STM32/Mini-Console-3-Firmware/Libs/BSP/Core_CM7/BSP_IMU.c:51:6:I2C4_EV_IRQHandler	8	static
