C:/Projects/STM32/Mini-Console-3-Firmware/Libs/BSP/Core_CM7/BSP_LCD.c:110:17:_ARGB8888_color	0	static
C:/Projects/STM32/Mini-Console-3-Firmware/Libs/BSP/Core_CM7/BSP_LCD.c:122:13:_ARGB8888_dma2dwait	0	static
C:/Projects/STM32/Mini-Console-3-Firmware/Libs/BSP/Core_CM7/BSP_LCD.c:278:17:_ARGB1555_color	0	static
C:/Projects/STM32/Mini-Console-3-Firmware/Libs/BSP/Core_CM7/BSP_LCD.c:288:17:_ARGB1555_alpha	0	static
C:/Projects/STM32/Mini-Console-3-Firmware/Libs/BSP/Core_CM7/BSP_LCD.c:439:17:_ARGB4444_color	0	static
C:/Projects/STM32/Mini-Console-3-Firmware/Libs/BSP/Core_CM7/BSP_LCD.c:450:17:_ARGB4444_alpha	0	static
C:/Projects/STM32/Mini-Console-3-Firmware/Libs/BSP/Core_CM7/BSP_LCD.c:635:13:_RGB888_updatepixel	8	static
C:/Projects/STM32/Mini-Console-3-Firmware/Libs/BSP/Core_CM7/BSP_LCD.c:804:17:_AL88_alpha	0	static
C:/Projects/STM32/Mini-Console-3-Firmware/Libs/BSP/Core_CM7/BSP_LCD.c:910:17:_L8_color	36	static
C:/Projects/STM32/Mini-Console-3-Firmware/Libs/BSP/Core_CM7/BSP_LCD.c:930:17:_L8_alpha	0	static
C:/Projects/STM32/Mini-Console-3-Firmware/Libs/BSP/Core_CM7/BSP_LCD.c:239:13:_ARGB8888_copybufJPEG	64	static
C:/Projects/STM32/Mini-Console-3-Firmware/Libs/BSP/Core_CM7/BSP_LCD.c:399:13:_ARGB1555_copybufJPEG	64	static
C:/Projects/STM32/Mini-Console-3-Firmware/Libs/BSP/Core_CM7/BSP_LCD.c:576:13:_ARGB4444_copybufJPEG	64	static
C:/Projects/STM32/Mini-Console-3-Firmware/Libs/BSP/Core_CM7/BSP_LCD.c:746:13:_RGB888_copybufJPEG	72	static
C:/Projects/STM32/Mini-Console-3-Firmware/Libs/BSP/Core_CM7/BSP_LCD.c:225:13:_ARGB8888_copybufblend	48	static
C:/Projects/STM32/Mini-Console-3-Firmware/Libs/BSP/Core_CM7/BSP_LCD.c:385:13:_ARGB1555_copybufblend	48	static
C:/Projects/STM32/Mini-Console-3-Firmware/Libs/BSP/Core_CM7/BSP_LCD.c:562:13:_ARGB4444_copybufblend	48	static
C:/Projects/STM32/Mini-Console-3-Firmware/Libs/BSP/Core_CM7/BSP_LCD.c:732:13:_RGB888_copybufblend	48	static
C:/Projects/STM32/Mini-Console-3-Firmware/Libs/BSP/Core_CM7/BSP_LCD.c:211:13:_ARGB8888_copybuf	40	static
C:/Projects/STM32/Mini-Console-3-Firmware/Libs/BSP/Core_CM7/BSP_LCD.c:371:13:_ARGB1555_copybuf	40	static
C:/Projects/STM32/Mini-Console-3-Firmware/Libs/BSP/Core_CM7/BSP_LCD.c:548:13:_ARGB4444_copybuf	40	static
C:/Projects/STM32/Mini-Console-3-Firmware/Libs/BSP/Core_CM7/BSP_LCD.c:718:13:_RGB888_copybuf	40	static
C:/Projects/STM32/Mini-Console-3-Firmware/Libs/BSP/Core_CM7/BSP_LCD.c:877:13:_AL88_copybuf	40	static
C:/Projects/STM32/Mini-Console-3-Firmware/Libs/BSP/Core_CM7/BSP_LCD.c:1038:13:_L8_copybuf	48	static
C:/Projects/STM32/Mini-Console-3-Firmware/Libs/BSP/Core_CM7/BSP_LCD.c:1092:13:_L8_copybufblend	4	static
C:/Projects/STM32/Mini-Console-3-Firmware/Libs/BSP/Core_CM7/BSP_LCD.c:196:13:_ARGB8888_fillbufblend	40	static
C:/Projects/STM32/Mini-Console-3-Firmware/Libs/BSP/Core_CM7/BSP_LCD.c:356:13:_ARGB1555_fillbufblend	40	static
C:/Projects/STM32/Mini-Console-3-Firmware/Libs/BSP/Core_CM7/BSP_LCD.c:533:13:_ARGB4444_fillbufblend	40	static
C:/Projects/STM32/Mini-Console-3-Firmware/Libs/BSP/Core_CM7/BSP_LCD.c:703:13:_RGB888_fillbufblend	40	static
C:/Projects/STM32/Mini-Console-3-Firmware/Libs/BSP/Core_CM7/BSP_LCD.c:182:13:_ARGB8888_fillbuf	32	static
C:/Projects/STM32/Mini-Console-3-Firmware/Libs/BSP/Core_CM7/BSP_LCD.c:342:13:_ARGB1555_fillbuf	32	static
C:/Projects/STM32/Mini-Console-3-Firmware/Libs/BSP/Core_CM7/BSP_LCD.c:519:13:_ARGB4444_fillbuf	32	static
C:/Projects/STM32/Mini-Console-3-Firmware/Libs/BSP/Core_CM7/BSP_LCD.c:689:13:_RGB888_fillbuf	32	static
C:/Projects/STM32/Mini-Console-3-Firmware/Libs/BSP/Core_CM7/BSP_LCD.c:854:13:_AL88_fillbuf	32	static
C:/Projects/STM32/Mini-Console-3-Firmware/Libs/BSP/Core_CM7/BSP_LCD.c:982:13:_L8_fillbuf	80	static
C:/Projects/STM32/Mini-Console-3-Firmware/Libs/BSP/Core_CM7/BSP_LCD.c:1099:13:_L8_copybufJPEG	32	static
C:/Projects/STM32/Mini-Console-3-Firmware/Libs/BSP/Core_CM7/BSP_LCD.c:1032:13:_L8_fillbufblend	4	static
C:/Projects/STM32/Mini-Console-3-Firmware/Libs/BSP/Core_CM7/BSP_LCD.c:128:13:_ARGB8888_updatepixel	0	static
C:/Projects/STM32/Mini-Console-3-Firmware/Libs/BSP/Core_CM7/BSP_LCD.c:140:13:_ARGB8888_updatepixelblend	16	static
C:/Projects/STM32/Mini-Console-3-Firmware/Libs/BSP/Core_CM7/BSP_LCD.c:170:17:_ARGB8888_getpixel	0	static
C:/Projects/STM32/Mini-Console-3-Firmware/Libs/BSP/Core_CM7/BSP_LCD.c:302:13:_ARGB1555_updatepixel	0	static
C:/Projects/STM32/Mini-Console-3-Firmware/Libs/BSP/Core_CM7/BSP_LCD.c:314:13:_ARGB1555_updatepixelblend	0	static
C:/Projects/STM32/Mini-Console-3-Firmware/Libs/BSP/Core_CM7/BSP_LCD.c:330:17:_ARGB1555_getpixel	0	static
C:/Projects/STM32/Mini-Console-3-Firmware/Libs/BSP/Core_CM7/BSP_LCD.c:476:13:_ARGB4444_updatepixelblend	16	static
C:/Projects/STM32/Mini-Console-3-Firmware/Libs/BSP/Core_CM7/BSP_LCD.c:651:13:_RGB888_updatepixelblend	12	static
C:/Projects/STM32/Mini-Console-3-Firmware/Libs/BSP/Core_CM7/BSP_LCD.c:675:17:_RGB888_getpixel	0	static
C:/Projects/STM32/Mini-Console-3-Firmware/Libs/BSP/Core_CM7/BSP_LCD.c:828:13:_AL88_updatepixelblend	0	static
C:/Projects/STM32/Mini-Console-3-Firmware/Libs/BSP/Core_CM7/BSP_LCD.c:944:13:_L8_updatepixel	0	static
C:/Projects/STM32/Mini-Console-3-Firmware/Libs/BSP/Core_CM7/BSP_LCD.c:956:13:_L8_updatepixelblend	0	static
C:/Projects/STM32/Mini-Console-3-Firmware/Libs/BSP/Core_CM7/BSP_LCD.c:970:17:_L8_getpixel	0	static
C:/Projects/STM32/Mini-Console-3-Firmware/Libs/BSP/Core_CM7/BSP_LCD.c:623:17:_RGB888_alpha	0	static
C:/Projects/STM32/Mini-Console-3-Firmware/Libs/BSP/Core_CM7/BSP_LCD.c:116:17:_ARGB8888_alpha	0	static
C:/Projects/STM32/Mini-Console-3-Firmware/Libs/BSP/Core_CM7/BSP_LCD.c:617:17:_RGB888_color	0	static
C:/Projects/STM32/Mini-Console-3-Firmware/Libs/BSP/Core_CM7/BSP_LCD.c:786:17:_AL88_color	48	static
C:/Projects/STM32/Mini-Console-3-Firmware/Libs/BSP/Core_CM7/BSP_LCD.c:810:13:_AL88_dma2dwait	0	static
C:/Projects/STM32/Mini-Console-3-Firmware/Libs/BSP/Core_CM7/BSP_LCD.c:938:13:_L8_dma2dwait	0	static
C:/Projects/STM32/Mini-Console-3-Firmware/Libs/BSP/Core_CM7/BSP_LCD.c:296:13:_ARGB1555_dma2dwait	0	static
C:/Projects/STM32/Mini-Console-3-Firmware/Libs/BSP/Core_CM7/BSP_LCD.c:629:13:_RGB888_dma2dwait	0	static
C:/Projects/STM32/Mini-Console-3-Firmware/Libs/BSP/Core_CM7/BSP_LCD.c:458:13:_ARGB4444_dma2dwait	0	static
C:/Projects/STM32/Mini-Console-3-Firmware/Libs/BSP/Core_CM7/BSP_LCD.c:842:17:_AL88_getpixel	0	static
C:/Projects/STM32/Mini-Console-3-Firmware/Libs/BSP/Core_CM7/BSP_LCD.c:507:17:_ARGB4444_getpixel	0	static
C:/Projects/STM32/Mini-Console-3-Firmware/Libs/BSP/Core_CM7/BSP_LCD.c:816:13:_AL88_updatepixel	0	static
C:/Projects/STM32/Mini-Console-3-Firmware/Libs/BSP/Core_CM7/BSP_LCD.c:464:13:_ARGB4444_updatepixel	0	static
C:/Projects/STM32/Mini-Console-3-Firmware/Libs/BSP/Core_CM7/BSP_LCD.c:893:13:_AL88_copybufblend	16	static
C:/Projects/STM32/Mini-Console-3-Firmware/Libs/BSP/Core_CM7/BSP_LCD.c:871:13:_AL88_fillbufblend	32	static
C:/Projects/STM32/Mini-Console-3-Firmware/Libs/BSP/Core_CM7/BSP_LCD.c:900:13:_AL88_copybufJPEG	48	static
C:/Projects/STM32/Mini-Console-3-Firmware/Libs/BSP/Core_CM7/BSP_LCD.c:1397:6:BSP_LCD_Init	96	static
C:/Projects/STM32/Mini-Console-3-Firmware/Libs/BSP/Core_CM7/BSP_LCD.c:1484:6:BSP_LCD_FrameReady	8	static
C:/Projects/STM32/Mini-Console-3-Firmware/Libs/BSP/Core_CM7/BSP_LCD.c:1507:9:BSP_LCD_GetEditPermission	0	static
C:/Projects/STM32/Mini-Console-3-Firmware/Libs/BSP/Core_CM7/BSP_LCD.c:1512:6:BSP_LCD_SetLayerAlpha	0	static
C:/Projects/STM32/Mini-Console-3-Firmware/Libs/BSP/Core_CM7/BSP_LCD.c:1523:9:BSP_LCD_GetLayerAlpha	0	static
C:/Projects/STM32/Mini-Console-3-Firmware/Libs/BSP/Core_CM7/BSP_LCD.c:1530:6:BSP_LCD_InitBackLight	16	static
C:/Projects/STM32/Mini-Console-3-Firmware/Libs/BSP/Core_CM7/BSP_LCD.c:1547:6:BSP_LCD_SetBackLight	0	static
C:/Projects/STM32/Mini-Console-3-Firmware/Libs/BSP/Core_CM7/BSP_LCD.c:1556:9:BSP_LCD_GetBackLight	8	static
C:/Projects/STM32/Mini-Console-3-Firmware/Libs/BSP/Core_CM7/BSP_LCD.c:1567:6:BSP_LCD_DecodeJPEG	16	static
C:/Projects/STM32/Mini-Console-3-Firmware/Libs/BSP/Core_CM7/BSP_LCD.c:1573:10:BSP_LCD_GetEditFrameAddr	0	static
C:/Projects/STM32/Mini-Console-3-Firmware/Libs/BSP/Core_CM7/BSP_LCD.c:1579:10:BSP_LCD_GetPrevFrameAddr	0	static
C:/Projects/STM32/Mini-Console-3-Firmware/Libs/BSP/Core_CM7/BSP_LCD.c:1584:10:BSP_LCD_GetColorMode	0	static
C:/Projects/STM32/Mini-Console-3-Firmware/Libs/BSP/Core_CM7/BSP_LCD.c:1588:9:BSP_LCD_GetBytesPerPixel	0	static
C:/Projects/STM32/Mini-Console-3-Firmware/Libs/BSP/Core_CM7/BSP_LCD.c:1592:10:BSP_LCD_GetFrameTime	0	static
C:/Projects/STM32/Mini-Console-3-Firmware/Libs/BSP/Core_CM7/BSP_LCD.c:1601:6:LTDC_IRQHandler	8	static
C:/Projects/STM32/Mini-Console-3-Firmware/Libs/BSP/Core_CM7/BSP_LCD.c:1658:6:DMA2D_IRQHandler	8	static
