C:/Projects/STM32/Mini-Console-3-Firmware/Libs/BSP/Core_CM7/BSP_LCD.c:39:24:_color_dist	32	static
C:/Projects/STM32/Mini-Console-3-Firmware/Libs/BSP/Core_CM7/BSP_LCD.c:70:17:_ARGB8888_color	16	static
C:/Projects/STM32/Mini-Console-3-Firmware/Libs/BSP/Core_CM7/BSP_LCD.c:76:17:_ARGB8888_alpha	16	static
C:/Projects/STM32/Mini-Console-3-Firmware/Libs/BSP/Core_CM7/BSP_LCD.c:82:13:_ARGB8888_dma2dwait	4	static
C:/Projects/STM32/Mini-Console-3-Firmware/Libs/BSP/Core_CM7/BSP_LCD.c:88:13:_ARGB8888_updatepixel	32	static
C:/Projects/STM32/Mini-Console-3-Firmware/Libs/BSP/Core_CM7/BSP_LCD.c:100:13:_ARGB8888_updatepixelblend	72	static
C:/Projects/STM32/Mini-Console-3-Firmware/Libs/BSP/Core_CM7/BSP_LCD.c:130:17:_ARGB8888_getpixel	24	static
C:/Projects/STM32/Mini-Console-3-Firmware/Libs/BSP/Core_CM7/BSP_LCD.c:142:13:_ARGB8888_fillbuf	48	static
C:/Projects/STM32/Mini-Console-3-Firmware/Libs/BSP/Core_CM7/BSP_LCD.c:156:13:_ARGB8888_fillbufblend	56	static
C:/Projects/STM32/Mini-Console-3-Firmware/Libs/BSP/Core_CM7/BSP_LCD.c:171:13:_ARGB8888_copybuf	48	static
C:/Projects/STM32/Mini-Console-3-Firmware/Libs/BSP/Core_CM7/BSP_LCD.c:185:13:_ARGB8888_copybufblend	56	static
C:/Projects/STM32/Mini-Console-3-Firmware/Libs/BSP/Core_CM7/BSP_LCD.c:199:13:_ARGB8888_copybufJPEG	72	static
C:/Projects/STM32/Mini-Console-3-Firmware/Libs/BSP/Core_CM7/BSP_LCD.c:238:17:_ARGB1555_color	32	static
C:/Projects/STM32/Mini-Console-3-Firmware/Libs/BSP/Core_CM7/BSP_LCD.c:248:17:_ARGB1555_alpha	24	static
C:/Projects/STM32/Mini-Console-3-Firmware/Libs/BSP/Core_CM7/BSP_LCD.c:256:13:_ARGB1555_dma2dwait	4	static
C:/Projects/STM32/Mini-Console-3-Firmware/Libs/BSP/Core_CM7/BSP_LCD.c:262:13:_ARGB1555_updatepixel	32	static
C:/Projects/STM32/Mini-Console-3-Firmware/Libs/BSP/Core_CM7/BSP_LCD.c:274:13:_ARGB1555_updatepixelblend	32	static
C:/Projects/STM32/Mini-Console-3-Firmware/Libs/BSP/Core_CM7/BSP_LCD.c:290:17:_ARGB1555_getpixel	24	static
C:/Projects/STM32/Mini-Console-3-Firmware/Libs/BSP/Core_CM7/BSP_LCD.c:302:13:_ARGB1555_fillbuf	48	static
C:/Projects/STM32/Mini-Console-3-Firmware/Libs/BSP/Core_CM7/BSP_LCD.c:316:13:_ARGB1555_fillbufblend	56	static
C:/Projects/STM32/Mini-Console-3-Firmware/Libs/BSP/Core_CM7/BSP_LCD.c:331:13:_ARGB1555_copybuf	48	static
C:/Projects/STM32/Mini-Console-3-Firmware/Libs/BSP/Core_CM7/BSP_LCD.c:345:13:_ARGB1555_copybufblend	56	static
C:/Projects/STM32/Mini-Console-3-Firmware/Libs/BSP/Core_CM7/BSP_LCD.c:359:13:_ARGB1555_copybufJPEG	72	static
C:/Projects/STM32/Mini-Console-3-Firmware/Libs/BSP/Core_CM7/BSP_LCD.c:399:17:_ARGB4444_color	40	static
C:/Projects/STM32/Mini-Console-3-Firmware/Libs/BSP/Core_CM7/BSP_LCD.c:410:17:_ARGB4444_alpha	24	static
C:/Projects/STM32/Mini-Console-3-Firmware/Libs/BSP/Core_CM7/BSP_LCD.c:418:13:_ARGB4444_dma2dwait	4	static
C:/Projects/STM32/Mini-Console-3-Firmware/Libs/BSP/Core_CM7/BSP_LCD.c:424:13:_ARGB4444_updatepixel	32	static
C:/Projects/STM32/Mini-Console-3-Firmware/Libs/BSP/Core_CM7/BSP_LCD.c:436:13:_ARGB4444_updatepixelblend	72	static
C:/Projects/STM32/Mini-Console-3-Firmware/Libs/BSP/Core_CM7/BSP_LCD.c:467:17:_ARGB4444_getpixel	24	static
C:/Projects/STM32/Mini-Console-3-Firmware/Libs/BSP/Core_CM7/BSP_LCD.c:479:13:_ARGB4444_fillbuf	48	static
C:/Projects/STM32/Mini-Console-3-Firmware/Libs/BSP/Core_CM7/BSP_LCD.c:493:13:_ARGB4444_fillbufblend	56	static
C:/Projects/STM32/Mini-Console-3-Firmware/Libs/BSP/Core_CM7/BSP_LCD.c:508:13:_ARGB4444_copybuf	48	static
C:/Projects/STM32/Mini-Console-3-Firmware/Libs/BSP/Core_CM7/BSP_LCD.c:522:13:_ARGB4444_copybufblend	56	static
C:/Projects/STM32/Mini-Console-3-Firmware/Libs/BSP/Core_CM7/BSP_LCD.c:536:13:_ARGB4444_copybufJPEG	72	static
C:/Projects/STM32/Mini-Console-3-Firmware/Libs/BSP/Core_CM7/BSP_LCD.c:577:17:_RGB888_color	16	static
C:/Projects/STM32/Mini-Console-3-Firmware/Libs/BSP/Core_CM7/BSP_LCD.c:583:17:_RGB888_alpha	16	static
C:/Projects/STM32/Mini-Console-3-Firmware/Libs/BSP/Core_CM7/BSP_LCD.c:589:13:_RGB888_dma2dwait	4	static
C:/Projects/STM32/Mini-Console-3-Firmware/Libs/BSP/Core_CM7/BSP_LCD.c:595:13:_RGB888_updatepixel	32	static
C:/Projects/STM32/Mini-Console-3-Firmware/Libs/BSP/Core_CM7/BSP_LCD.c:611:13:_RGB888_updatepixelblend	64	static
C:/Projects/STM32/Mini-Console-3-Firmware/Libs/BSP/Core_CM7/BSP_LCD.c:635:17:_RGB888_getpixel	24	static
C:/Projects/STM32/Mini-Console-3-Firmware/Libs/BSP/Core_CM7/BSP_LCD.c:649:13:_RGB888_fillbuf	48	static
C:/Projects/STM32/Mini-Console-3-Firmware/Libs/BSP/Core_CM7/BSP_LCD.c:663:13:_RGB888_fillbufblend	56	static
C:/Projects/STM32/Mini-Console-3-Firmware/Libs/BSP/Core_CM7/BSP_LCD.c:678:13:_RGB888_copybuf	48	static
C:/Projects/STM32/Mini-Console-3-Firmware/Libs/BSP/Core_CM7/BSP_LCD.c:692:13:_RGB888_copybufblend	56	static
C:/Projects/STM32/Mini-Console-3-Firmware/Libs/BSP/Core_CM7/BSP_LCD.c:706:13:_RGB888_copybufJPEG	72	static
C:/Projects/STM32/Mini-Console-3-Firmware/Libs/BSP/Core_CM7/BSP_LCD.c:746:17:_AL88_color	32	static
C:/Projects/STM32/Mini-Console-3-Firmware/Libs/BSP/Core_CM7/BSP_LCD.c:764:17:_AL88_alpha	16	static
C:/Projects/STM32/Mini-Console-3-Firmware/Libs/BSP/Core_CM7/BSP_LCD.c:770:13:_AL88_dma2dwait	4	static
C:/Projects/STM32/Mini-Console-3-Firmware/Libs/BSP/Core_CM7/BSP_LCD.c:776:13:_AL88_updatepixel	32	static
C:/Projects/STM32/Mini-Console-3-Firmware/Libs/BSP/Core_CM7/BSP_LCD.c:788:13:_AL88_updatepixelblend	32	static
C:/Projects/STM32/Mini-Console-3-Firmware/Libs/BSP/Core_CM7/BSP_LCD.c:802:17:_AL88_getpixel	24	static
C:/Projects/STM32/Mini-Console-3-Firmware/Libs/BSP/Core_CM7/BSP_LCD.c:814:13:_AL88_fillbuf	48	static
C:/Projects/STM32/Mini-Console-3-Firmware/Libs/BSP/Core_CM7/BSP_LCD.c:831:13:_AL88_fillbufblend	32	static
C:/Projects/STM32/Mini-Console-3-Firmware/Libs/BSP/Core_CM7/BSP_LCD.c:837:13:_AL88_copybuf	48	static
C:/Projects/STM32/Mini-Console-3-Firmware/Libs/BSP/Core_CM7/BSP_LCD.c:853:13:_AL88_copybufblend	40	static
C:/Projects/STM32/Mini-Console-3-Firmware/Libs/BSP/Core_CM7/BSP_LCD.c:860:13:_AL88_copybufJPEG	48	static
C:/Projects/STM32/Mini-Console-3-Firmware/Libs/BSP/Core_CM7/BSP_LCD.c:870:17:_L8_color	32	static
C:/Projects/STM32/Mini-Console-3-Firmware/Libs/BSP/Core_CM7/BSP_LCD.c:890:17:_L8_alpha	16	static
C:/Projects/STM32/Mini-Console-3-Firmware/Libs/BSP/Core_CM7/BSP_LCD.c:898:13:_L8_dma2dwait	4	static
C:/Projects/STM32/Mini-Console-3-Firmware/Libs/BSP/Core_CM7/BSP_LCD.c:904:13:_L8_updatepixel	32	static
C:/Projects/STM32/Mini-Console-3-Firmware/Libs/BSP/Core_CM7/BSP_LCD.c:916:13:_L8_updatepixelblend	32	static
C:/Projects/STM32/Mini-Console-3-Firmware/Libs/BSP/Core_CM7/BSP_LCD.c:930:17:_L8_getpixel	24	static
C:/Projects/STM32/Mini-Console-3-Firmware/Libs/BSP/Core_CM7/BSP_LCD.c:942:13:_L8_fillbuf	80	static
C:/Projects/STM32/Mini-Console-3-Firmware/Libs/BSP/Core_CM7/BSP_LCD.c:992:13:_L8_fillbufblend	32	static
C:/Projects/STM32/Mini-Console-3-Firmware/Libs/BSP/Core_CM7/BSP_LCD.c:998:13:_L8_copybuf	80	static
C:/Projects/STM32/Mini-Console-3-Firmware/Libs/BSP/Core_CM7/BSP_LCD.c:1052:13:_L8_copybufblend	40	static
C:/Projects/STM32/Mini-Console-3-Firmware/Libs/BSP/Core_CM7/BSP_LCD.c:1059:13:_L8_copybufJPEG	48	static
C:/Projects/STM32/Mini-Console-3-Firmware/Libs/BSP/Core_CM7/BSP_LCD.c:1072:13:_config_triplebuf	4	static
C:/Projects/STM32/Mini-Console-3-Firmware/Libs/BSP/Core_CM7/BSP_LCD.c:1087:13:_config_doublebuf	4	static
C:/Projects/STM32/Mini-Console-3-Firmware/Libs/BSP/Core_CM7/BSP_LCD.c:1102:13:_ARGB8888_config	4	static
C:/Projects/STM32/Mini-Console-3-Firmware/Libs/BSP/Core_CM7/BSP_LCD.c:1121:13:_ARGB8888_config_layer	56	static
C:/Projects/STM32/Mini-Console-3-Firmware/Libs/BSP/Core_CM7/BSP_LCD.c:1142:13:_ARGB1555_config	4	static
C:/Projects/STM32/Mini-Console-3-Firmware/Libs/BSP/Core_CM7/BSP_LCD.c:1161:13:_ARGB1555_config_layer	56	static
C:/Projects/STM32/Mini-Console-3-Firmware/Libs/BSP/Core_CM7/BSP_LCD.c:1183:13:_ARGB4444_config	4	static
C:/Projects/STM32/Mini-Console-3-Firmware/Libs/BSP/Core_CM7/BSP_LCD.c:1202:13:_ARGB4444_config_layer	56	static
C:/Projects/STM32/Mini-Console-3-Firmware/Libs/BSP/Core_CM7/BSP_LCD.c:1223:13:_RGB888_config	4	static
C:/Projects/STM32/Mini-Console-3-Firmware/Libs/BSP/Core_CM7/BSP_LCD.c:1242:13:_RGB888_config_layer	56	static
C:/Projects/STM32/Mini-Console-3-Firmware/Libs/BSP/Core_CM7/BSP_LCD.c:1266:13:_AL88_config	4	static
C:/Projects/STM32/Mini-Console-3-Firmware/Libs/BSP/Core_CM7/BSP_LCD.c:1285:13:_AL88_config_layer	64	static
C:/Projects/STM32/Mini-Console-3-Firmware/Libs/BSP/Core_CM7/BSP_LCD.c:1308:13:_L8_config	4	static
C:/Projects/STM32/Mini-Console-3-Firmware/Libs/BSP/Core_CM7/BSP_LCD.c:1327:13:_L8_config_layer	64	static
C:/Projects/STM32/Mini-Console-3-Firmware/Libs/BSP/Core_CM7/BSP_LCD.c:1357:6:BSP_LCD_Init	48	static
C:/Projects/STM32/Mini-Console-3-Firmware/Libs/BSP/Core_CM7/BSP_LCD.c:1446:6:BSP_LCD_FrameReady	24	static
C:/Projects/STM32/Mini-Console-3-Firmware/Libs/BSP/Core_CM7/BSP_LCD.c:1469:9:BSP_LCD_GetEditPermission	4	static
C:/Projects/STM32/Mini-Console-3-Firmware/Libs/BSP/Core_CM7/BSP_LCD.c:1474:6:BSP_LCD_SetLayerAlpha	24	static
C:/Projects/STM32/Mini-Console-3-Firmware/Libs/BSP/Core_CM7/BSP_LCD.c:1485:9:BSP_LCD_GetLayerAlpha	16	static
C:/Projects/STM32/Mini-Console-3-Firmware/Libs/BSP/Core_CM7/BSP_LCD.c:1492:6:BSP_LCD_InitBackLight	24	static
C:/Projects/STM32/Mini-Console-3-Firmware/Libs/BSP/Core_CM7/BSP_LCD.c:1509:6:BSP_LCD_SetBackLight	16	static
C:/Projects/STM32/Mini-Console-3-Firmware/Libs/BSP/Core_CM7/BSP_LCD.c:1518:9:BSP_LCD_GetBackLight	16	static
C:/Projects/STM32/Mini-Console-3-Firmware/Libs/BSP/Core_CM7/BSP_LCD.c:1529:6:BSP_LCD_DecodeJPEG	24	static
C:/Projects/STM32/Mini-Console-3-Firmware/Libs/BSP/Core_CM7/BSP_LCD.c:1535:10:BSP_LCD_GetEditFrameAddr	16	static
C:/Projects/STM32/Mini-Console-3-Firmware/Libs/BSP/Core_CM7/BSP_LCD.c:1541:10:BSP_LCD_GetPrevFrameAddr	16	static
C:/Projects/STM32/Mini-Console-3-Firmware/Libs/BSP/Core_CM7/BSP_LCD.c:1551:6:LTDC_IRQHandler	16	static
C:/Projects/STM32/Mini-Console-3-Firmware/Libs/BSP/Core_CM7/BSP_LCD.c:1608:6:DMA2D_IRQHandler	8	static
