C:/Projects/STM32/Mini-Console-3-Firmware/Libs/BSP/Core_CM7/BSP_STM32.c:19:9:BSP_STM32_MPU_Init	48	static
C:/Projects/STM32/Mini-Console-3-Firmware/Libs/BSP/Core_CM7/BSP_STM32.c:228:9:BSP_STM32_Init_SysClocks	64	static
C:/Projects/STM32/Mini-Console-3-Firmware/Libs/BSP/Core_CM7/BSP_STM32.c:277:9:BSP_STM32_Init_PeriphClocks	128	static
C:/Projects/STM32/Mini-Console-3-Firmware/Libs/BSP/Core_CM7/BSP_STM32.c:375:9:BSP_STM32_Init_NVIC	8	static
C:/Projects/STM32/Mini-Console-3-Firmware/Libs/BSP/Core_CM7/BSP_STM32.c:465:9:BSP_STM32_Init_GPIO	48	static
C:/Projects/STM32/Mini-Console-3-Firmware/Libs/BSP/Core_CM7/BSP_STM32.c:713:9:BSP_TickInit	8	static
C:/Projects/STM32/Mini-Console-3-Firmware/Libs/BSP/Core_CM7/BSP_STM32.c:729:6:BSP_IncTick	0	static
C:/Projects/STM32/Mini-Console-3-Firmware/Libs/BSP/Core_CM7/BSP_STM32.c:735:10:BSP_GetTick	0	static
C:/Projects/STM32/Mini-Console-3-Firmware/Libs/BSP/Core_CM7/BSP_STM32.c:740:6:BSP_Delay	0	static
C:/Projects/STM32/Mini-Console-3-Firmware/Libs/BSP/Core_CM7/BSP_STM32.c:759:6:EXTI15_10_IRQHandler	8	static
C:/Projects/STM32/Mini-Console-3-Firmware/Libs/BSP/Core_CM7/BSP_STM32.c:775:6:EXTI9_5_IRQHandler	8	static
