C:/Projects/STM32/Mini-Console-3-Firmware/Libs/BSP/Components/IS25LP128F.c:59:9:BSP_DRV_QSPI_Reset	16	static
C:/Projects/STM32/Mini-Console-3-Firmware/Libs/BSP/Components/IS25LP128F.c:90:9:BSP_DRV_QSPI_Init	24	static
C:/Projects/STM32/Mini-Console-3-Firmware/Libs/BSP/Components/IS25LP128F.c:185:9:BSP_DRV_QSPI_MemMappedEnable	8	static
C:/Projects/STM32/Mini-Console-3-Firmware/Libs/BSP/Components/IS25LP128F.c:206:9:BSP_DRV_QSPI_WriteBuf	32	static
C:/Projects/STM32/Mini-Console-3-Firmware/Libs/BSP/Components/IS25LP128F.c:253:9:BSP_DRV_QSPI_ReadBuf	24	static
C:/Projects/STM32/Mini-Console-3-Firmware/Libs/BSP/Components/IS25LP128F.c:273:9:BSP_DRV_QSPI_ReadUID	16	static
C:/Projects/STM32/Mini-Console-3-Firmware/Libs/BSP/Components/IS25LP128F.c:293:9:BSP_DRV_QSPI_ChipErase	16	static
C:/Projects/STM32/Mini-Console-3-Firmware/Libs/BSP/Components/IS25LP128F.c:317:9:BSP_DRV_QSPI_SectorErase	16	static
